../Core/drivers/menu.c:28:6:InitMenu	24	static
../Core/drivers/menu.c:50:6:executeMain	4	static
../Core/drivers/menu.c:56:6:executeButton	4	static
../Core/drivers/menu.c:62:6:executeScroll	4	static
../Core/drivers/menu.c:68:6:executeDisplay	4	static
../Core/drivers/menu.c:74:6:executeMode	4	static
../Core/drivers/menu.c:79:6:executeAll	8	static
../Core/drivers/menu.c:87:6:executePressed	8	static
../Core/drivers/menu.c:95:6:executeEagle	8	static
../Core/drivers/menu.c:103:6:executeKicad	8	static
../Core/drivers/menu.c:111:6:executePhotoshop	8	static
../Core/drivers/menu.c:119:6:executePremiere	8	static
../Core/drivers/menu.c:127:6:executeCustom1	8	static
../Core/drivers/menu.c:135:6:executeCustom2	8	static
../Core/drivers/menu.c:143:6:executeCustom3	8	static
../Core/drivers/menu.c:151:6:BuildMenu	24	static
../Core/drivers/menu.c:165:6:Up	16	static
../Core/drivers/menu.c:173:6:Down	16	static
../Core/drivers/menu.c:184:6:Next	16	static
../Core/drivers/menu.c:200:6:Prev	16	static
../Core/drivers/menu.c:208:6:MenuTransition	16	static
../Core/drivers/menu.c:258:6:drawMenuItem	16	static
../Core/drivers/menu.c:266:6:drawMenu	16	static
../Core/drivers/menu.c:296:6:setCursorPosition	4	static
../Core/drivers/menu.c:303:6:downMenuItem	16	static
../Core/drivers/menu.c:317:6:upMenuItem	16	static
../Core/drivers/menu.c:330:6:buttonControl	8	static
../Core/drivers/menu.c:339:6:encoderControl	8	static
../Core/drivers/menu.c:390:6:displayControl	4	static
../Core/drivers/menu.c:425:6:DisplaySaved	8	static
