../Core/drivers/menu.c:32:6:InitMenu	24	static
../Core/drivers/menu.c:54:6:executeMain	4	static
../Core/drivers/menu.c:60:6:executeButton	4	static
../Core/drivers/menu.c:66:6:executeScroll	4	static
../Core/drivers/menu.c:72:6:executeDisplay	4	static
../Core/drivers/menu.c:78:6:executeMode	4	static
../Core/drivers/menu.c:83:6:executeAll	8	static
../Core/drivers/menu.c:92:6:executePressed	8	static
../Core/drivers/menu.c:101:6:executeEagle	8	static
../Core/drivers/menu.c:110:6:executeKicad	8	static
../Core/drivers/menu.c:119:6:executePhotoshop	8	static
../Core/drivers/menu.c:128:6:executePremiere	8	static
../Core/drivers/menu.c:137:6:executeCustom1	8	static
../Core/drivers/menu.c:146:6:executeCustom2	8	static
../Core/drivers/menu.c:155:6:executeCustom3	8	static
../Core/drivers/menu.c:164:6:BuildMenu	24	static
../Core/drivers/menu.c:178:6:Up	16	static
../Core/drivers/menu.c:186:6:Down	16	static
../Core/drivers/menu.c:197:6:Next	16	static
../Core/drivers/menu.c:213:6:Prev	16	static
../Core/drivers/menu.c:221:6:MenuTransition	16	static
../Core/drivers/menu.c:271:6:drawMenuItem	16	static
../Core/drivers/menu.c:279:6:drawMenu	16	static
../Core/drivers/menu.c:309:6:setCursorPosition	4	static
../Core/drivers/menu.c:316:6:downMenuItem	16	static
../Core/drivers/menu.c:330:6:upMenuItem	16	static
../Core/drivers/menu.c:343:6:buttonControl	16	static
../Core/drivers/menu.c:358:6:encoderControl	8	static
../Core/drivers/menu.c:409:6:displayControl	8	static
../Core/drivers/menu.c:460:6:DisplayPressedButton	4	static
../Core/drivers/menu.c:469:6:DisplaySaved	8	static
../Core/drivers/menu.c:478:6:DisplayItem	24	static
