Archive member included to satisfy reference by file (symbol)

c:/st/stm32cubeide_1.10.1/stm32cubeide/plugins/com.st.stm32cube.ide.mcu.externaltools.gnu-tools-for-stm32.10.3-2021.10.win32_1.0.0.202111181127/tools/bin/../lib/gcc/arm-none-eabi/10.3.1/../../../../arm-none-eabi/lib/thumb/v7-m/nofp\libc_nano.a(lib_a-errno.o)
                              ./Core/Src/syscalls.o (__errno)
c:/st/stm32cubeide_1.10.1/stm32cubeide/plugins/com.st.stm32cube.ide.mcu.externaltools.gnu-tools-for-stm32.10.3-2021.10.win32_1.0.0.202111181127/tools/bin/../lib/gcc/arm-none-eabi/10.3.1/../../../../arm-none-eabi/lib/thumb/v7-m/nofp\libc_nano.a(lib_a-exit.o)
                              c:/st/stm32cubeide_1.10.1/stm32cubeide/plugins/com.st.stm32cube.ide.mcu.externaltools.gnu-tools-for-stm32.10.3-2021.10.win32_1.0.0.202111181127/tools/bin/../lib/gcc/arm-none-eabi/10.3.1/../../../../arm-none-eabi/lib/thumb/v7-m/nofp/crt0.o (exit)
c:/st/stm32cubeide_1.10.1/stm32cubeide/plugins/com.st.stm32cube.ide.mcu.externaltools.gnu-tools-for-stm32.10.3-2021.10.win32_1.0.0.202111181127/tools/bin/../lib/gcc/arm-none-eabi/10.3.1/../../../../arm-none-eabi/lib/thumb/v7-m/nofp\libc_nano.a(lib_a-impure.o)
                              c:/st/stm32cubeide_1.10.1/stm32cubeide/plugins/com.st.stm32cube.ide.mcu.externaltools.gnu-tools-for-stm32.10.3-2021.10.win32_1.0.0.202111181127/tools/bin/../lib/gcc/arm-none-eabi/10.3.1/../../../../arm-none-eabi/lib/thumb/v7-m/nofp\libc_nano.a(lib_a-exit.o) (_global_impure_ptr)
c:/st/stm32cubeide_1.10.1/stm32cubeide/plugins/com.st.stm32cube.ide.mcu.externaltools.gnu-tools-for-stm32.10.3-2021.10.win32_1.0.0.202111181127/tools/bin/../lib/gcc/arm-none-eabi/10.3.1/../../../../arm-none-eabi/lib/thumb/v7-m/nofp\libc_nano.a(lib_a-init.o)
                              c:/st/stm32cubeide_1.10.1/stm32cubeide/plugins/com.st.stm32cube.ide.mcu.externaltools.gnu-tools-for-stm32.10.3-2021.10.win32_1.0.0.202111181127/tools/bin/../lib/gcc/arm-none-eabi/10.3.1/../../../../arm-none-eabi/lib/thumb/v7-m/nofp/crt0.o (__libc_init_array)
c:/st/stm32cubeide_1.10.1/stm32cubeide/plugins/com.st.stm32cube.ide.mcu.externaltools.gnu-tools-for-stm32.10.3-2021.10.win32_1.0.0.202111181127/tools/bin/../lib/gcc/arm-none-eabi/10.3.1/../../../../arm-none-eabi/lib/thumb/v7-m/nofp\libc_nano.a(lib_a-memset.o)
                              c:/st/stm32cubeide_1.10.1/stm32cubeide/plugins/com.st.stm32cube.ide.mcu.externaltools.gnu-tools-for-stm32.10.3-2021.10.win32_1.0.0.202111181127/tools/bin/../lib/gcc/arm-none-eabi/10.3.1/../../../../arm-none-eabi/lib/thumb/v7-m/nofp/crt0.o (memset)
c:/st/stm32cubeide_1.10.1/stm32cubeide/plugins/com.st.stm32cube.ide.mcu.externaltools.gnu-tools-for-stm32.10.3-2021.10.win32_1.0.0.202111181127/tools/bin/../lib/gcc/arm-none-eabi/10.3.1/../../../../arm-none-eabi/lib/thumb/v7-m/nofp\libc_nano.a(lib_a-strcpy.o)
                              ./Core/drivers/menu.o (strcpy)

Allocating common symbols
Common symbol       size              file

hUsbDeviceFS        0x2c4             ./USB_DEVICE/App/usb_device.o
rotary1Counter      0x1               ./Core/Src/main.o
hi2c1               0x54              ./Core/Src/main.o
currentM            0x4               ./Core/Src/main.o
uwTick              0x4               ./Drivers/STM32F1xx_HAL_Driver/Src/stm32f1xx_hal.o
Button              0x1               ./Core/Src/main.o
pFlash              0x20              ./Drivers/STM32F1xx_HAL_Driver/Src/stm32f1xx_hal_flash.o
rotary2Counter      0x1               ./Core/Src/main.o
scrollM             0x6c              ./Core/Src/main.o
cursorPosition      0x1               ./Core/Src/main.o
buttonM             0x6c              ./Core/Src/main.o
last_debounce_time  0x4               ./Core/Src/main.o
displayM            0x6c              ./Core/Src/main.o
mainM               0x6c              ./Core/Src/main.o
hpcd_USB_FS         0x2ec             ./USB_DEVICE/Target/usbd_conf.o
USBD_StrDesc        0x200             ./USB_DEVICE/App/usbd_desc.o
modeM               0x6c              ./Core/Src/main.o
bottomMenuPosition  0x1               ./Core/Src/main.o
topMenuPosition     0x1               ./Core/Src/main.o

Discarded input sections

 .text          0x0000000000000000        0x0 c:/st/stm32cubeide_1.10.1/stm32cubeide/plugins/com.st.stm32cube.ide.mcu.externaltools.gnu-tools-for-stm32.10.3-2021.10.win32_1.0.0.202111181127/tools/bin/../lib/gcc/arm-none-eabi/10.3.1/thumb/v7-m/nofp/crti.o
 .data          0x0000000000000000        0x0 c:/st/stm32cubeide_1.10.1/stm32cubeide/plugins/com.st.stm32cube.ide.mcu.externaltools.gnu-tools-for-stm32.10.3-2021.10.win32_1.0.0.202111181127/tools/bin/../lib/gcc/arm-none-eabi/10.3.1/thumb/v7-m/nofp/crti.o
 .bss           0x0000000000000000        0x0 c:/st/stm32cubeide_1.10.1/stm32cubeide/plugins/com.st.stm32cube.ide.mcu.externaltools.gnu-tools-for-stm32.10.3-2021.10.win32_1.0.0.202111181127/tools/bin/../lib/gcc/arm-none-eabi/10.3.1/thumb/v7-m/nofp/crti.o
[...]
Memory Configuration

Name             Origin             Length             Attributes
RAM              0x0000000020000000 0x0000000000005000 xrw
FLASH            0x0000000008000000 0x0000000000010000 xr
*default*        0x0000000000000000 0xffffffffffffffff

Linker script and memory map

LOAD c:/st/stm32cubeide_1.10.1/stm32cubeide/plugins/com.st.stm32cube.ide.mcu.externaltools.gnu-tools-for-stm32.10.3-2021.10.win32_1.0.0.202111181127/tools/bin/../lib/gcc/arm-none-eabi/10.3.1/thumb/v7-m/nofp/crti.o
LOAD c:/st/stm32cubeide_1.10.1/stm32cubeide/plugins/com.st.stm32cube.ide.mcu.externaltools.gnu-tools-for-stm32.10.3-2021.10.win32_1.0.0.202111181127/tools/bin/../lib/gcc/arm-none-eabi/10.3.1/thumb/v7-m/nofp/crtbegin.o
LOAD c:/st/stm32cubeide_1.10.1/stm32cubeide/plugins/com.st.stm32cube.ide.mcu.externaltools.gnu-tools-for-stm32.10.3-2021.10.win32_1.0.0.202111181127/tools/bin/../lib/gcc/arm-none-eabi/10.3.1/../../../../arm-none-eabi/lib/thumb/v7-m/nofp/crt0.o
LOAD ./Core/Src/main.o
LOAD ./Core/Src/stm32f1xx_hal_msp.o
LOAD ./Core/Src/stm32f1xx_it.o
LOAD ./Core/Src/syscalls.o
LOAD ./Core/Src/sysmem.o
LOAD ./Core/Src/system_stm32f1xx.o
LOAD ./Core/Startup/startup_stm32f103c8tx.o
LOAD ./Core/drivers/fonts.o
LOAD ./Core/drivers/keyboard.o
LOAD ./Core/drivers/logo.o
LOAD ./Core/drivers/menu.o
LOAD ./Core/drivers/ssd1306.o
LOAD ./Drivers/STM32F1xx_HAL_Driver/Src/stm32f1xx_hal.o
LOAD ./Drivers/STM32F1xx_HAL_Driver/Src/stm32f1xx_hal_cortex.o
LOAD ./Drivers/STM32F1xx_HAL_Driver/Src/stm32f1xx_hal_dma.o
LOAD ./Drivers/STM32F1xx_HAL_Driver/Src/stm32f1xx_hal_exti.o
LOAD ./Drivers/STM32F1xx_HAL_Driver/Src/stm32f1xx_hal_flash.o
LOAD ./Drivers/STM32F1xx_HAL_Driver/Src/stm32f1xx_hal_flash_ex.o
LOAD ./Drivers/STM32F1xx_HAL_Driver/Src/stm32f1xx_hal_gpio.o
LOAD ./Drivers/STM32F1xx_HAL_Driver/Src/stm32f1xx_hal_gpio_ex.o
LOAD ./Drivers/STM32F1xx_HAL_Driver/Src/stm32f1xx_hal_i2c.o
LOAD ./Drivers/STM32F1xx_HAL_Driver/Src/stm32f1xx_hal_pcd.o
LOAD ./Drivers/STM32F1xx_HAL_Driver/Src/stm32f1xx_hal_pcd_ex.o
LOAD ./Drivers/STM32F1xx_HAL_Driver/Src/stm32f1xx_hal_pwr.o
LOAD ./Drivers/STM32F1xx_HAL_Driver/Src/stm32f1xx_hal_rcc.o
LOAD ./Drivers/STM32F1xx_HAL_Driver/Src/stm32f1xx_hal_rcc_ex.o
LOAD ./Drivers/STM32F1xx_HAL_Driver/Src/stm32f1xx_hal_tim.o
LOAD ./Drivers/STM32F1xx_HAL_Driver/Src/stm32f1xx_hal_tim_ex.o
LOAD ./Drivers/STM32F1xx_HAL_Driver/Src/stm32f1xx_ll_usb.o
LOAD ./Middlewares/ST/STM32_USB_Device_Library/Class/HID/Src/usbd_hid.o
LOAD ./Middlewares/ST/STM32_USB_Device_Library/Core/Src/usbd_core.o
LOAD ./Middlewares/ST/STM32_USB_Device_Library/Core/Src/usbd_ctlreq.o
LOAD ./Middlewares/ST/STM32_USB_Device_Library/Core/Src/usbd_ioreq.o
LOAD ./USB_DEVICE/App/usb_device.o
LOAD ./USB_DEVICE/App/usbd_desc.o
LOAD ./USB_DEVICE/Target/usbd_conf.o
START GROUP
LOAD c:/st/stm32cubeide_1.10.1/stm32cubeide/plugins/com.st.stm32cube.ide.mcu.externaltools.gnu-tools-for-stm32.10.3-2021.10.win32_1.0.0.202111181127/tools/bin/../lib/gcc/arm-none-eabi/10.3.1/../../../../arm-none-eabi/lib/thumb/v7-m/nofp\libc_nano.a
LOAD c:/st/stm32cubeide_1.10.1/stm32cubeide/plugins/com.st.stm32cube.ide.mcu.externaltools.gnu-tools-for-stm32.10.3-2021.10.win32_1.0.0.202111181127/tools/bin/../lib/gcc/arm-none-eabi/10.3.1/../../../../arm-none-eabi/lib/thumb/v7-m/nofp\libm.a
END GROUP
START GROUP
LOAD c:/st/stm32cubeide_1.10.1/stm32cubeide/plugins/com.st.stm32cube.ide.mcu.externaltools.gnu-tools-for-stm32.10.3-2021.10.win32_1.0.0.202111181127/tools/bin/../lib/gcc/arm-none-eabi/10.3.1/thumb/v7-m/nofp\libgcc.a
LOAD c:/st/stm32cubeide_1.10.1/stm32cubeide/plugins/com.st.stm32cube.ide.mcu.externaltools.gnu-tools-for-stm32.10.3-2021.10.win32_1.0.0.202111181127/tools/bin/../lib/gcc/arm-none-eabi/10.3.1/../../../../arm-none-eabi/lib/thumb/v7-m/nofp\libc_nano.a
END GROUP
START GROUP
LOAD c:/st/stm32cubeide_1.10.1/stm32cubeide/plugins/com.st.stm32cube.ide.mcu.externaltools.gnu-tools-for-stm32.10.3-2021.10.win32_1.0.0.202111181127/tools/bin/../lib/gcc/arm-none-eabi/10.3.1/thumb/v7-m/nofp\libgcc.a
LOAD c:/st/stm32cubeide_1.10.1/stm32cubeide/plugins/com.st.stm32cube.ide.mcu.externaltools.gnu-tools-for-stm32.10.3-2021.10.win32_1.0.0.202111181127/tools/bin/../lib/gcc/arm-none-eabi/10.3.1/../../../../arm-none-eabi/lib/thumb/v7-m/nofp\libc_nano.a
LOAD c:/st/stm32cubeide_1.10.1/stm32cubeide/plugins/com.st.stm32cube.ide.mcu.externaltools.gnu-tools-for-stm32.10.3-2021.10.win32_1.0.0.202111181127/tools/bin/../lib/gcc/arm-none-eabi/10.3.1/../../../../arm-none-eabi/lib/thumb/v7-m/nofp\libnosys.a
END GROUP
START GROUP
LOAD c:/st/stm32cubeide_1.10.1/stm32cubeide/plugins/com.st.stm32cube.ide.mcu.externaltools.gnu-tools-for-stm32.10.3-2021.10.win32_1.0.0.202111181127/tools/bin/../lib/gcc/arm-none-eabi/10.3.1/thumb/v7-m/nofp\libgcc.a
LOAD c:/st/stm32cubeide_1.10.1/stm32cubeide/plugins/com.st.stm32cube.ide.mcu.externaltools.gnu-tools-for-stm32.10.3-2021.10.win32_1.0.0.202111181127/tools/bin/../lib/gcc/arm-none-eabi/10.3.1/../../../../arm-none-eabi/lib/thumb/v7-m/nofp\libc_nano.a
LOAD c:/st/stm32cubeide_1.10.1/stm32cubeide/plugins/com.st.stm32cube.ide.mcu.externaltools.gnu-tools-for-stm32.10.3-2021.10.win32_1.0.0.202111181127/tools/bin/../lib/gcc/arm-none-eabi/10.3.1/../../../../arm-none-eabi/lib/thumb/v7-m/nofp\libnosys.a
END GROUP
LOAD c:/st/stm32cubeide_1.10.1/stm32cubeide/plugins/com.st.stm32cube.ide.mcu.externaltools.gnu-tools-for-stm32.10.3-2021.10.win32_1.0.0.202111181127/tools/bin/../lib/gcc/arm-none-eabi/10.3.1/thumb/v7-m/nofp/crtend.o
LOAD c:/st/stm32cubeide_1.10.1/stm32cubeide/plugins/com.st.stm32cube.ide.mcu.externaltools.gnu-tools-for-stm32.10.3-2021.10.win32_1.0.0.202111181127/tools/bin/../lib/gcc/arm-none-eabi/10.3.1/thumb/v7-m/nofp/crtn.o
                0x0000000020005000                _estack = (ORIGIN (RAM) + LENGTH (RAM))
                0x0000000000000200                _Min_Heap_Size = 0x200
                0x0000000000000400                _Min_Stack_Size = 0x400

.isr_vector     0x0000000008000000      0x10c
                0x0000000008000000                . = ALIGN (0x4)
 *(.isr_vector)
 .isr_vector    0x0000000008000000      0x10c ./Core/Startup/startup_stm32f103c8tx.o
                0x0000000008000000                g_pfnVectors
                0x000000000800010c                . = ALIGN (0x4)

.text           0x000000000800010c     0x8620
                0x000000000800010c                . = ALIGN (0x4)
 *(.text)
 .text          0x000000000800010c       0x40 c:/st/stm32cubeide_1.10.1/stm32cubeide/plugins/com.st.stm32cube.ide.mcu.externaltools.gnu-tools-for-stm32.10.3-2021.10.win32_1.0.0.202111181127/tools/bin/../lib/gcc/arm-none-eabi/10.3.1/thumb/v7-m/nofp/crtbegin.o
 *(.text*)
 .text.main     0x000000000800014c       0x30 ./Core/Src/main.o
                0x000000000800014c                main
 .text.SystemClock_Config
                0x000000000800017c       0xb6 ./Core/Src/main.o
                0x000000000800017c                SystemClock_Config
 *fill*         0x0000000008000232        0x2 
 .text.MX_I2C1_Init
                0x0000000008000234       0x5c ./Core/Src/main.o
 .text.MX_GPIO_Init
                0x0000000008000290      0x130 ./Core/Src/main.o
 .text.systemInit
                0x00000000080003c0       0x78 ./Core/Src/main.o
                0x00000000080003c0                systemInit
 .text.HAL_GPIO_EXTI_Callback
                0x0000000008000438       0xa8 ./Core/Src/main.o
                0x0000000008000438                HAL_GPIO_EXTI_Callback
 .text.Error_Handler
                0x00000000080004e0        0xa ./Core/Src/main.o
                0x00000000080004e0                Error_Handler
 *fill*         0x00000000080004ea        0x2 
 .text.HAL_MspInit
                0x00000000080004ec       0x64 ./Core/Src/stm32f1xx_hal_msp.o
                0x00000000080004ec                HAL_MspInit
 .text.HAL_I2C_MspInit
                0x0000000008000550       0xa0 ./Core/Src/stm32f1xx_hal_msp.o
                0x0000000008000550                HAL_I2C_MspInit
 .text.NMI_Handler
                0x00000000080005f0        0x6 ./Core/Src/stm32f1xx_it.o
                0x00000000080005f0                NMI_Handler
 .text.HardFault_Handler
                0x00000000080005f6        0x6 ./Core/Src/stm32f1xx_it.o
                0x00000000080005f6                HardFault_Handler
 .text.MemManage_Handler
                0x00000000080005fc        0x6 ./Core/Src/stm32f1xx_it.o
                0x00000000080005fc                MemManage_Handler
 .text.BusFault_Handler
                0x0000000008000602        0x6 ./Core/Src/stm32f1xx_it.o
                0x0000000008000602                BusFault_Handler
 .text.UsageFault_Handler
                0x0000000008000608        0x6 ./Core/Src/stm32f1xx_it.o
                0x0000000008000608                UsageFault_Handler
 .text.SVC_Handler
                0x000000000800060e        0xc ./Core/Src/stm32f1xx_it.o
                0x000000000800060e                SVC_Handler
 .text.DebugMon_Handler
                0x000000000800061a        0xc ./Core/Src/stm32f1xx_it.o
                0x000000000800061a                DebugMon_Handler
 .text.PendSV_Handler
                0x0000000008000626        0xc ./Core/Src/stm32f1xx_it.o
                0x0000000008000626                PendSV_Handler
 .text.SysTick_Handler
                0x0000000008000632        0xc ./Core/Src/stm32f1xx_it.o
                0x0000000008000632                SysTick_Handler
 *fill*         0x000000000800063e        0x2 
 .text.USB_LP_CAN1_RX0_IRQHandler
                0x0000000008000640       0x14 ./Core/Src/stm32f1xx_it.o
                0x0000000008000640                USB_LP_CAN1_RX0_IRQHandler
 .text.EXTI9_5_IRQHandler
                0x0000000008000654       0x10 ./Core/Src/stm32f1xx_it.o
                0x0000000008000654                EXTI9_5_IRQHandler
 .text.EXTI15_10_IRQHandler
                0x0000000008000664       0x20 ./Core/Src/stm32f1xx_it.o
                0x0000000008000664                EXTI15_10_IRQHandler
 .text.SystemInit
                0x0000000008000684        0xc ./Core/Src/system_stm32f1xx.o
                0x0000000008000684                SystemInit
 .text.Reset_Handler
                0x0000000008000690       0x48 ./Core/Startup/startup_stm32f103c8tx.o
                0x0000000008000690                Reset_Handler
 .text.Default_Handler
                0x00000000080006d8        0x2 ./Core/Startup/startup_stm32f103c8tx.o
                0x00000000080006d8                RTC_Alarm_IRQHandler
                0x00000000080006d8                EXTI2_IRQHandler
                0x00000000080006d8                TIM1_CC_IRQHandler
                0x00000000080006d8                PVD_IRQHandler
                0x00000000080006d8                EXTI3_IRQHandler
                0x00000000080006d8                EXTI0_IRQHandler
                0x00000000080006d8                I2C2_EV_IRQHandler
                0x00000000080006d8                ADC1_2_IRQHandler
                0x00000000080006d8                SPI1_IRQHandler
                0x00000000080006d8                TAMPER_IRQHandler
                0x00000000080006d8                DMA1_Channel4_IRQHandler
                0x00000000080006d8                USART3_IRQHandler
                0x00000000080006d8                RTC_IRQHandler
                0x00000000080006d8                DMA1_Channel7_IRQHandler
                0x00000000080006d8                CAN1_RX1_IRQHandler
                0x00000000080006d8                TIM4_IRQHandler
                0x00000000080006d8                I2C1_EV_IRQHandler
                0x00000000080006d8                DMA1_Channel6_IRQHandler
                0x00000000080006d8                TIM3_IRQHandler
                0x00000000080006d8                RCC_IRQHandler
                0x00000000080006d8                TIM1_TRG_COM_IRQHandler
                0x00000000080006d8                DMA1_Channel1_IRQHandler
                0x00000000080006d8                Default_Handler
                0x00000000080006d8                SPI2_IRQHandler
                0x00000000080006d8                DMA1_Channel5_IRQHandler
                0x00000000080006d8                EXTI4_IRQHandler
                0x00000000080006d8                USB_HP_CAN1_TX_IRQHandler
                0x00000000080006d8                DMA1_Channel3_IRQHandler
                0x00000000080006d8                TIM1_UP_IRQHandler
                0x00000000080006d8                WWDG_IRQHandler
                0x00000000080006d8                TIM2_IRQHandler
                0x00000000080006d8                TIM1_BRK_IRQHandler
                0x00000000080006d8                EXTI1_IRQHandler
                0x00000000080006d8                USART2_IRQHandler
                0x00000000080006d8                I2C2_ER_IRQHandler
                0x00000000080006d8                DMA1_Channel2_IRQHandler
                0x00000000080006d8                CAN1_SCE_IRQHandler
                0x00000000080006d8                FLASH_IRQHandler
                0x00000000080006d8                USART1_IRQHandler
                0x00000000080006d8                I2C1_ER_IRQHandler
                0x00000000080006d8                USBWakeUp_IRQHandler
 *fill*         0x00000000080006da        0x2 
 .text.rowread  0x00000000080006dc       0x34 ./Core/drivers/keyboard.o
                0x00000000080006dc                rowread
 .text.setcolumn
                0x0000000008000710       0x80 ./Core/drivers/keyboard.o
                0x0000000008000710                setcolumn
 .text.resetcolumn
                0x0000000008000790       0x34 ./Core/drivers/keyboard.o
                0x0000000008000790                resetcolumn
 .text.scan     0x00000000080007c4       0x90 ./Core/drivers/keyboard.o
                0x00000000080007c4                scan
 .text.InitMenu
                0x0000000008000854      0x104 ./Core/drivers/menu.o
                0x0000000008000854                InitMenu
 .text.executeMain
                0x0000000008000958        0xc ./Core/drivers/menu.o
                0x0000000008000958                executeMain
 .text.executeButton
                0x0000000008000964        0xc ./Core/drivers/menu.o
                0x0000000008000964                executeButton
 .text.executeScroll
                0x0000000008000970        0xc ./Core/drivers/menu.o
                0x0000000008000970                executeScroll
 .text.executeDisplay
                0x000000000800097c        0xc ./Core/drivers/menu.o
                0x000000000800097c                executeDisplay
 .text.executeMode
                0x0000000008000988        0xc ./Core/drivers/menu.o
                0x0000000008000988                executeMode
 .text.BuildMenu
                0x0000000008000994       0x80 ./Core/drivers/menu.o
                0x0000000008000994                BuildMenu
 .text.ssd1306_WriteCommand
                0x0000000008000a14       0x2e ./Core/drivers/ssd1306.o
 *fill*         0x0000000008000a42        0x2 
 .text.ssd1306_Init
                0x0000000008000a44      0x240 ./Core/drivers/ssd1306.o
                0x0000000008000a44                ssd1306_Init
 .text.ssd1306_Fill
                0x0000000008000c84       0x44 ./Core/drivers/ssd1306.o
                0x0000000008000c84                ssd1306_Fill
 .text.ssd1306_UpdateScreen
                0x0000000008000cc8       0x6c ./Core/drivers/ssd1306.o
                0x0000000008000cc8                ssd1306_UpdateScreen
 .text.HAL_Init
                0x0000000008000d34       0x2c ./Drivers/STM32F1xx_HAL_Driver/Src/stm32f1xx_hal.o
                0x0000000008000d34                HAL_Init
 .text.HAL_InitTick
                0x0000000008000d60       0x60 ./Drivers/STM32F1xx_HAL_Driver/Src/stm32f1xx_hal.o
                0x0000000008000d60                HAL_InitTick
 .text.HAL_IncTick
                0x0000000008000dc0       0x24 ./Drivers/STM32F1xx_HAL_Driver/Src/stm32f1xx_hal.o
                0x0000000008000dc0                HAL_IncTick
 .text.HAL_GetTick
                0x0000000008000de4       0x14 ./Drivers/STM32F1xx_HAL_Driver/Src/stm32f1xx_hal.o
                0x0000000008000de4                HAL_GetTick
 .text.HAL_Delay
                0x0000000008000df8       0x48 ./Drivers/STM32F1xx_HAL_Driver/Src/stm32f1xx_hal.o
                0x0000000008000df8                HAL_Delay
 .text.__NVIC_SetPriorityGrouping
                0x0000000008000e40       0x48 ./Drivers/STM32F1xx_HAL_Driver/Src/stm32f1xx_hal_cortex.o
 .text.__NVIC_GetPriorityGrouping
                0x0000000008000e88       0x1c ./Drivers/STM32F1xx_HAL_Driver/Src/stm32f1xx_hal_cortex.o
 .text.__NVIC_EnableIRQ
                0x0000000008000ea4       0x38 ./Drivers/STM32F1xx_HAL_Driver/Src/stm32f1xx_hal_cortex.o
 .text.__NVIC_SetPriority
                0x0000000008000edc       0x54 ./Drivers/STM32F1xx_HAL_Driver/Src/stm32f1xx_hal_cortex.o
 .text.NVIC_EncodePriority
                0x0000000008000f30       0x64 ./Drivers/STM32F1xx_HAL_Driver/Src/stm32f1xx_hal_cortex.o
 .text.SysTick_Config
                0x0000000008000f94       0x44 ./Drivers/STM32F1xx_HAL_Driver/Src/stm32f1xx_hal_cortex.o
 .text.HAL_NVIC_SetPriorityGrouping
                0x0000000008000fd8       0x16 ./Drivers/STM32F1xx_HAL_Driver/Src/stm32f1xx_hal_cortex.o
                0x0000000008000fd8                HAL_NVIC_SetPriorityGrouping
 .text.HAL_NVIC_SetPriority
                0x0000000008000fee       0x38 ./Drivers/STM32F1xx_HAL_Driver/Src/stm32f1xx_hal_cortex.o
                0x0000000008000fee                HAL_NVIC_SetPriority
 .text.HAL_NVIC_EnableIRQ
                0x0000000008001026       0x1c ./Drivers/STM32F1xx_HAL_Driver/Src/stm32f1xx_hal_cortex.o
                0x0000000008001026                HAL_NVIC_EnableIRQ
 .text.HAL_SYSTICK_Config
                0x0000000008001042       0x18 ./Drivers/STM32F1xx_HAL_Driver/Src/stm32f1xx_hal_cortex.o
                0x0000000008001042                HAL_SYSTICK_Config
 *fill*         0x000000000800105a        0x2 
 .text.HAL_GPIO_Init
                0x000000000800105c      0x308 ./Drivers/STM32F1xx_HAL_Driver/Src/stm32f1xx_hal_gpio.o
                0x000000000800105c                HAL_GPIO_Init
 .text.HAL_GPIO_ReadPin
                0x0000000008001364       0x2e ./Drivers/STM32F1xx_HAL_Driver/Src/stm32f1xx_hal_gpio.o
                0x0000000008001364                HAL_GPIO_ReadPin
 .text.HAL_GPIO_WritePin
                0x0000000008001392       0x30 ./Drivers/STM32F1xx_HAL_Driver/Src/stm32f1xx_hal_gpio.o
                0x0000000008001392                HAL_GPIO_WritePin
 *fill*         0x00000000080013c2        0x2 
 .text.HAL_GPIO_EXTI_IRQHandler
                0x00000000080013c4       0x30 ./Drivers/STM32F1xx_HAL_Driver/Src/stm32f1xx_hal_gpio.o
                0x00000000080013c4                HAL_GPIO_EXTI_IRQHandler
 .text.HAL_I2C_Init
                0x00000000080013f4      0x288 ./Drivers/STM32F1xx_HAL_Driver/Src/stm32f1xx_hal_i2c.o
                0x00000000080013f4                HAL_I2C_Init
 .text.HAL_I2C_Mem_Write
                0x000000000800167c      0x1f4 ./Drivers/STM32F1xx_HAL_Driver/Src/stm32f1xx_hal_i2c.o
                0x000000000800167c                HAL_I2C_Mem_Write
 .text.I2C_RequestMemoryWrite
                0x0000000008001870      0x12c ./Drivers/STM32F1xx_HAL_Driver/Src/stm32f1xx_hal_i2c.o
 .text.I2C_WaitOnFlagUntilTimeout
                0x000000000800199c       0xae ./Drivers/STM32F1xx_HAL_Driver/Src/stm32f1xx_hal_i2c.o
 .text.I2C_WaitOnMasterAddressFlagUntilTimeout
                0x0000000008001a4a       0xfe ./Drivers/STM32F1xx_HAL_Driver/Src/stm32f1xx_hal_i2c.o
 .text.I2C_WaitOnTXEFlagUntilTimeout
                0x0000000008001b48       0x82 ./Drivers/STM32F1xx_HAL_Driver/Src/stm32f1xx_hal_i2c.o
 .text.I2C_WaitOnBTFFlagUntilTimeout
                0x0000000008001bca       0x82 ./Drivers/STM32F1xx_HAL_Driver/Src/stm32f1xx_hal_i2c.o
 .text.I2C_IsAcknowledgeFailed
                0x0000000008001c4c       0x5c ./Drivers/STM32F1xx_HAL_Driver/Src/stm32f1xx_hal_i2c.o
 .text.HAL_PCD_Init
                0x0000000008001ca8      0x216 ./Drivers/STM32F1xx_HAL_Driver/Src/stm32f1xx_hal_pcd.o
                0x0000000008001ca8                HAL_PCD_Init
 .text.HAL_PCD_Start
                0x0000000008001ebe       0x4c ./Drivers/STM32F1xx_HAL_Driver/Src/stm32f1xx_hal_pcd.o
                0x0000000008001ebe                HAL_PCD_Start
 .text.HAL_PCD_IRQHandler
                0x0000000008001f0a      0x2a6 ./Drivers/STM32F1xx_HAL_Driver/Src/stm32f1xx_hal_pcd.o
                0x0000000008001f0a                HAL_PCD_IRQHandler
 .text.HAL_PCD_SetAddress
                0x00000000080021b0       0x4a ./Drivers/STM32F1xx_HAL_Driver/Src/stm32f1xx_hal_pcd.o
                0x00000000080021b0                HAL_PCD_SetAddress
 .text.HAL_PCD_EP_Open
                0x00000000080021fa       0xcc ./Drivers/STM32F1xx_HAL_Driver/Src/stm32f1xx_hal_pcd.o
                0x00000000080021fa                HAL_PCD_EP_Open
 .text.HAL_PCD_EP_Close
                0x00000000080022c6       0x90 ./Drivers/STM32F1xx_HAL_Driver/Src/stm32f1xx_hal_pcd.o
                0x00000000080022c6                HAL_PCD_EP_Close
 .text.HAL_PCD_EP_Receive
                0x0000000008002356       0x7a ./Drivers/STM32F1xx_HAL_Driver/Src/stm32f1xx_hal_pcd.o
                0x0000000008002356                HAL_PCD_EP_Receive
 .text.HAL_PCD_EP_Transmit
                0x00000000080023d0       0x86 ./Drivers/STM32F1xx_HAL_Driver/Src/stm32f1xx_hal_pcd.o
                0x00000000080023d0                HAL_PCD_EP_Transmit
 .text.HAL_PCD_EP_SetStall
                0x0000000008002456       0xc0 ./Drivers/STM32F1xx_HAL_Driver/Src/stm32f1xx_hal_pcd.o
                0x0000000008002456                HAL_PCD_EP_SetStall
 .text.HAL_PCD_EP_ClrStall
                0x0000000008002516       0xa8 ./Drivers/STM32F1xx_HAL_Driver/Src/stm32f1xx_hal_pcd.o
                0x0000000008002516                HAL_PCD_EP_ClrStall
 .text.PCD_EP_ISR_Handler
                0x00000000080025be      0x600 ./Drivers/STM32F1xx_HAL_Driver/Src/stm32f1xx_hal_pcd.o
 .text.HAL_PCD_EP_DB_Receive
                0x0000000008002bbe      0x21a ./Drivers/STM32F1xx_HAL_Driver/Src/stm32f1xx_hal_pcd.o
 .text.HAL_PCD_EP_DB_Transmit
                0x0000000008002dd8      0x7a4 ./Drivers/STM32F1xx_HAL_Driver/Src/stm32f1xx_hal_pcd.o
 .text.HAL_PCDEx_PMAConfig
                0x000000000800357c       0x84 ./Drivers/STM32F1xx_HAL_Driver/Src/stm32f1xx_hal_pcd_ex.o
                0x000000000800357c                HAL_PCDEx_PMAConfig
 .text.HAL_RCC_OscConfig
                0x0000000008003600      0x504 ./Drivers/STM32F1xx_HAL_Driver/Src/stm32f1xx_hal_rcc.o
                0x0000000008003600                HAL_RCC_OscConfig
 .text.HAL_RCC_ClockConfig
                0x0000000008003b04      0x1d4 ./Drivers/STM32F1xx_HAL_Driver/Src/stm32f1xx_hal_rcc.o
                0x0000000008003b04                HAL_RCC_ClockConfig
 .text.HAL_RCC_GetSysClockFreq
                0x0000000008003cd8       0xbc ./Drivers/STM32F1xx_HAL_Driver/Src/stm32f1xx_hal_rcc.o
                0x0000000008003cd8                HAL_RCC_GetSysClockFreq
 .text.HAL_RCC_GetHCLKFreq
                0x0000000008003d94       0x14 ./Drivers/STM32F1xx_HAL_Driver/Src/stm32f1xx_hal_rcc.o
                0x0000000008003d94                HAL_RCC_GetHCLKFreq
 .text.HAL_RCC_GetPCLK1Freq
                0x0000000008003da8       0x28 ./Drivers/STM32F1xx_HAL_Driver/Src/stm32f1xx_hal_rcc.o
                0x0000000008003da8                HAL_RCC_GetPCLK1Freq
 .text.RCC_Delay
                0x0000000008003dd0       0x3c ./Drivers/STM32F1xx_HAL_Driver/Src/stm32f1xx_hal_rcc.o
 .text.HAL_RCCEx_PeriphCLKConfig
                0x0000000008003e0c      0x16c ./Drivers/STM32F1xx_HAL_Driver/Src/stm32f1xx_hal_rcc_ex.o
                0x0000000008003e0c                HAL_RCCEx_PeriphCLKConfig
 .text.USB_CoreInit
                0x0000000008003f78       0x20 ./Drivers/STM32F1xx_HAL_Driver/Src/stm32f1xx_ll_usb.o
                0x0000000008003f78                USB_CoreInit
 .text.USB_EnableGlobalInt
                0x0000000008003f98       0x2c ./Drivers/STM32F1xx_HAL_Driver/Src/stm32f1xx_ll_usb.o
                0x0000000008003f98                USB_EnableGlobalInt
 .text.USB_DisableGlobalInt
                0x0000000008003fc4       0x34 ./Drivers/STM32F1xx_HAL_Driver/Src/stm32f1xx_ll_usb.o
                0x0000000008003fc4                USB_DisableGlobalInt
 .text.USB_SetCurrentMode
                0x0000000008003ff8       0x18 ./Drivers/STM32F1xx_HAL_Driver/Src/stm32f1xx_ll_usb.o
                0x0000000008003ff8                USB_SetCurrentMode
 .text.USB_DevInit
                0x0000000008004010       0x40 ./Drivers/STM32F1xx_HAL_Driver/Src/stm32f1xx_ll_usb.o
                0x0000000008004010                USB_DevInit
 .text.USB_ActivateEndpoint
                0x0000000008004050      0x6d4 ./Drivers/STM32F1xx_HAL_Driver/Src/stm32f1xx_ll_usb.o
                0x0000000008004050                USB_ActivateEndpoint
 .text.USB_DeactivateEndpoint
                0x0000000008004724      0x3d8 ./Drivers/STM32F1xx_HAL_Driver/Src/stm32f1xx_ll_usb.o
                0x0000000008004724                USB_DeactivateEndpoint
 .text.USB_EPStartXfer
                0x0000000008004afc     0x1c70 ./Drivers/STM32F1xx_HAL_Driver/Src/stm32f1xx_ll_usb.o
                0x0000000008004afc                USB_EPStartXfer
 .text.USB_EPSetStall
                0x000000000800676c       0xa0 ./Drivers/STM32F1xx_HAL_Driver/Src/stm32f1xx_ll_usb.o
                0x000000000800676c                USB_EPSetStall
 .text.USB_EPClearStall
                0x000000000800680c      0x15a ./Drivers/STM32F1xx_HAL_Driver/Src/stm32f1xx_ll_usb.o
                0x000000000800680c                USB_EPClearStall
 .text.USB_SetDevAddress
                0x0000000008006966       0x26 ./Drivers/STM32F1xx_HAL_Driver/Src/stm32f1xx_ll_usb.o
                0x0000000008006966                USB_SetDevAddress
 .text.USB_DevConnect
                0x000000000800698c       0x14 ./Drivers/STM32F1xx_HAL_Driver/Src/stm32f1xx_ll_usb.o
                0x000000000800698c                USB_DevConnect
 .text.USB_DevDisconnect
                0x00000000080069a0       0x14 ./Drivers/STM32F1xx_HAL_Driver/Src/stm32f1xx_ll_usb.o
                0x00000000080069a0                USB_DevDisconnect
 .text.USB_ReadInterrupts
                0x00000000080069b4       0x1e ./Drivers/STM32F1xx_HAL_Driver/Src/stm32f1xx_ll_usb.o
                0x00000000080069b4                USB_ReadInterrupts
 .text.USB_EP0_OutStart
                0x00000000080069d2       0x16 ./Drivers/STM32F1xx_HAL_Driver/Src/stm32f1xx_ll_usb.o
                0x00000000080069d2                USB_EP0_OutStart
 .text.USB_WritePMA
                0x00000000080069e8       0x8a ./Drivers/STM32F1xx_HAL_Driver/Src/stm32f1xx_ll_usb.o
                0x00000000080069e8                USB_WritePMA
 .text.USB_ReadPMA
                0x0000000008006a72       0x9e ./Drivers/STM32F1xx_HAL_Driver/Src/stm32f1xx_ll_usb.o
                0x0000000008006a72                USB_ReadPMA
 .text.USBD_HID_Init
                0x0000000008006b10       0x4e ./Middlewares/ST/STM32_USB_Device_Library/Class/HID/Src/usbd_hid.o
 .text.USBD_HID_DeInit
                0x0000000008006b5e       0x42 ./Middlewares/ST/STM32_USB_Device_Library/Class/HID/Src/usbd_hid.o
 .text.USBD_HID_Setup
                0x0000000008006ba0      0x1fc ./Middlewares/ST/STM32_USB_Device_Library/Class/HID/Src/usbd_hid.o
 .text.USBD_HID_GetFSCfgDesc
                0x0000000008006d9c       0x20 ./Middlewares/ST/STM32_USB_Device_Library/Class/HID/Src/usbd_hid.o
 .text.USBD_HID_GetHSCfgDesc
                0x0000000008006dbc       0x20 ./Middlewares/ST/STM32_USB_Device_Library/Class/HID/Src/usbd_hid.o
 .text.USBD_HID_GetOtherSpeedCfgDesc
                0x0000000008006ddc       0x20 ./Middlewares/ST/STM32_USB_Device_Library/Class/HID/Src/usbd_hid.o
 .text.USBD_HID_DataIn
                0x0000000008006dfc       0x22 ./Middlewares/ST/STM32_USB_Device_Library/Class/HID/Src/usbd_hid.o
 *fill*         0x0000000008006e1e        0x2 
 .text.USBD_HID_GetDeviceQualifierDesc
                0x0000000008006e20       0x20 ./Middlewares/ST/STM32_USB_Device_Library/Class/HID/Src/usbd_hid.o
 .text.USBD_Init
                0x0000000008006e40       0x56 ./Middlewares/ST/STM32_USB_Device_Library/Core/Src/usbd_core.o
                0x0000000008006e40                USBD_Init
 .text.USBD_RegisterClass
                0x0000000008006e96       0x32 ./Middlewares/ST/STM32_USB_Device_Library/Core/Src/usbd_core.o
                0x0000000008006e96                USBD_RegisterClass
 .text.USBD_Start
                0x0000000008006ec8       0x18 ./Middlewares/ST/STM32_USB_Device_Library/Core/Src/usbd_core.o
                0x0000000008006ec8                USBD_Start
 .text.USBD_RunTestMode
                0x0000000008006ee0       0x14 ./Middlewares/ST/STM32_USB_Device_Library/Core/Src/usbd_core.o
                0x0000000008006ee0                USBD_RunTestMode
 .text.USBD_SetClassConfig
                0x0000000008006ef4       0x3e ./Middlewares/ST/STM32_USB_Device_Library/Core/Src/usbd_core.o
                0x0000000008006ef4                USBD_SetClassConfig
 .text.USBD_ClrClassConfig
                0x0000000008006f32       0x26 ./Middlewares/ST/STM32_USB_Device_Library/Core/Src/usbd_core.o
                0x0000000008006f32                USBD_ClrClassConfig
 .text.USBD_LL_SetupStage
                0x0000000008006f58       0x9a ./Middlewares/ST/STM32_USB_Device_Library/Core/Src/usbd_core.o
                0x0000000008006f58                USBD_LL_SetupStage
 .text.USBD_LL_DataOutStage
                0x0000000008006ff2       0xe2 ./Middlewares/ST/STM32_USB_Device_Library/Core/Src/usbd_core.o
                0x0000000008006ff2                USBD_LL_DataOutStage
 .text.USBD_LL_DataInStage
                0x00000000080070d4      0x14a ./Middlewares/ST/STM32_USB_Device_Library/Core/Src/usbd_core.o
                0x00000000080070d4                USBD_LL_DataInStage
 .text.USBD_LL_Reset
                0x000000000800721e       0x82 ./Middlewares/ST/STM32_USB_Device_Library/Core/Src/usbd_core.o
                0x000000000800721e                USBD_LL_Reset
 .text.USBD_LL_SetSpeed
                0x00000000080072a0       0x1e ./Middlewares/ST/STM32_USB_Device_Library/Core/Src/usbd_core.o
                0x00000000080072a0                USBD_LL_SetSpeed
 .text.USBD_LL_Suspend
                0x00000000080072be       0x28 ./Middlewares/ST/STM32_USB_Device_Library/Core/Src/usbd_core.o
                0x00000000080072be                USBD_LL_Suspend
 .text.USBD_LL_Resume
                0x00000000080072e6       0x2a ./Middlewares/ST/STM32_USB_Device_Library/Core/Src/usbd_core.o
                0x00000000080072e6                USBD_LL_Resume
 .text.USBD_LL_SOF
                0x0000000008007310       0x34 ./Middlewares/ST/STM32_USB_Device_Library/Core/Src/usbd_core.o
                0x0000000008007310                USBD_LL_SOF
 .text.USBD_StdDevReq
                0x0000000008007344       0xd4 ./Middlewares/ST/STM32_USB_Device_Library/Core/Src/usbd_ctlreq.o
                0x0000000008007344                USBD_StdDevReq
 .text.USBD_StdItfReq
                0x0000000008007418       0x90 ./Middlewares/ST/STM32_USB_Device_Library/Core/Src/usbd_ctlreq.o
                0x0000000008007418                USBD_StdItfReq
 .text.USBD_StdEPReq
                0x00000000080074a8      0x2c6 ./Middlewares/ST/STM32_USB_Device_Library/Core/Src/usbd_ctlreq.o
                0x00000000080074a8                USBD_StdEPReq
 *fill*         0x000000000800776e        0x2 
 .text.USBD_GetDescriptor
                0x0000000008007770      0x2d0 ./Middlewares/ST/STM32_USB_Device_Library/Core/Src/usbd_ctlreq.o
 .text.USBD_SetAddress
                0x0000000008007a40       0x86 ./Middlewares/ST/STM32_USB_Device_Library/Core/Src/usbd_ctlreq.o
 *fill*         0x0000000008007ac6        0x2 
 .text.USBD_SetConfig
                0x0000000008007ac8      0x11c ./Middlewares/ST/STM32_USB_Device_Library/Core/Src/usbd_ctlreq.o
 .text.USBD_GetConfig
                0x0000000008007be4       0x6a ./Middlewares/ST/STM32_USB_Device_Library/Core/Src/usbd_ctlreq.o
 .text.USBD_GetStatus
                0x0000000008007c4e       0x66 ./Middlewares/ST/STM32_USB_Device_Library/Core/Src/usbd_ctlreq.o
 .text.USBD_SetFeature
                0x0000000008007cb4       0x28 ./Middlewares/ST/STM32_USB_Device_Library/Core/Src/usbd_ctlreq.o
 .text.USBD_ClrFeature
                0x0000000008007cdc       0x42 ./Middlewares/ST/STM32_USB_Device_Library/Core/Src/usbd_ctlreq.o
 .text.USBD_ParseSetupRequest
                0x0000000008007d1e       0x78 ./Middlewares/ST/STM32_USB_Device_Library/Core/Src/usbd_ctlreq.o
                0x0000000008007d1e                USBD_ParseSetupRequest
 .text.USBD_CtlError
                0x0000000008007d96       0x22 ./Middlewares/ST/STM32_USB_Device_Library/Core/Src/usbd_ctlreq.o
                0x0000000008007d96                USBD_CtlError
 .text.USBD_GetString
                0x0000000008007db8       0x84 ./Middlewares/ST/STM32_USB_Device_Library/Core/Src/usbd_ctlreq.o
                0x0000000008007db8                USBD_GetString
 .text.USBD_GetLen
                0x0000000008007e3c       0x2e ./Middlewares/ST/STM32_USB_Device_Library/Core/Src/usbd_ctlreq.o
 .text.USBD_CtlSendData
                0x0000000008007e6a       0x38 ./Middlewares/ST/STM32_USB_Device_Library/Core/Src/usbd_ioreq.o
                0x0000000008007e6a                USBD_CtlSendData
 .text.USBD_CtlContinueSendData
                0x0000000008007ea2       0x24 ./Middlewares/ST/STM32_USB_Device_Library/Core/Src/usbd_ioreq.o
                0x0000000008007ea2                USBD_CtlContinueSendData
 .text.USBD_CtlContinueRx
                0x0000000008007ec6       0x24 ./Middlewares/ST/STM32_USB_Device_Library/Core/Src/usbd_ioreq.o
                0x0000000008007ec6                USBD_CtlContinueRx
 .text.USBD_CtlSendStatus
                0x0000000008007eea       0x26 ./Middlewares/ST/STM32_USB_Device_Library/Core/Src/usbd_ioreq.o
                0x0000000008007eea                USBD_CtlSendStatus
 .text.USBD_CtlReceiveStatus
                0x0000000008007f10       0x26 ./Middlewares/ST/STM32_USB_Device_Library/Core/Src/usbd_ioreq.o
                0x0000000008007f10                USBD_CtlReceiveStatus
 *fill*         0x0000000008007f36        0x2 
 .text.MX_USB_DEVICE_Init
                0x0000000008007f38       0x4c ./USB_DEVICE/App/usb_device.o
                0x0000000008007f38                MX_USB_DEVICE_Init
 .text.USBD_FS_DeviceDescriptor
                0x0000000008007f84       0x24 ./USB_DEVICE/App/usbd_desc.o
                0x0000000008007f84                USBD_FS_DeviceDescriptor
 .text.USBD_FS_LangIDStrDescriptor
                0x0000000008007fa8       0x24 ./USB_DEVICE/App/usbd_desc.o
                0x0000000008007fa8                USBD_FS_LangIDStrDescriptor
 .text.USBD_FS_ProductStrDescriptor
                0x0000000008007fcc       0x3c ./USB_DEVICE/App/usbd_desc.o
                0x0000000008007fcc                USBD_FS_ProductStrDescriptor
 .text.USBD_FS_ManufacturerStrDescriptor
                0x0000000008008008       0x28 ./USB_DEVICE/App/usbd_desc.o
                0x0000000008008008                USBD_FS_ManufacturerStrDescriptor
 .text.USBD_FS_SerialStrDescriptor
                0x0000000008008030       0x24 ./USB_DEVICE/App/usbd_desc.o
                0x0000000008008030                USBD_FS_SerialStrDescriptor
 .text.USBD_FS_ConfigStrDescriptor
                0x0000000008008054       0x3c ./USB_DEVICE/App/usbd_desc.o
                0x0000000008008054                USBD_FS_ConfigStrDescriptor
 .text.USBD_FS_InterfaceStrDescriptor
                0x0000000008008090       0x3c ./USB_DEVICE/App/usbd_desc.o
                0x0000000008008090                USBD_FS_InterfaceStrDescriptor
 .text.Get_SerialNum
                0x00000000080080cc       0x58 ./USB_DEVICE/App/usbd_desc.o
 .text.IntToUnicode
                0x0000000008008124       0x7c ./USB_DEVICE/App/usbd_desc.o
 .text.HAL_PCD_MspInit
                0x00000000080081a0       0x4c ./USB_DEVICE/Target/usbd_conf.o
                0x00000000080081a0                HAL_PCD_MspInit
 .text.HAL_PCD_SetupStageCallback
                0x00000000080081ec       0x24 ./USB_DEVICE/Target/usbd_conf.o
                0x00000000080081ec                HAL_PCD_SetupStageCallback
 .text.HAL_PCD_DataOutStageCallback
                0x0000000008008210       0x36 ./USB_DEVICE/Target/usbd_conf.o
                0x0000000008008210                HAL_PCD_DataOutStageCallback
 .text.HAL_PCD_DataInStageCallback
                0x0000000008008246       0x34 ./USB_DEVICE/Target/usbd_conf.o
                0x0000000008008246                HAL_PCD_DataInStageCallback
 .text.HAL_PCD_SOFCallback
                0x000000000800827a       0x1c ./USB_DEVICE/Target/usbd_conf.o
                0x000000000800827a                HAL_PCD_SOFCallback
 .text.HAL_PCD_ResetCallback
                0x0000000008008296       0x3c ./USB_DEVICE/Target/usbd_conf.o
                0x0000000008008296                HAL_PCD_ResetCallback
 *fill*         0x00000000080082d2        0x2 
 .text.HAL_PCD_SuspendCallback
                0x00000000080082d4       0x34 ./USB_DEVICE/Target/usbd_conf.o
                0x00000000080082d4                HAL_PCD_SuspendCallback
 .text.HAL_PCD_ResumeCallback
                0x0000000008008308       0x1c ./USB_DEVICE/Target/usbd_conf.o
                0x0000000008008308                HAL_PCD_ResumeCallback
 .text.USBD_LL_Init
                0x0000000008008324       0x90 ./USB_DEVICE/Target/usbd_conf.o
                0x0000000008008324                USBD_LL_Init
 .text.USBD_LL_Start
                0x00000000080083b4       0x36 ./USB_DEVICE/Target/usbd_conf.o
                0x00000000080083b4                USBD_LL_Start
 .text.USBD_LL_OpenEP
                0x00000000080083ea       0x4c ./USB_DEVICE/Target/usbd_conf.o
                0x00000000080083ea                USBD_LL_OpenEP
 .text.USBD_LL_CloseEP
                0x0000000008008436       0x3e ./USB_DEVICE/Target/usbd_conf.o
                0x0000000008008436                USBD_LL_CloseEP
 .text.USBD_LL_StallEP
                0x0000000008008474       0x3e ./USB_DEVICE/Target/usbd_conf.o
                0x0000000008008474                USBD_LL_StallEP
 .text.USBD_LL_ClearStallEP
                0x00000000080084b2       0x3e ./USB_DEVICE/Target/usbd_conf.o
                0x00000000080084b2                USBD_LL_ClearStallEP
 .text.USBD_LL_IsStallEP
                0x00000000080084f0       0x58 ./USB_DEVICE/Target/usbd_conf.o
                0x00000000080084f0                USBD_LL_IsStallEP
 .text.USBD_LL_SetUSBAddress
                0x0000000008008548       0x3e ./USB_DEVICE/Target/usbd_conf.o
                0x0000000008008548                USBD_LL_SetUSBAddress
 .text.USBD_LL_Transmit
                0x0000000008008586       0x46 ./USB_DEVICE/Target/usbd_conf.o
                0x0000000008008586                USBD_LL_Transmit
 .text.USBD_LL_PrepareReceive
                0x00000000080085cc       0x46 ./USB_DEVICE/Target/usbd_conf.o
                0x00000000080085cc                USBD_LL_PrepareReceive
 *fill*         0x0000000008008612        0x2 
 .text.USBD_static_malloc
                0x0000000008008614       0x18 ./USB_DEVICE/Target/usbd_conf.o
                0x0000000008008614                USBD_static_malloc
 .text.USBD_static_free
                0x000000000800862c       0x12 ./USB_DEVICE/Target/usbd_conf.o
                0x000000000800862c                USBD_static_free
 .text.HAL_PCDEx_SetConnectionState
                0x000000000800863e       0x16 ./USB_DEVICE/Target/usbd_conf.o
                0x000000000800863e                HAL_PCDEx_SetConnectionState
 .text.USBD_Get_USB_Status
                0x0000000008008654       0x58 ./USB_DEVICE/Target/usbd_conf.o
 .text.__libc_init_array
                0x00000000080086ac       0x48 c:/st/stm32cubeide_1.10.1/stm32cubeide/plugins/com.st.stm32cube.ide.mcu.externaltools.gnu-tools-for-stm32.10.3-2021.10.win32_1.0.0.202111181127/tools/bin/../lib/gcc/arm-none-eabi/10.3.1/../../../../arm-none-eabi/lib/thumb/v7-m/nofp\libc_nano.a(lib_a-init.o)
                0x00000000080086ac                __libc_init_array
 .text.memset   0x00000000080086f4       0x10 c:/st/stm32cubeide_1.10.1/stm32cubeide/plugins/com.st.stm32cube.ide.mcu.externaltools.gnu-tools-for-stm32.10.3-2021.10.win32_1.0.0.202111181127/tools/bin/../lib/gcc/arm-none-eabi/10.3.1/../../../../arm-none-eabi/lib/thumb/v7-m/nofp\libc_nano.a(lib_a-memset.o)
                0x00000000080086f4                memset
 .text.strcpy   0x0000000008008704       0x10 c:/st/stm32cubeide_1.10.1/stm32cubeide/plugins/com.st.stm32cube.ide.mcu.externaltools.gnu-tools-for-stm32.10.3-2021.10.win32_1.0.0.202111181127/tools/bin/../lib/gcc/arm-none-eabi/10.3.1/../../../../arm-none-eabi/lib/thumb/v7-m/nofp\libc_nano.a(lib_a-strcpy.o)
                0x0000000008008704                strcpy
 *(.glue_7)
 .glue_7        0x0000000008008714        0x0 linker stubs
 *(.glue_7t)
 .glue_7t       0x0000000008008714        0x0 linker stubs
 *(.eh_frame)
 .eh_frame      0x0000000008008714        0x0 c:/st/stm32cubeide_1.10.1/stm32cubeide/plugins/com.st.stm32cube.ide.mcu.externaltools.gnu-tools-for-stm32.10.3-2021.10.win32_1.0.0.202111181127/tools/bin/../lib/gcc/arm-none-eabi/10.3.1/thumb/v7-m/nofp/crtbegin.o
 *(.init)
 .init          0x0000000008008714        0x4 c:/st/stm32cubeide_1.10.1/stm32cubeide/plugins/com.st.stm32cube.ide.mcu.externaltools.gnu-tools-for-stm32.10.3-2021.10.win32_1.0.0.202111181127/tools/bin/../lib/gcc/arm-none-eabi/10.3.1/thumb/v7-m/nofp/crti.o
                0x0000000008008714                _init
 .init          0x0000000008008718        0x8 c:/st/stm32cubeide_1.10.1/stm32cubeide/plugins/com.st.stm32cube.ide.mcu.externaltools.gnu-tools-for-stm32.10.3-2021.10.win32_1.0.0.202111181127/tools/bin/../lib/gcc/arm-none-eabi/10.3.1/thumb/v7-m/nofp/crtn.o
 *(.fini)
 .fini          0x0000000008008720        0x4 c:/st/stm32cubeide_1.10.1/stm32cubeide/plugins/com.st.stm32cube.ide.mcu.externaltools.gnu-tools-for-stm32.10.3-2021.10.win32_1.0.0.202111181127/tools/bin/../lib/gcc/arm-none-eabi/10.3.1/thumb/v7-m/nofp/crti.o
                0x0000000008008720                _fini
 .fini          0x0000000008008724        0x8 c:/st/stm32cubeide_1.10.1/stm32cubeide/plugins/com.st.stm32cube.ide.mcu.externaltools.gnu-tools-for-stm32.10.3-2021.10.win32_1.0.0.202111181127/tools/bin/../lib/gcc/arm-none-eabi/10.3.1/thumb/v7-m/nofp/crtn.o
                0x000000000800872c                . = ALIGN (0x4)
                0x000000000800872c                _etext = .

.vfp11_veneer   0x000000000800872c        0x0
 .vfp11_veneer  0x000000000800872c        0x0 linker stubs

.v4_bx          0x000000000800872c        0x0
 .v4_bx         0x000000000800872c        0x0 linker stubs

.iplt           0x000000000800872c        0x0
 .iplt          0x000000000800872c        0x0 c:/st/stm32cubeide_1.10.1/stm32cubeide/plugins/com.st.stm32cube.ide.mcu.externaltools.gnu-tools-for-stm32.10.3-2021.10.win32_1.0.0.202111181127/tools/bin/../lib/gcc/arm-none-eabi/10.3.1/thumb/v7-m/nofp/crtbegin.o

.rodata         0x000000000800872c       0x98
                0x000000000800872c                . = ALIGN (0x4)
 *(.rodata)
 .rodata        0x000000000800872c       0x33 ./Core/drivers/menu.o
 *fill*         0x000000000800875f        0x1 
 .rodata        0x0000000008008760       0x10 ./Drivers/STM32F1xx_HAL_Driver/Src/stm32f1xx_hal_rcc.o
 .rodata        0x0000000008008770       0x3a ./USB_DEVICE/App/usbd_desc.o
 *(.rodata*)
 *fill*         0x00000000080087aa        0x2 
 .rodata.AHBPrescTable
                0x00000000080087ac       0x10 ./Core/Src/system_stm32f1xx.o
                0x00000000080087ac                AHBPrescTable
 .rodata.APBPrescTable
                0x00000000080087bc        0x8 ./Core/Src/system_stm32f1xx.o
                0x00000000080087bc                APBPrescTable
                0x00000000080087c4                . = ALIGN (0x4)

.rel.dyn        0x00000000080087c4        0x0
 .rel.iplt      0x00000000080087c4        0x0 c:/st/stm32cubeide_1.10.1/stm32cubeide/plugins/com.st.stm32cube.ide.mcu.externaltools.gnu-tools-for-stm32.10.3-2021.10.win32_1.0.0.202111181127/tools/bin/../lib/gcc/arm-none-eabi/10.3.1/thumb/v7-m/nofp/crtbegin.o

.ARM.extab      0x00000000080087c4        0x0
                0x00000000080087c4                . = ALIGN (0x4)
 *(.ARM.extab* .gnu.linkonce.armextab.*)
                0x00000000080087c4                . = ALIGN (0x4)

.ARM            0x00000000080087c4        0x0
                0x00000000080087c4                . = ALIGN (0x4)
                0x00000000080087c4                __exidx_start = .
 *(.ARM.exidx*)
                0x00000000080087c4                __exidx_end = .
                0x00000000080087c4                . = ALIGN (0x4)

.preinit_array  0x00000000080087c4        0x0
                0x00000000080087c4                . = ALIGN (0x4)
                0x00000000080087c4                PROVIDE (__preinit_array_start = .)
 *(.preinit_array*)
                0x00000000080087c4                PROVIDE (__preinit_array_end = .)
                0x00000000080087c4                . = ALIGN (0x4)

.init_array     0x00000000080087c4        0x4
                0x00000000080087c4                . = ALIGN (0x4)
                0x00000000080087c4                PROVIDE (__init_array_start = .)
 *(SORT_BY_NAME(.init_array.*))
 *(.init_array*)
 .init_array    0x00000000080087c4        0x4 c:/st/stm32cubeide_1.10.1/stm32cubeide/plugins/com.st.stm32cube.ide.mcu.externaltools.gnu-tools-for-stm32.10.3-2021.10.win32_1.0.0.202111181127/tools/bin/../lib/gcc/arm-none-eabi/10.3.1/thumb/v7-m/nofp/crtbegin.o
                0x00000000080087c8                PROVIDE (__init_array_end = .)
                0x00000000080087c8                . = ALIGN (0x4)

.fini_array     0x00000000080087c8        0x4
                0x00000000080087c8                . = ALIGN (0x4)
                [!provide]                        PROVIDE (__fini_array_start = .)
 *(SORT_BY_NAME(.fini_array.*))
 *(.fini_array*)
 .fini_array    0x00000000080087c8        0x4 c:/st/stm32cubeide_1.10.1/stm32cubeide/plugins/com.st.stm32cube.ide.mcu.externaltools.gnu-tools-for-stm32.10.3-2021.10.win32_1.0.0.202111181127/tools/bin/../lib/gcc/arm-none-eabi/10.3.1/thumb/v7-m/nofp/crtbegin.o
                [!provide]                        PROVIDE (__fini_array_end = .)
                0x00000000080087cc                . = ALIGN (0x4)
                0x00000000080087cc                _sidata = LOADADDR (.data)

.data           0x0000000020000000      0x214 load address 0x00000000080087cc
                0x0000000020000000                . = ALIGN (0x4)
                0x0000000020000000                _sdata = .
 *(.data)
 *(.data*)
 .data.SystemCoreClock
                0x0000000020000000        0x4 ./Core/Src/system_stm32f1xx.o
                0x0000000020000000                SystemCoreClock
 .data.rowPin   0x0000000020000004        0x6 ./Core/drivers/keyboard.o
 *fill*         0x000000002000000a        0x2 
 .data.columnPin
                0x000000002000000c        0x8 ./Core/drivers/keyboard.o
 .data.rowPort  0x0000000020000014        0xc ./Core/drivers/keyboard.o
 .data.columnPort
                0x0000000020000020       0x10 ./Core/drivers/keyboard.o
 .data.MainMenuItems
                0x0000000020000030       0x14 ./Core/drivers/menu.o
                0x0000000020000030                MainMenuItems
 .data.ButtonMenuItems
                0x0000000020000044       0x14 ./Core/drivers/menu.o
                0x0000000020000044                ButtonMenuItems
 .data.DisplayMenuItems
                0x0000000020000058       0x14 ./Core/drivers/menu.o
                0x0000000020000058                DisplayMenuItems
 .data.ModeMenuItems
                0x000000002000006c       0x46 ./Core/drivers/menu.o
                0x000000002000006c                ModeMenuItems
 *fill*         0x00000000200000b2        0x2 
 .data.uwTickPrio
                0x00000000200000b4        0x4 ./Drivers/STM32F1xx_HAL_Driver/Src/stm32f1xx_hal.o
                0x00000000200000b4                uwTickPrio
 .data.uwTickFreq
                0x00000000200000b8        0x1 ./Drivers/STM32F1xx_HAL_Driver/Src/stm32f1xx_hal.o
                0x00000000200000b8                uwTickFreq
 *fill*         0x00000000200000b9        0x3 
 .data.USBD_HID
                0x00000000200000bc       0x38 ./Middlewares/ST/STM32_USB_Device_Library/Class/HID/Src/usbd_hid.o
                0x00000000200000bc                USBD_HID
 .data.USBD_HID_CfgFSDesc
                0x00000000200000f4       0x22 ./Middlewares/ST/STM32_USB_Device_Library/Class/HID/Src/usbd_hid.o
 *fill*         0x0000000020000116        0x2 
 .data.USBD_HID_CfgHSDesc
                0x0000000020000118       0x22 ./Middlewares/ST/STM32_USB_Device_Library/Class/HID/Src/usbd_hid.o
 *fill*         0x000000002000013a        0x2 
 .data.USBD_HID_OtherSpeedCfgDesc
                0x000000002000013c       0x22 ./Middlewares/ST/STM32_USB_Device_Library/Class/HID/Src/usbd_hid.o
 *fill*         0x000000002000015e        0x2 
 .data.USBD_HID_Desc
                0x0000000020000160        0x9 ./Middlewares/ST/STM32_USB_Device_Library/Class/HID/Src/usbd_hid.o
 *fill*         0x0000000020000169        0x3 
 .data.USBD_HID_DeviceQualifierDesc
                0x000000002000016c        0xa ./Middlewares/ST/STM32_USB_Device_Library/Class/HID/Src/usbd_hid.o
 *fill*         0x0000000020000176        0x2 
 .data.HID_MOUSE_ReportDesc
                0x0000000020000178       0x4a ./Middlewares/ST/STM32_USB_Device_Library/Class/HID/Src/usbd_hid.o
 *fill*         0x00000000200001c2        0x2 
 .data.FS_Desc  0x00000000200001c4       0x1c ./USB_DEVICE/App/usbd_desc.o
                0x00000000200001c4                FS_Desc
 .data.USBD_FS_DeviceDesc
                0x00000000200001e0       0x12 ./USB_DEVICE/App/usbd_desc.o
                0x00000000200001e0                USBD_FS_DeviceDesc
 *fill*         0x00000000200001f2        0x2 
 .data.USBD_LangIDDesc
                0x00000000200001f4        0x4 ./USB_DEVICE/App/usbd_desc.o
                0x00000000200001f4                USBD_LangIDDesc
 .data.USBD_StringSerial
                0x00000000200001f8       0x1a ./USB_DEVICE/App/usbd_desc.o
                0x00000000200001f8                USBD_StringSerial
 *(.RamFunc)
 *(.RamFunc*)
                0x0000000020000214                . = ALIGN (0x4)
 *fill*         0x0000000020000212        0x2 
                0x0000000020000214                _edata = .

.igot.plt       0x0000000020000214        0x0 load address 0x00000000080089e0
 .igot.plt      0x0000000020000214        0x0 c:/st/stm32cubeide_1.10.1/stm32cubeide/plugins/com.st.stm32cube.ide.mcu.externaltools.gnu-tools-for-stm32.10.3-2021.10.win32_1.0.0.202111181127/tools/bin/../lib/gcc/arm-none-eabi/10.3.1/thumb/v7-m/nofp/crtbegin.o
                0x0000000020000214                . = ALIGN (0x4)

.bss            0x0000000020000214      0xe94 load address 0x00000000080089e0
                0x0000000020000214                _sbss = .
                0x0000000020000214                __bss_start__ = _sbss
 *(.bss)
 .bss           0x0000000020000214       0x1c c:/st/stm32cubeide_1.10.1/stm32cubeide/plugins/com.st.stm32cube.ide.mcu.externaltools.gnu-tools-for-stm32.10.3-2021.10.win32_1.0.0.202111181127/tools/bin/../lib/gcc/arm-none-eabi/10.3.1/thumb/v7-m/nofp/crtbegin.o
 *(.bss*)
 .bss.SSD1306_Buffer
                0x0000000020000230      0x420 ./Core/drivers/ssd1306.o
 .bss.SSD1306   0x0000000020000650        0x6 ./Core/drivers/ssd1306.o
 .bss.cfgidx.0  0x0000000020000656        0x1 ./Middlewares/ST/STM32_USB_Device_Library/Core/Src/usbd_ctlreq.o
 *fill*         0x0000000020000657        0x1 
 .bss.mem.0     0x0000000020000658       0x14 ./USB_DEVICE/Target/usbd_conf.o
 *(COMMON)
 COMMON         0x000000002000066c      0x286 ./Core/Src/main.o
                0x000000002000066c                rotary1Counter
                0x0000000020000670                hi2c1
                0x00000000200006c4                currentM
                0x00000000200006c8                Button
                0x00000000200006c9                rotary2Counter
                0x00000000200006cc                scrollM
                0x0000000020000738                cursorPosition
                0x000000002000073c                buttonM
                0x00000000200007a8                last_debounce_time
                0x00000000200007ac                displayM
                0x0000000020000818                mainM
                0x0000000020000884                modeM
                0x00000000200008f0                bottomMenuPosition
                0x00000000200008f1                topMenuPosition
 *fill*         0x00000000200008f2        0x2 
 COMMON         0x00000000200008f4        0x4 ./Drivers/STM32F1xx_HAL_Driver/Src/stm32f1xx_hal.o
                0x00000000200008f4                uwTick
 COMMON         0x00000000200008f8      0x2c4 ./USB_DEVICE/App/usb_device.o
                0x00000000200008f8                hUsbDeviceFS
 COMMON         0x0000000020000bbc      0x200 ./USB_DEVICE/App/usbd_desc.o
                0x0000000020000bbc                USBD_StrDesc
 COMMON         0x0000000020000dbc      0x2ec ./USB_DEVICE/Target/usbd_conf.o
                0x0000000020000dbc                hpcd_USB_FS
                0x00000000200010a8                . = ALIGN (0x4)
                0x00000000200010a8                _ebss = .
                0x00000000200010a8                __bss_end__ = _ebss

._user_heap_stack
                0x00000000200010a8      0x600 load address 0x00000000080089e0
                0x00000000200010a8                . = ALIGN (0x8)
                [!provide]                        PROVIDE (end = .)
                0x00000000200010a8                PROVIDE (_end = .)
                0x00000000200012a8                . = (. + _Min_Heap_Size)
 *fill*         0x00000000200010a8      0x200 
                0x00000000200016a8                . = (. + _Min_Stack_Size)
 *fill*         0x00000000200012a8      0x400 
                0x00000000200016a8                . = ALIGN (0x8)

/DISCARD/
 libc.a(*)
 libm.a(*)
 libgcc.a(*)

.ARM.attributes
                0x0000000000000000       0x29
 *(.ARM.attributes)
 .ARM.attributes
                0x0000000000000000       0x1d c:/st/stm32cubeide_1.10.1/stm32cubeide/plugins/com.st.stm32cube.ide.mcu.externaltools.gnu-tools-for-stm32.10.3-2021.10.win32_1.0.0.202111181127/tools/bin/../lib/gcc/arm-none-eabi/10.3.1/thumb/v7-m/nofp/crti.o
 .ARM.attributes
                0x000000000000001d       0x2d c:/st/stm32cubeide_1.10.1/stm32cubeide/plugins/com.st.stm32cube.ide.mcu.externaltools.gnu-tools-for-stm32.10.3-2021.10.win32_1.0.0.202111181127/tools/bin/../lib/gcc/arm-none-eabi/10.3.1/thumb/v7-m/nofp/crtbegin.o
 .ARM.attributes
                0x000000000000004a       0x2d ./Core/Src/main.o
 .ARM.attributes
                0x0000000000000077       0x2d ./Core/Src/stm32f1xx_hal_msp.o
 .ARM.attributes
                0x00000000000000a4       0x2d ./Core/Src/stm32f1xx_it.o
 .ARM.attributes
                0x00000000000000d1       0x2d ./Core/Src/system_stm32f1xx.o
 .ARM.attributes
                0x00000000000000fe       0x21 ./Core/Startup/startup_stm32f103c8tx.o
 .ARM.attributes
                0x000000000000011f       0x2d ./Core/drivers/keyboard.o
 .ARM.attributes
                0x000000000000014c       0x2d ./Core/drivers/menu.o
 .ARM.attributes
                0x0000000000000179       0x2d ./Core/drivers/ssd1306.o
 .ARM.attributes
                0x00000000000001a6       0x2d ./Drivers/STM32F1xx_HAL_Driver/Src/stm32f1xx_hal.o
 .ARM.attributes
                0x00000000000001d3       0x2d ./Drivers/STM32F1xx_HAL_Driver/Src/stm32f1xx_hal_cortex.o
 .ARM.attributes
                0x0000000000000200       0x2d ./Drivers/STM32F1xx_HAL_Driver/Src/stm32f1xx_hal_gpio.o
 .ARM.attributes
                0x000000000000022d       0x2d ./Drivers/STM32F1xx_HAL_Driver/Src/stm32f1xx_hal_i2c.o
 .ARM.attributes
                0x000000000000025a       0x2d ./Drivers/STM32F1xx_HAL_Driver/Src/stm32f1xx_hal_pcd.o
 .ARM.attributes
                0x0000000000000287       0x2d ./Drivers/STM32F1xx_HAL_Driver/Src/stm32f1xx_hal_pcd_ex.o
 .ARM.attributes
                0x00000000000002b4       0x2d ./Drivers/STM32F1xx_HAL_Driver/Src/stm32f1xx_hal_rcc.o
 .ARM.attributes
                0x00000000000002e1       0x2d ./Drivers/STM32F1xx_HAL_Driver/Src/stm32f1xx_hal_rcc_ex.o
 .ARM.attributes
                0x000000000000030e       0x2d ./Drivers/STM32F1xx_HAL_Driver/Src/stm32f1xx_ll_usb.o
 .ARM.attributes
                0x000000000000033b       0x2d ./Middlewares/ST/STM32_USB_Device_Library/Class/HID/Src/usbd_hid.o
 .ARM.attributes
                0x0000000000000368       0x2d ./Middlewares/ST/STM32_USB_Device_Library/Core/Src/usbd_core.o
 .ARM.attributes
                0x0000000000000395       0x2d ./Middlewares/ST/STM32_USB_Device_Library/Core/Src/usbd_ctlreq.o
 .ARM.attributes
                0x00000000000003c2       0x2d ./Middlewares/ST/STM32_USB_Device_Library/Core/Src/usbd_ioreq.o
 .ARM.attributes
                0x00000000000003ef       0x2d ./USB_DEVICE/App/usb_device.o
 .ARM.attributes
                0x000000000000041c       0x2d ./USB_DEVICE/App/usbd_desc.o
 .ARM.attributes
                0x0000000000000449       0x2d ./USB_DEVICE/Target/usbd_conf.o
 .ARM.attributes
                0x0000000000000476       0x2d c:/st/stm32cubeide_1.10.1/stm32cubeide/plugins/com.st.stm32cube.ide.mcu.externaltools.gnu-tools-for-stm32.10.3-2021.10.win32_1.0.0.202111181127/tools/bin/../lib/gcc/arm-none-eabi/10.3.1/../../../../arm-none-eabi/lib/thumb/v7-m/nofp\libc_nano.a(lib_a-init.o)
 .ARM.attributes
                0x00000000000004a3       0x2d c:/st/stm32cubeide_1.10.1/stm32cubeide/plugins/com.st.stm32cube.ide.mcu.externaltools.gnu-tools-for-stm32.10.3-2021.10.win32_1.0.0.202111181127/tools/bin/../lib/gcc/arm-none-eabi/10.3.1/../../../../arm-none-eabi/lib/thumb/v7-m/nofp\libc_nano.a(lib_a-memset.o)
 .ARM.attributes
                0x00000000000004d0       0x2d c:/st/stm32cubeide_1.10.1/stm32cubeide/plugins/com.st.stm32cube.ide.mcu.externaltools.gnu-tools-for-stm32.10.3-2021.10.win32_1.0.0.202111181127/tools/bin/../lib/gcc/arm-none-eabi/10.3.1/../../../../arm-none-eabi/lib/thumb/v7-m/nofp\libc_nano.a(lib_a-strcpy.o)
 .ARM.attributes
                0x00000000000004fd       0x1d c:/st/stm32cubeide_1.10.1/stm32cubeide/plugins/com.st.stm32cube.ide.mcu.externaltools.gnu-tools-for-stm32.10.3-2021.10.win32_1.0.0.202111181127/tools/bin/../lib/gcc/arm-none-eabi/10.3.1/thumb/v7-m/nofp/crtn.o
OUTPUT(macropad.elf elf32-littlearm)
LOAD linker stubs
LOAD c:/st/stm32cubeide_1.10.1/stm32cubeide/plugins/com.st.stm32cube.ide.mcu.externaltools.gnu-tools-for-stm32.10.3-2021.10.win32_1.0.0.202111181127/tools/bin/../lib/gcc/arm-none-eabi/10.3.1/../../../../arm-none-eabi/lib/thumb/v7-m/nofp\libc.a
LOAD c:/st/stm32cubeide_1.10.1/stm32cubeide/plugins/com.st.stm32cube.ide.mcu.externaltools.gnu-tools-for-stm32.10.3-2021.10.win32_1.0.0.202111181127/tools/bin/../lib/gcc/arm-none-eabi/10.3.1/../../../../arm-none-eabi/lib/thumb/v7-m/nofp\libm.a
LOAD c:/st/stm32cubeide_1.10.1/stm32cubeide/plugins/com.st.stm32cube.ide.mcu.externaltools.gnu-tools-for-stm32.10.3-2021.10.win32_1.0.0.202111181127/tools/bin/../lib/gcc/arm-none-eabi/10.3.1/thumb/v7-m/nofp\libgcc.a

.debug_info     0x0000000000000000    0x10f32
 .debug_info    0x0000000000000000      0xf0d ./Core/Src/main.o
 .debug_info    0x0000000000000f0d      0x951 ./Core/Src/stm32f1xx_hal_msp.o
 .debug_info    0x000000000000185e      0x715 ./Core/Src/stm32f1xx_it.o
 .debug_info    0x0000000000001f73      0x23d ./Core/Src/system_stm32f1xx.o
 .debug_info    0x00000000000021b0       0x22 ./Core/Startup/startup_stm32f103c8tx.o
 .debug_info    0x00000000000021d2      0x8a8 ./Core/drivers/keyboard.o
 .debug_info    0x0000000000002a7a      0xbb9 ./Core/drivers/menu.o
 .debug_info    0x0000000000003633      0xa0b ./Core/drivers/ssd1306.o
 .debug_info    0x000000000000403e      0x734 ./Drivers/STM32F1xx_HAL_Driver/Src/stm32f1xx_hal.o
 .debug_info    0x0000000000004772      0xb20 ./Drivers/STM32F1xx_HAL_Driver/Src/stm32f1xx_hal_cortex.o
 .debug_info    0x0000000000005292      0x615 ./Drivers/STM32F1xx_HAL_Driver/Src/stm32f1xx_hal_gpio.o
 .debug_info    0x00000000000058a7     0x2734 ./Drivers/STM32F1xx_HAL_Driver/Src/stm32f1xx_hal_i2c.o
 .debug_info    0x0000000000007fdb     0x16ab ./Drivers/STM32F1xx_HAL_Driver/Src/stm32f1xx_hal_pcd.o
 .debug_info    0x0000000000009686      0x728 ./Drivers/STM32F1xx_HAL_Driver/Src/stm32f1xx_hal_pcd_ex.o
 .debug_info    0x0000000000009dae      0x860 ./Drivers/STM32F1xx_HAL_Driver/Src/stm32f1xx_hal_rcc.o
 .debug_info    0x000000000000a60e      0x3e0 ./Drivers/STM32F1xx_HAL_Driver/Src/stm32f1xx_hal_rcc_ex.o
 .debug_info    0x000000000000a9ee     0x190d ./Drivers/STM32F1xx_HAL_Driver/Src/stm32f1xx_ll_usb.o
 .debug_info    0x000000000000c2fb      0xa18 ./Middlewares/ST/STM32_USB_Device_Library/Class/HID/Src/usbd_hid.o
 .debug_info    0x000000000000cd13      0xb85 ./Middlewares/ST/STM32_USB_Device_Library/Core/Src/usbd_core.o
 .debug_info    0x000000000000d898      0xa39 ./Middlewares/ST/STM32_USB_Device_Library/Core/Src/usbd_ctlreq.o
 .debug_info    0x000000000000e2d1      0x798 ./Middlewares/ST/STM32_USB_Device_Library/Core/Src/usbd_ioreq.o
 .debug_info    0x000000000000ea69      0x61f ./USB_DEVICE/App/usb_device.o
 .debug_info    0x000000000000f088      0x507 ./USB_DEVICE/App/usbd_desc.o
 .debug_info    0x000000000000f58f     0x19a3 ./USB_DEVICE/Target/usbd_conf.o

.debug_abbrev   0x0000000000000000     0x313d
 .debug_abbrev  0x0000000000000000      0x322 ./Core/Src/main.o
 .debug_abbrev  0x0000000000000322      0x1a7 ./Core/Src/stm32f1xx_hal_msp.o
 .debug_abbrev  0x00000000000004c9      0x1b0 ./Core/Src/stm32f1xx_it.o
 .debug_abbrev  0x0000000000000679      0x13b ./Core/Src/system_stm32f1xx.o
 .debug_abbrev  0x00000000000007b4       0x12 ./Core/Startup/startup_stm32f103c8tx.o
 .debug_abbrev  0x00000000000007c6      0x252 ./Core/drivers/keyboard.o
 .debug_abbrev  0x0000000000000a18      0x255 ./Core/drivers/menu.o
 .debug_abbrev  0x0000000000000c6d      0x20c ./Core/drivers/ssd1306.o
 .debug_abbrev  0x0000000000000e79      0x1fb ./Drivers/STM32F1xx_HAL_Driver/Src/stm32f1xx_hal.o
 .debug_abbrev  0x0000000000001074      0x2ed ./Drivers/STM32F1xx_HAL_Driver/Src/stm32f1xx_hal_cortex.o
 .debug_abbrev  0x0000000000001361      0x1bb ./Drivers/STM32F1xx_HAL_Driver/Src/stm32f1xx_hal_gpio.o
 .debug_abbrev  0x000000000000151c      0x288 ./Drivers/STM32F1xx_HAL_Driver/Src/stm32f1xx_hal_i2c.o
 .debug_abbrev  0x00000000000017a4      0x2b9 ./Drivers/STM32F1xx_HAL_Driver/Src/stm32f1xx_hal_pcd.o
 .debug_abbrev  0x0000000000001a5d      0x17f ./Drivers/STM32F1xx_HAL_Driver/Src/stm32f1xx_hal_pcd_ex.o
 .debug_abbrev  0x0000000000001bdc      0x2a8 ./Drivers/STM32F1xx_HAL_Driver/Src/stm32f1xx_hal_rcc.o
 .debug_abbrev  0x0000000000001e84      0x182 ./Drivers/STM32F1xx_HAL_Driver/Src/stm32f1xx_hal_rcc_ex.o
 .debug_abbrev  0x0000000000002006      0x1cd ./Drivers/STM32F1xx_HAL_Driver/Src/stm32f1xx_ll_usb.o
 .debug_abbrev  0x00000000000021d3      0x272 ./Middlewares/ST/STM32_USB_Device_Library/Class/HID/Src/usbd_hid.o
 .debug_abbrev  0x0000000000002445      0x250 ./Middlewares/ST/STM32_USB_Device_Library/Core/Src/usbd_core.o
 .debug_abbrev  0x0000000000002695      0x271 ./Middlewares/ST/STM32_USB_Device_Library/Core/Src/usbd_ctlreq.o
 .debug_abbrev  0x0000000000002906      0x19d ./Middlewares/ST/STM32_USB_Device_Library/Core/Src/usbd_ioreq.o
 .debug_abbrev  0x0000000000002aa3      0x181 ./USB_DEVICE/App/usb_device.o
 .debug_abbrev  0x0000000000002c24      0x214 ./USB_DEVICE/App/usbd_desc.o
 .debug_abbrev  0x0000000000002e38      0x305 ./USB_DEVICE/Target/usbd_conf.o

.debug_aranges  0x0000000000000000      0xe10
 .debug_aranges
                0x0000000000000000       0x50 ./Core/Src/main.o
 .debug_aranges
                0x0000000000000050       0x30 ./Core/Src/stm32f1xx_hal_msp.o
 .debug_aranges
                0x0000000000000080       0x78 ./Core/Src/stm32f1xx_it.o
 .debug_aranges
                0x00000000000000f8       0x28 ./Core/Src/system_stm32f1xx.o
 .debug_aranges
                0x0000000000000120       0x28 ./Core/Startup/startup_stm32f103c8tx.o
 .debug_aranges
                0x0000000000000148       0x40 ./Core/drivers/keyboard.o
 .debug_aranges
                0x0000000000000188       0x98 ./Core/drivers/menu.o
 .debug_aranges
                0x0000000000000220       0x68 ./Core/drivers/ssd1306.o
 .debug_aranges
                0x0000000000000288       0xe0 ./Drivers/STM32F1xx_HAL_Driver/Src/stm32f1xx_hal.o
 .debug_aranges
                0x0000000000000368      0x100 ./Drivers/STM32F1xx_HAL_Driver/Src/stm32f1xx_hal_cortex.o
 .debug_aranges
                0x0000000000000468       0x58 ./Drivers/STM32F1xx_HAL_Driver/Src/stm32f1xx_hal_gpio.o
 .debug_aranges
                0x00000000000004c0      0x2a0 ./Drivers/STM32F1xx_HAL_Driver/Src/stm32f1xx_hal_i2c.o
 .debug_aranges
                0x0000000000000760      0x138 ./Drivers/STM32F1xx_HAL_Driver/Src/stm32f1xx_hal_pcd.o
 .debug_aranges
                0x0000000000000898       0x38 ./Drivers/STM32F1xx_HAL_Driver/Src/stm32f1xx_hal_pcd_ex.o
 .debug_aranges
                0x00000000000008d0       0x90 ./Drivers/STM32F1xx_HAL_Driver/Src/stm32f1xx_hal_rcc.o
 .debug_aranges
                0x0000000000000960       0x30 ./Drivers/STM32F1xx_HAL_Driver/Src/stm32f1xx_hal_rcc_ex.o
 .debug_aranges
                0x0000000000000990       0xf0 ./Drivers/STM32F1xx_HAL_Driver/Src/stm32f1xx_ll_usb.o
 .debug_aranges
                0x0000000000000a80       0x68 ./Middlewares/ST/STM32_USB_Device_Library/Class/HID/Src/usbd_hid.o
 .debug_aranges
                0x0000000000000ae8       0xb8 ./Middlewares/ST/STM32_USB_Device_Library/Core/Src/usbd_core.o
 .debug_aranges
                0x0000000000000ba0       0x88 ./Middlewares/ST/STM32_USB_Device_Library/Core/Src/usbd_ctlreq.o
 .debug_aranges
                0x0000000000000c28       0x50 ./Middlewares/ST/STM32_USB_Device_Library/Core/Src/usbd_ioreq.o
 .debug_aranges
                0x0000000000000c78       0x20 ./USB_DEVICE/App/usb_device.o
 .debug_aranges
                0x0000000000000c98       0x60 ./USB_DEVICE/App/usbd_desc.o
 .debug_aranges
                0x0000000000000cf8      0x118 ./USB_DEVICE/Target/usbd_conf.o

.debug_ranges   0x0000000000000000      0xcc0
 .debug_ranges  0x0000000000000000       0x40 ./Core/Src/main.o
 .debug_ranges  0x0000000000000040       0x20 ./Core/Src/stm32f1xx_hal_msp.o
 .debug_ranges  0x0000000000000060       0x68 ./Core/Src/stm32f1xx_it.o
 .debug_ranges  0x00000000000000c8       0x18 ./Core/Src/system_stm32f1xx.o
 .debug_ranges  0x00000000000000e0       0x20 ./Core/Startup/startup_stm32f103c8tx.o
 .debug_ranges  0x0000000000000100       0x30 ./Core/drivers/keyboard.o
 .debug_ranges  0x0000000000000130       0x88 ./Core/drivers/menu.o
 .debug_ranges  0x00000000000001b8       0x58 ./Core/drivers/ssd1306.o
 .debug_ranges  0x0000000000000210       0xd0 ./Drivers/STM32F1xx_HAL_Driver/Src/stm32f1xx_hal.o
 .debug_ranges  0x00000000000002e0       0xf0 ./Drivers/STM32F1xx_HAL_Driver/Src/stm32f1xx_hal_cortex.o
 .debug_ranges  0x00000000000003d0       0x48 ./Drivers/STM32F1xx_HAL_Driver/Src/stm32f1xx_hal_gpio.o
 .debug_ranges  0x0000000000000418      0x2b8 ./Drivers/STM32F1xx_HAL_Driver/Src/stm32f1xx_hal_i2c.o
 .debug_ranges  0x00000000000006d0      0x128 ./Drivers/STM32F1xx_HAL_Driver/Src/stm32f1xx_hal_pcd.o
 .debug_ranges  0x00000000000007f8       0x28 ./Drivers/STM32F1xx_HAL_Driver/Src/stm32f1xx_hal_pcd_ex.o
 .debug_ranges  0x0000000000000820       0x80 ./Drivers/STM32F1xx_HAL_Driver/Src/stm32f1xx_hal_rcc.o
 .debug_ranges  0x00000000000008a0       0x20 ./Drivers/STM32F1xx_HAL_Driver/Src/stm32f1xx_hal_rcc_ex.o
 .debug_ranges  0x00000000000008c0       0xe0 ./Drivers/STM32F1xx_HAL_Driver/Src/stm32f1xx_ll_usb.o
 .debug_ranges  0x00000000000009a0       0x58 ./Middlewares/ST/STM32_USB_Device_Library/Class/HID/Src/usbd_hid.o
 .debug_ranges  0x00000000000009f8       0xa8 ./Middlewares/ST/STM32_USB_Device_Library/Core/Src/usbd_core.o
 .debug_ranges  0x0000000000000aa0       0x78 ./Middlewares/ST/STM32_USB_Device_Library/Core/Src/usbd_ctlreq.o
 .debug_ranges  0x0000000000000b18       0x40 ./Middlewares/ST/STM32_USB_Device_Library/Core/Src/usbd_ioreq.o
 .debug_ranges  0x0000000000000b58       0x10 ./USB_DEVICE/App/usb_device.o
 .debug_ranges  0x0000000000000b68       0x50 ./USB_DEVICE/App/usbd_desc.o
 .debug_ranges  0x0000000000000bb8      0x108 ./USB_DEVICE/Target/usbd_conf.o

.debug_macro    0x0000000000000000    0x1a082
 .debug_macro   0x0000000000000000      0x434 ./Core/Src/main.o
 .debug_macro   0x0000000000000434      0xa6c ./Core/Src/main.o
 .debug_macro   0x0000000000000ea0      0x21b ./Core/Src/main.o
 .debug_macro   0x00000000000010bb       0x2e ./Core/Src/main.o
 .debug_macro   0x00000000000010e9       0x22 ./Core/Src/main.o
 .debug_macro   0x000000000000110b       0x22 ./Core/Src/main.o
 .debug_macro   0x000000000000112d       0x8e ./Core/Src/main.o
 .debug_macro   0x00000000000011bb       0x51 ./Core/Src/main.o
 .debug_macro   0x000000000000120c      0x103 ./Core/Src/main.o
 .debug_macro   0x000000000000130f       0x6a ./Core/Src/main.o
 .debug_macro   0x0000000000001379      0x1df ./Core/Src/main.o
 .debug_macro   0x0000000000001558       0x1c ./Core/Src/main.o
 .debug_macro   0x0000000000001574       0x22 ./Core/Src/main.o
 .debug_macro   0x0000000000001596       0xbd ./Core/Src/main.o
 .debug_macro   0x0000000000001653      0xd23 ./Core/Src/main.o
 .debug_macro   0x0000000000002376     0xe09e ./Core/Src/main.o
 .debug_macro   0x0000000000010414       0x6d ./Core/Src/main.o
 .debug_macro   0x0000000000010481     0x3468 ./Core/Src/main.o
 .debug_macro   0x00000000000138e9      0x174 ./Core/Src/main.o
 .debug_macro   0x0000000000013a5d       0x5c ./Core/Src/main.o
 .debug_macro   0x0000000000013ab9      0x5be ./Core/Src/main.o
 .debug_macro   0x0000000000014077      0x289 ./Core/Src/main.o
 .debug_macro   0x0000000000014300      0x1cb ./Core/Src/main.o
 .debug_macro   0x00000000000144cb      0x114 ./Core/Src/main.o
 .debug_macro   0x00000000000145df      0x1b2 ./Core/Src/main.o
 .debug_macro   0x0000000000014791       0x27 ./Core/Src/main.o
 .debug_macro   0x00000000000147b8      0x136 ./Core/Src/main.o
 .debug_macro   0x00000000000148ee      0x1bc ./Core/Src/main.o
 .debug_macro   0x0000000000014aaa       0x34 ./Core/Src/main.o
 .debug_macro   0x0000000000014ade       0x3c ./Core/Src/main.o
 .debug_macro   0x0000000000014b1a       0x57 ./Core/Src/main.o
 .debug_macro   0x0000000000014b71       0x88 ./Core/Src/main.o
 .debug_macro   0x0000000000014bf9      0x241 ./Core/Src/main.o
 .debug_macro   0x0000000000014e3a      0x287 ./Core/Src/main.o
 .debug_macro   0x00000000000150c1      0x141 ./Core/Src/main.o
 .debug_macro   0x0000000000015202       0x65 ./Core/Src/main.o
 .debug_macro   0x0000000000015267      0x249 ./Core/Src/main.o
 .debug_macro   0x00000000000154b0       0x83 ./Core/Src/main.o
 .debug_macro   0x0000000000015533       0x52 ./Core/Src/main.o
 .debug_macro   0x0000000000015585       0x18 ./Core/Src/main.o
 .debug_macro   0x000000000001559d       0x3c ./Core/Src/main.o
 .debug_macro   0x00000000000155d9       0x34 ./Core/Src/main.o
 .debug_macro   0x000000000001560d       0x16 ./Core/Src/main.o
 .debug_macro   0x0000000000015623       0x35 ./Core/Src/main.o
 .debug_macro   0x0000000000015658      0x341 ./Core/Src/main.o
 .debug_macro   0x0000000000015999       0x10 ./Core/Src/main.o
 .debug_macro   0x00000000000159a9       0x16 ./Core/Src/main.o
 .debug_macro   0x00000000000159bf       0x43 ./Core/Src/main.o
 .debug_macro   0x0000000000015a02       0x34 ./Core/Src/main.o
 .debug_macro   0x0000000000015a36       0x10 ./Core/Src/main.o
 .debug_macro   0x0000000000015a46       0x58 ./Core/Src/main.o
 .debug_macro   0x0000000000015a9e       0x71 ./Core/Src/main.o
 .debug_macro   0x0000000000015b0f       0x1c ./Core/Src/main.o
 .debug_macro   0x0000000000015b2b      0x12a ./Core/Src/main.o
 .debug_macro   0x0000000000015c55       0x10 ./Core/Src/main.o
 .debug_macro   0x0000000000015c65       0x1c ./Core/Src/main.o
 .debug_macro   0x0000000000015c81       0x52 ./Core/Src/main.o
 .debug_macro   0x0000000000015cd3       0x22 ./Core/Src/main.o
 .debug_macro   0x0000000000015cf5       0x10 ./Core/Src/main.o
 .debug_macro   0x0000000000015d05       0x52 ./Core/Src/main.o
 .debug_macro   0x0000000000015d57       0xd5 ./Core/Src/main.o
 .debug_macro   0x0000000000015e2c       0x1c ./Core/Src/main.o
 .debug_macro   0x0000000000015e48       0x3d ./Core/Src/main.o
 .debug_macro   0x0000000000015e85       0x16 ./Core/Src/main.o
 .debug_macro   0x0000000000015e9b      0x145 ./Core/Src/main.o
 .debug_macro   0x0000000000015fe0       0x16 ./Core/Src/main.o
 .debug_macro   0x0000000000015ff6       0x16 ./Core/Src/main.o
 .debug_macro   0x000000000001600c       0x29 ./Core/Src/main.o
 .debug_macro   0x0000000000016035       0x16 ./Core/Src/main.o
 .debug_macro   0x000000000001604b       0x20 ./Core/Src/main.o
 .debug_macro   0x000000000001606b       0x5f ./Core/Src/main.o
 .debug_macro   0x00000000000160ca      0x1c8 ./Core/Src/main.o
 .debug_macro   0x0000000000016292       0x5e ./Core/Src/main.o
 .debug_macro   0x00000000000162f0       0x70 ./Core/Src/main.o
 .debug_macro   0x0000000000016360       0x10 ./Core/Src/main.o
 .debug_macro   0x0000000000016370       0x16 ./Core/Src/main.o
 .debug_macro   0x0000000000016386       0x22 ./Core/Src/main.o
 .debug_macro   0x00000000000163a8      0x1bc ./Core/Src/stm32f1xx_hal_msp.o
 .debug_macro   0x0000000000016564      0x1c6 ./Core/Src/stm32f1xx_it.o
 .debug_macro   0x000000000001672a      0x1b2 ./Core/Src/system_stm32f1xx.o
 .debug_macro   0x00000000000168dc      0x3fa ./Core/drivers/keyboard.o
 .debug_macro   0x0000000000016cd6      0x2bb ./Core/drivers/menu.o
 .debug_macro   0x0000000000016f91       0x1c ./Core/drivers/menu.o
 .debug_macro   0x0000000000016fad       0x10 ./Core/drivers/menu.o
 .debug_macro   0x0000000000016fbd      0x1cb ./Core/drivers/ssd1306.o
 .debug_macro   0x0000000000017188      0x1d6 ./Drivers/STM32F1xx_HAL_Driver/Src/stm32f1xx_hal.o
 .debug_macro   0x000000000001735e      0x1b2 ./Drivers/STM32F1xx_HAL_Driver/Src/stm32f1xx_hal_cortex.o
 .debug_macro   0x0000000000017510      0x21d ./Drivers/STM32F1xx_HAL_Driver/Src/stm32f1xx_hal_gpio.o
 .debug_macro   0x000000000001772d      0x1f9 ./Drivers/STM32F1xx_HAL_Driver/Src/stm32f1xx_hal_i2c.o
 .debug_macro   0x0000000000017926      0x1be ./Drivers/STM32F1xx_HAL_Driver/Src/stm32f1xx_hal_pcd.o
 .debug_macro   0x0000000000017ae4      0x1b2 ./Drivers/STM32F1xx_HAL_Driver/Src/stm32f1xx_hal_pcd_ex.o
 .debug_macro   0x0000000000017c96      0x1c4 ./Drivers/STM32F1xx_HAL_Driver/Src/stm32f1xx_hal_rcc.o
 .debug_macro   0x0000000000017e5a      0x1b2 ./Drivers/STM32F1xx_HAL_Driver/Src/stm32f1xx_hal_rcc_ex.o
 .debug_macro   0x000000000001800c      0x1b2 ./Drivers/STM32F1xx_HAL_Driver/Src/stm32f1xx_ll_usb.o
 .debug_macro   0x00000000000181be      0x3d2 ./Middlewares/ST/STM32_USB_Device_Library/Class/HID/Src/usbd_hid.o
 .debug_macro   0x0000000000018590       0x97 ./Middlewares/ST/STM32_USB_Device_Library/Class/HID/Src/usbd_hid.o
 .debug_macro   0x0000000000018627       0xfd ./Middlewares/ST/STM32_USB_Device_Library/Class/HID/Src/usbd_hid.o
 .debug_macro   0x0000000000018724       0x56 ./Middlewares/ST/STM32_USB_Device_Library/Class/HID/Src/usbd_hid.o
 .debug_macro   0x000000000001877a      0x3b9 ./Middlewares/ST/STM32_USB_Device_Library/Core/Src/usbd_core.o
 .debug_macro   0x0000000000018b33      0x1ce ./Middlewares/ST/STM32_USB_Device_Library/Core/Src/usbd_core.o
 .debug_macro   0x0000000000018d01      0x3c3 ./Middlewares/ST/STM32_USB_Device_Library/Core/Src/usbd_ctlreq.o
 .debug_macro   0x00000000000190c4      0x3bf ./Middlewares/ST/STM32_USB_Device_Library/Core/Src/usbd_ioreq.o
 .debug_macro   0x0000000000019483      0x3ef ./USB_DEVICE/App/usb_device.o
 .debug_macro   0x0000000000019872       0x22 ./USB_DEVICE/App/usb_device.o
 .debug_macro   0x0000000000019894      0x3f6 ./USB_DEVICE/App/usbd_desc.o
 .debug_macro   0x0000000000019c8a       0x1c ./USB_DEVICE/App/usbd_desc.o
 .debug_macro   0x0000000000019ca6      0x3dc ./USB_DEVICE/Target/usbd_conf.o

.debug_line     0x0000000000000000    0x12ef5
 .debug_line    0x0000000000000000      0xbda ./Core/Src/main.o
 .debug_line    0x0000000000000bda      0x6d2 ./Core/Src/stm32f1xx_hal_msp.o
 .debug_line    0x00000000000012ac      0x793 ./Core/Src/stm32f1xx_it.o
 .debug_line    0x0000000000001a3f      0x705 ./Core/Src/system_stm32f1xx.o
 .debug_line    0x0000000000002144       0x87 ./Core/Startup/startup_stm32f103c8tx.o
 .debug_line    0x00000000000021cb      0xacd ./Core/drivers/keyboard.o
 .debug_line    0x0000000000002c98      0xaa6 ./Core/drivers/menu.o
 .debug_line    0x000000000000373e      0x9d2 ./Core/drivers/ssd1306.o
 .debug_line    0x0000000000004110      0x932 ./Drivers/STM32F1xx_HAL_Driver/Src/stm32f1xx_hal.o
 .debug_line    0x0000000000004a42      0xb1a ./Drivers/STM32F1xx_HAL_Driver/Src/stm32f1xx_hal_cortex.o
 .debug_line    0x000000000000555c      0x9c9 ./Drivers/STM32F1xx_HAL_Driver/Src/stm32f1xx_hal_gpio.o
 .debug_line    0x0000000000005f25     0x3a1c ./Drivers/STM32F1xx_HAL_Driver/Src/stm32f1xx_hal_i2c.o
 .debug_line    0x0000000000009941     0x1320 ./Drivers/STM32F1xx_HAL_Driver/Src/stm32f1xx_hal_pcd.o
 .debug_line    0x000000000000ac61      0x700 ./Drivers/STM32F1xx_HAL_Driver/Src/stm32f1xx_hal_pcd_ex.o
 .debug_line    0x000000000000b361      0xd40 ./Drivers/STM32F1xx_HAL_Driver/Src/stm32f1xx_hal_rcc.o
 .debug_line    0x000000000000c0a1      0x87e ./Drivers/STM32F1xx_HAL_Driver/Src/stm32f1xx_hal_rcc_ex.o
 .debug_line    0x000000000000c91f     0x1065 ./Drivers/STM32F1xx_HAL_Driver/Src/stm32f1xx_ll_usb.o
 .debug_line    0x000000000000d984      0xbca ./Middlewares/ST/STM32_USB_Device_Library/Class/HID/Src/usbd_hid.o
 .debug_line    0x000000000000e54e      0xd91 ./Middlewares/ST/STM32_USB_Device_Library/Core/Src/usbd_core.o
 .debug_line    0x000000000000f2df      0xfb3 ./Middlewares/ST/STM32_USB_Device_Library/Core/Src/usbd_ctlreq.o
 .debug_line    0x0000000000010292      0xa27 ./Middlewares/ST/STM32_USB_Device_Library/Core/Src/usbd_ioreq.o
 .debug_line    0x0000000000010cb9      0x9cc ./USB_DEVICE/App/usb_device.o
 .debug_line    0x0000000000011685      0xab0 ./USB_DEVICE/App/usbd_desc.o
 .debug_line    0x0000000000012135      0xdc0 ./USB_DEVICE/Target/usbd_conf.o

.debug_str      0x0000000000000000    0x874ed
 .debug_str     0x0000000000000000    0x83ffc ./Core/Src/main.o
                                      0x844ab (size before relaxing)
 .debug_str     0x0000000000083ffc       0x91 ./Core/Src/stm32f1xx_hal_msp.o
                                      0x7f20b (size before relaxing)
 .debug_str     0x000000000008408d      0x40e ./Core/Src/stm32f1xx_it.o
                                      0x7f11c (size before relaxing)
 .debug_str     0x000000000008449b       0x7e ./Core/Src/system_stm32f1xx.o
                                      0x7ecc8 (size before relaxing)
 .debug_str     0x0000000000084519       0x36 ./Core/Startup/startup_stm32f103c8tx.o
                                         0x73 (size before relaxing)
 .debug_str     0x000000000008454f      0x425 ./Core/drivers/keyboard.o
                                      0x83d0f (size before relaxing)
 .debug_str     0x0000000000084974      0x1a8 ./Core/drivers/menu.o
                                      0x82353 (size before relaxing)
 .debug_str     0x0000000000084b1c      0x108 ./Core/drivers/ssd1306.o
                                      0x7f2ae (size before relaxing)
 .debug_str     0x0000000000084c24      0x378 ./Drivers/STM32F1xx_HAL_Driver/Src/stm32f1xx_hal.o
                                      0x7f3fb (size before relaxing)
 .debug_str     0x0000000000084f9c      0x280 ./Drivers/STM32F1xx_HAL_Driver/Src/stm32f1xx_hal_cortex.o
                                      0x7f347 (size before relaxing)
 .debug_str     0x000000000008521c      0x29c ./Drivers/STM32F1xx_HAL_Driver/Src/stm32f1xx_hal_gpio.o
                                      0x7f04e (size before relaxing)
 .debug_str     0x00000000000854b8      0xb58 ./Drivers/STM32F1xx_HAL_Driver/Src/stm32f1xx_hal_i2c.o
                                      0x7fd3c (size before relaxing)
 .debug_str     0x0000000000086010      0x573 ./Drivers/STM32F1xx_HAL_Driver/Src/stm32f1xx_hal_pcd.o
                                      0x7f5a0 (size before relaxing)
 .debug_str     0x0000000000086583      0x170 ./Drivers/STM32F1xx_HAL_Driver/Src/stm32f1xx_hal_pcd_ex.o
                                      0x7f13c (size before relaxing)
 .debug_str     0x00000000000866f3      0x209 ./Drivers/STM32F1xx_HAL_Driver/Src/stm32f1xx_hal_rcc.o
                                      0x7f0f7 (size before relaxing)
 .debug_str     0x00000000000868fc       0x9f ./Drivers/STM32F1xx_HAL_Driver/Src/stm32f1xx_hal_rcc_ex.o
                                      0x7ee47 (size before relaxing)
 .debug_str     0x000000000008699b      0x129 ./Drivers/STM32F1xx_HAL_Driver/Src/stm32f1xx_ll_usb.o
                                      0x7f16f (size before relaxing)
 .debug_str     0x0000000000086ac4      0x298 ./Middlewares/ST/STM32_USB_Device_Library/Class/HID/Src/usbd_hid.o
                                      0x83ce9 (size before relaxing)
 .debug_str     0x0000000000086d5c      0x298 ./Middlewares/ST/STM32_USB_Device_Library/Core/Src/usbd_core.o
                                      0x83b84 (size before relaxing)
 .debug_str     0x0000000000086ff4      0x11b ./Middlewares/ST/STM32_USB_Device_Library/Core/Src/usbd_ctlreq.o
                                      0x83a9e (size before relaxing)
 .debug_str     0x000000000008710f       0x79 ./Middlewares/ST/STM32_USB_Device_Library/Core/Src/usbd_ioreq.o
                                      0x839cb (size before relaxing)
 .debug_str     0x0000000000087188       0xa2 ./USB_DEVICE/App/usb_device.o
                                      0x83b40 (size before relaxing)
 .debug_str     0x000000000008722a      0x24b ./USB_DEVICE/App/usbd_desc.o
                                      0x838fa (size before relaxing)
 .debug_str     0x0000000000087475       0x78 ./USB_DEVICE/Target/usbd_conf.o
                                      0x84673 (size before relaxing)

.comment        0x0000000000000000       0x50
 .comment       0x0000000000000000       0x50 ./Core/Src/main.o
                                         0x51 (size before relaxing)
 .comment       0x0000000000000050       0x51 ./Core/Src/stm32f1xx_hal_msp.o
 .comment       0x0000000000000050       0x51 ./Core/Src/stm32f1xx_it.o
 .comment       0x0000000000000050       0x51 ./Core/Src/system_stm32f1xx.o
 .comment       0x0000000000000050       0x51 ./Core/drivers/keyboard.o
 .comment       0x0000000000000050       0x51 ./Core/drivers/menu.o
 .comment       0x0000000000000050       0x51 ./Core/drivers/ssd1306.o
 .comment       0x0000000000000050       0x51 ./Drivers/STM32F1xx_HAL_Driver/Src/stm32f1xx_hal.o
 .comment       0x0000000000000050       0x51 ./Drivers/STM32F1xx_HAL_Driver/Src/stm32f1xx_hal_cortex.o
 .comment       0x0000000000000050       0x51 ./Drivers/STM32F1xx_HAL_Driver/Src/stm32f1xx_hal_gpio.o
 .comment       0x0000000000000050       0x51 ./Drivers/STM32F1xx_HAL_Driver/Src/stm32f1xx_hal_i2c.o
 .comment       0x0000000000000050       0x51 ./Drivers/STM32F1xx_HAL_Driver/Src/stm32f1xx_hal_pcd.o
 .comment       0x0000000000000050       0x51 ./Drivers/STM32F1xx_HAL_Driver/Src/stm32f1xx_hal_pcd_ex.o
 .comment       0x0000000000000050       0x51 ./Drivers/STM32F1xx_HAL_Driver/Src/stm32f1xx_hal_rcc.o
 .comment       0x0000000000000050       0x51 ./Drivers/STM32F1xx_HAL_Driver/Src/stm32f1xx_hal_rcc_ex.o
 .comment       0x0000000000000050       0x51 ./Drivers/STM32F1xx_HAL_Driver/Src/stm32f1xx_ll_usb.o
 .comment       0x0000000000000050       0x51 ./Middlewares/ST/STM32_USB_Device_Library/Class/HID/Src/usbd_hid.o
 .comment       0x0000000000000050       0x51 ./Middlewares/ST/STM32_USB_Device_Library/Core/Src/usbd_core.o
 .comment       0x0000000000000050       0x51 ./Middlewares/ST/STM32_USB_Device_Library/Core/Src/usbd_ctlreq.o
 .comment       0x0000000000000050       0x51 ./Middlewares/ST/STM32_USB_Device_Library/Core/Src/usbd_ioreq.o
 .comment       0x0000000000000050       0x51 ./USB_DEVICE/App/usb_device.o
 .comment       0x0000000000000050       0x51 ./USB_DEVICE/App/usbd_desc.o
 .comment       0x0000000000000050       0x51 ./USB_DEVICE/Target/usbd_conf.o

.debug_frame    0x0000000000000000     0x3828
 .debug_frame   0x0000000000000000       0xe8 ./Core/Src/main.o
 .debug_frame   0x00000000000000e8       0x80 ./Core/Src/stm32f1xx_hal_msp.o
 .debug_frame   0x0000000000000168      0x158 ./Core/Src/stm32f1xx_it.o
 .debug_frame   0x00000000000002c0       0x58 ./Core/Src/system_stm32f1xx.o
 .debug_frame   0x0000000000000318       0xc4 ./Core/drivers/keyboard.o
 .debug_frame   0x00000000000003dc      0x254 ./Core/drivers/menu.o
 .debug_frame   0x0000000000000630      0x18c ./Core/drivers/ssd1306.o
 .debug_frame   0x00000000000007bc      0x334 ./Drivers/STM32F1xx_HAL_Driver/Src/stm32f1xx_hal.o
 .debug_frame   0x0000000000000af0      0x428 ./Drivers/STM32F1xx_HAL_Driver/Src/stm32f1xx_hal_cortex.o
 .debug_frame   0x0000000000000f18      0x14c ./Drivers/STM32F1xx_HAL_Driver/Src/stm32f1xx_hal_gpio.o
 .debug_frame   0x0000000000001064      0xc5c ./Drivers/STM32F1xx_HAL_Driver/Src/stm32f1xx_hal_i2c.o
 .debug_frame   0x0000000000001cc0      0x578 ./Drivers/STM32F1xx_HAL_Driver/Src/stm32f1xx_hal_pcd.o
 .debug_frame   0x0000000000002238       0xb0 ./Drivers/STM32F1xx_HAL_Driver/Src/stm32f1xx_hal_pcd_ex.o
 .debug_frame   0x00000000000022e8      0x21c ./Drivers/STM32F1xx_HAL_Driver/Src/stm32f1xx_hal_rcc.o
 .debug_frame   0x0000000000002504       0x84 ./Drivers/STM32F1xx_HAL_Driver/Src/stm32f1xx_hal_rcc_ex.o
 .debug_frame   0x0000000000002588      0x450 ./Drivers/STM32F1xx_HAL_Driver/Src/stm32f1xx_ll_usb.o
 .debug_frame   0x00000000000029d8      0x190 ./Middlewares/ST/STM32_USB_Device_Library/Class/HID/Src/usbd_hid.o
 .debug_frame   0x0000000000002b68      0x300 ./Middlewares/ST/STM32_USB_Device_Library/Core/Src/usbd_core.o
 .debug_frame   0x0000000000002e68      0x218 ./Middlewares/ST/STM32_USB_Device_Library/Core/Src/usbd_ctlreq.o
 .debug_frame   0x0000000000003080      0x10c ./Middlewares/ST/STM32_USB_Device_Library/Core/Src/usbd_ioreq.o
 .debug_frame   0x000000000000318c       0x2c ./USB_DEVICE/App/usb_device.o
 .debug_frame   0x00000000000031b8      0x160 ./USB_DEVICE/App/usbd_desc.o
 .debug_frame   0x0000000000003318      0x4a4 ./USB_DEVICE/Target/usbd_conf.o
 .debug_frame   0x00000000000037bc       0x2c c:/st/stm32cubeide_1.10.1/stm32cubeide/plugins/com.st.stm32cube.ide.mcu.externaltools.gnu-tools-for-stm32.10.3-2021.10.win32_1.0.0.202111181127/tools/bin/../lib/gcc/arm-none-eabi/10.3.1/../../../../arm-none-eabi/lib/thumb/v7-m/nofp\libc_nano.a(lib_a-init.o)
 .debug_frame   0x00000000000037e8       0x20 c:/st/stm32cubeide_1.10.1/stm32cubeide/plugins/com.st.stm32cube.ide.mcu.externaltools.gnu-tools-for-stm32.10.3-2021.10.win32_1.0.0.202111181127/tools/bin/../lib/gcc/arm-none-eabi/10.3.1/../../../../arm-none-eabi/lib/thumb/v7-m/nofp\libc_nano.a(lib_a-memset.o)
 .debug_frame   0x0000000000003808       0x20 c:/st/stm32cubeide_1.10.1/stm32cubeide/plugins/com.st.stm32cube.ide.mcu.externaltools.gnu-tools-for-stm32.10.3-2021.10.win32_1.0.0.202111181127/tools/bin/../lib/gcc/arm-none-eabi/10.3.1/../../../../arm-none-eabi/lib/thumb/v7-m/nofp\libc_nano.a(lib_a-strcpy.o)
