Archive member included to satisfy reference by file (symbol)

c:/st/stm32cubeide_1.10.1/stm32cubeide/plugins/com.st.stm32cube.ide.mcu.externaltools.gnu-tools-for-stm32.10.3-2021.10.win32_1.0.0.202111181127/tools/bin/../lib/gcc/arm-none-eabi/10.3.1/../../../../arm-none-eabi/lib/thumb/v7-m/nofp\libc_nano.a(lib_a-errno.o)
                              ./Core/Src/syscalls.o (__errno)
c:/st/stm32cubeide_1.10.1/stm32cubeide/plugins/com.st.stm32cube.ide.mcu.externaltools.gnu-tools-for-stm32.10.3-2021.10.win32_1.0.0.202111181127/tools/bin/../lib/gcc/arm-none-eabi/10.3.1/../../../../arm-none-eabi/lib/thumb/v7-m/nofp\libc_nano.a(lib_a-exit.o)
                              c:/st/stm32cubeide_1.10.1/stm32cubeide/plugins/com.st.stm32cube.ide.mcu.externaltools.gnu-tools-for-stm32.10.3-2021.10.win32_1.0.0.202111181127/tools/bin/../lib/gcc/arm-none-eabi/10.3.1/../../../../arm-none-eabi/lib/thumb/v7-m/nofp/crt0.o (exit)
c:/st/stm32cubeide_1.10.1/stm32cubeide/plugins/com.st.stm32cube.ide.mcu.externaltools.gnu-tools-for-stm32.10.3-2021.10.win32_1.0.0.202111181127/tools/bin/../lib/gcc/arm-none-eabi/10.3.1/../../../../arm-none-eabi/lib/thumb/v7-m/nofp\libc_nano.a(lib_a-impure.o)
                              c:/st/stm32cubeide_1.10.1/stm32cubeide/plugins/com.st.stm32cube.ide.mcu.externaltools.gnu-tools-for-stm32.10.3-2021.10.win32_1.0.0.202111181127/tools/bin/../lib/gcc/arm-none-eabi/10.3.1/../../../../arm-none-eabi/lib/thumb/v7-m/nofp\libc_nano.a(lib_a-exit.o) (_global_impure_ptr)
c:/st/stm32cubeide_1.10.1/stm32cubeide/plugins/com.st.stm32cube.ide.mcu.externaltools.gnu-tools-for-stm32.10.3-2021.10.win32_1.0.0.202111181127/tools/bin/../lib/gcc/arm-none-eabi/10.3.1/../../../../arm-none-eabi/lib/thumb/v7-m/nofp\libc_nano.a(lib_a-init.o)
                              c:/st/stm32cubeide_1.10.1/stm32cubeide/plugins/com.st.stm32cube.ide.mcu.externaltools.gnu-tools-for-stm32.10.3-2021.10.win32_1.0.0.202111181127/tools/bin/../lib/gcc/arm-none-eabi/10.3.1/../../../../arm-none-eabi/lib/thumb/v7-m/nofp/crt0.o (__libc_init_array)
c:/st/stm32cubeide_1.10.1/stm32cubeide/plugins/com.st.stm32cube.ide.mcu.externaltools.gnu-tools-for-stm32.10.3-2021.10.win32_1.0.0.202111181127/tools/bin/../lib/gcc/arm-none-eabi/10.3.1/../../../../arm-none-eabi/lib/thumb/v7-m/nofp\libc_nano.a(lib_a-memset.o)
                              c:/st/stm32cubeide_1.10.1/stm32cubeide/plugins/com.st.stm32cube.ide.mcu.externaltools.gnu-tools-for-stm32.10.3-2021.10.win32_1.0.0.202111181127/tools/bin/../lib/gcc/arm-none-eabi/10.3.1/../../../../arm-none-eabi/lib/thumb/v7-m/nofp/crt0.o (memset)

Discarded input sections

 .text          0x0000000000000000        0x0 c:/st/stm32cubeide_1.10.1/stm32cubeide/plugins/com.st.stm32cube.ide.mcu.externaltools.gnu-tools-for-stm32.10.3-2021.10.win32_1.0.0.202111181127/tools/bin/../lib/gcc/arm-none-eabi/10.3.1/thumb/v7-m/nofp/crti.o
 .data          0x0000000000000000        0x0 c:/st/stm32cubeide_1.10.1/stm32cubeide/plugins/com.st.stm32cube.ide.mcu.externaltools.gnu-tools-for-stm32.10.3-2021.10.win32_1.0.0.202111181127/tools/bin/../lib/gcc/arm-none-eabi/10.3.1/thumb/v7-m/nofp/crti.o
 .bss           0x0000000000000000        0x0 c:/st/stm32cubeide_1.10.1/stm32cubeide/plugins/com.st.stm32cube.ide.mcu.externaltools.gnu-tools-for-stm32.10.3-2021.10.win32_1.0.0.202111181127/tools/bin/../lib/gcc/arm-none-eabi/10.3.1/thumb/v7-m/nofp/crti.o
 .data          0x0000000000000000        0x4 c:/st/stm32cubeide_1.10.1/stm32cubeide/plugins/com.st.stm32cube.ide.mcu.externaltools.gnu-tools-for-stm32.10.3-2021.10.win32_1.0.0.202111181127/tools/bin/../lib/gcc/arm-none-eabi/10.3.1/thumb/v7-m/nofp/crtbegin.o
 .rodata        0x0000000000000000       0x24 c:/st/stm32cubeide_1.10.1/stm32cubeide/plugins/com.st.stm32cube.ide.mcu.externaltools.gnu-tools-for-stm32.10.3-2021.10.win32_1.0.0.202111181127/tools/bin/../lib/gcc/arm-none-eabi/10.3.1/thumb/v7-m/nofp/crtbegin.o
 .text          0x0000000000000000       0x7c c:/st/stm32cubeide_1.10.1/stm32cubeide/plugins/com.st.stm32cube.ide.mcu.externaltools.gnu-tools-for-stm32.10.3-2021.10.win32_1.0.0.202111181127/tools/bin/../lib/gcc/arm-none-eabi/10.3.1/../../../../arm-none-eabi/lib/thumb/v7-m/nofp/crt0.o
 .data          0x0000000000000000        0x0 c:/st/stm32cubeide_1.10.1/stm32cubeide/plugins/com.st.stm32cube.ide.mcu.externaltools.gnu-tools-for-stm32.10.3-2021.10.win32_1.0.0.202111181127/tools/bin/../lib/gcc/arm-none-eabi/10.3.1/../../../../arm-none-eabi/lib/thumb/v7-m/nofp/crt0.o
 .bss           0x0000000000000000        0x0 c:/st/stm32cubeide_1.10.1/stm32cubeide/plugins/com.st.stm32cube.ide.mcu.externaltools.gnu-tools-for-stm32.10.3-2021.10.win32_1.0.0.202111181127/tools/bin/../lib/gcc/arm-none-eabi/10.3.1/../../../../arm-none-eabi/lib/thumb/v7-m/nofp/crt0.o
[...]
Memory Configuration

Name             Origin             Length             Attributes
RAM              0x0000000020000000 0x0000000000005000 xrw
FLASH            0x0000000008000000 0x0000000000010000 xr
*default*        0x0000000000000000 0xffffffffffffffff

Linker script and memory map

LOAD c:/st/stm32cubeide_1.10.1/stm32cubeide/plugins/com.st.stm32cube.ide.mcu.externaltools.gnu-tools-for-stm32.10.3-2021.10.win32_1.0.0.202111181127/tools/bin/../lib/gcc/arm-none-eabi/10.3.1/thumb/v7-m/nofp/crti.o
LOAD c:/st/stm32cubeide_1.10.1/stm32cubeide/plugins/com.st.stm32cube.ide.mcu.externaltools.gnu-tools-for-stm32.10.3-2021.10.win32_1.0.0.202111181127/tools/bin/../lib/gcc/arm-none-eabi/10.3.1/thumb/v7-m/nofp/crtbegin.o
LOAD c:/st/stm32cubeide_1.10.1/stm32cubeide/plugins/com.st.stm32cube.ide.mcu.externaltools.gnu-tools-for-stm32.10.3-2021.10.win32_1.0.0.202111181127/tools/bin/../lib/gcc/arm-none-eabi/10.3.1/../../../../arm-none-eabi/lib/thumb/v7-m/nofp/crt0.o
LOAD ./Core/Src/main.o
LOAD ./Core/Src/stm32f1xx_hal_msp.o
LOAD ./Core/Src/stm32f1xx_it.o
LOAD ./Core/Src/syscalls.o
LOAD ./Core/Src/sysmem.o
LOAD ./Core/Src/system_stm32f1xx.o
LOAD ./Core/Startup/startup_stm32f103c8tx.o
LOAD ./Core/drivers/fonts.o
LOAD ./Core/drivers/keyboard.o
LOAD ./Core/drivers/ssd1306.o
LOAD ./Drivers/STM32F1xx_HAL_Driver/Src/stm32f1xx_hal.o
LOAD ./Drivers/STM32F1xx_HAL_Driver/Src/stm32f1xx_hal_cortex.o
LOAD ./Drivers/STM32F1xx_HAL_Driver/Src/stm32f1xx_hal_dma.o
LOAD ./Drivers/STM32F1xx_HAL_Driver/Src/stm32f1xx_hal_exti.o
LOAD ./Drivers/STM32F1xx_HAL_Driver/Src/stm32f1xx_hal_flash.o
LOAD ./Drivers/STM32F1xx_HAL_Driver/Src/stm32f1xx_hal_flash_ex.o
LOAD ./Drivers/STM32F1xx_HAL_Driver/Src/stm32f1xx_hal_gpio.o
LOAD ./Drivers/STM32F1xx_HAL_Driver/Src/stm32f1xx_hal_gpio_ex.o
LOAD ./Drivers/STM32F1xx_HAL_Driver/Src/stm32f1xx_hal_i2c.o
LOAD ./Drivers/STM32F1xx_HAL_Driver/Src/stm32f1xx_hal_pcd.o
LOAD ./Drivers/STM32F1xx_HAL_Driver/Src/stm32f1xx_hal_pcd_ex.o
LOAD ./Drivers/STM32F1xx_HAL_Driver/Src/stm32f1xx_hal_pwr.o
LOAD ./Drivers/STM32F1xx_HAL_Driver/Src/stm32f1xx_hal_rcc.o
LOAD ./Drivers/STM32F1xx_HAL_Driver/Src/stm32f1xx_hal_rcc_ex.o
LOAD ./Drivers/STM32F1xx_HAL_Driver/Src/stm32f1xx_hal_tim.o
LOAD ./Drivers/STM32F1xx_HAL_Driver/Src/stm32f1xx_hal_tim_ex.o
LOAD ./Drivers/STM32F1xx_HAL_Driver/Src/stm32f1xx_ll_usb.o
LOAD ./Middlewares/ST/STM32_USB_Device_Library/Class/HID/Src/usbd_hid.o
LOAD ./Middlewares/ST/STM32_USB_Device_Library/Core/Src/usbd_core.o
LOAD ./Middlewares/ST/STM32_USB_Device_Library/Core/Src/usbd_ctlreq.o
LOAD ./Middlewares/ST/STM32_USB_Device_Library/Core/Src/usbd_ioreq.o
LOAD ./USB_DEVICE/App/usb_device.o
LOAD ./USB_DEVICE/App/usbd_desc.o
LOAD ./USB_DEVICE/Target/usbd_conf.o
START GROUP
LOAD c:/st/stm32cubeide_1.10.1/stm32cubeide/plugins/com.st.stm32cube.ide.mcu.externaltools.gnu-tools-for-stm32.10.3-2021.10.win32_1.0.0.202111181127/tools/bin/../lib/gcc/arm-none-eabi/10.3.1/../../../../arm-none-eabi/lib/thumb/v7-m/nofp\libc_nano.a
LOAD c:/st/stm32cubeide_1.10.1/stm32cubeide/plugins/com.st.stm32cube.ide.mcu.externaltools.gnu-tools-for-stm32.10.3-2021.10.win32_1.0.0.202111181127/tools/bin/../lib/gcc/arm-none-eabi/10.3.1/../../../../arm-none-eabi/lib/thumb/v7-m/nofp\libm.a
END GROUP
START GROUP
LOAD c:/st/stm32cubeide_1.10.1/stm32cubeide/plugins/com.st.stm32cube.ide.mcu.externaltools.gnu-tools-for-stm32.10.3-2021.10.win32_1.0.0.202111181127/tools/bin/../lib/gcc/arm-none-eabi/10.3.1/thumb/v7-m/nofp\libgcc.a
LOAD c:/st/stm32cubeide_1.10.1/stm32cubeide/plugins/com.st.stm32cube.ide.mcu.externaltools.gnu-tools-for-stm32.10.3-2021.10.win32_1.0.0.202111181127/tools/bin/../lib/gcc/arm-none-eabi/10.3.1/../../../../arm-none-eabi/lib/thumb/v7-m/nofp\libc_nano.a
END GROUP
START GROUP
LOAD c:/st/stm32cubeide_1.10.1/stm32cubeide/plugins/com.st.stm32cube.ide.mcu.externaltools.gnu-tools-for-stm32.10.3-2021.10.win32_1.0.0.202111181127/tools/bin/../lib/gcc/arm-none-eabi/10.3.1/thumb/v7-m/nofp\libgcc.a
LOAD c:/st/stm32cubeide_1.10.1/stm32cubeide/plugins/com.st.stm32cube.ide.mcu.externaltools.gnu-tools-for-stm32.10.3-2021.10.win32_1.0.0.202111181127/tools/bin/../lib/gcc/arm-none-eabi/10.3.1/../../../../arm-none-eabi/lib/thumb/v7-m/nofp\libc_nano.a
LOAD c:/st/stm32cubeide_1.10.1/stm32cubeide/plugins/com.st.stm32cube.ide.mcu.externaltools.gnu-tools-for-stm32.10.3-2021.10.win32_1.0.0.202111181127/tools/bin/../lib/gcc/arm-none-eabi/10.3.1/../../../../arm-none-eabi/lib/thumb/v7-m/nofp\libnosys.a
END GROUP
START GROUP
LOAD c:/st/stm32cubeide_1.10.1/stm32cubeide/plugins/com.st.stm32cube.ide.mcu.externaltools.gnu-tools-for-stm32.10.3-2021.10.win32_1.0.0.202111181127/tools/bin/../lib/gcc/arm-none-eabi/10.3.1/thumb/v7-m/nofp\libgcc.a
LOAD c:/st/stm32cubeide_1.10.1/stm32cubeide/plugins/com.st.stm32cube.ide.mcu.externaltools.gnu-tools-for-stm32.10.3-2021.10.win32_1.0.0.202111181127/tools/bin/../lib/gcc/arm-none-eabi/10.3.1/../../../../arm-none-eabi/lib/thumb/v7-m/nofp\libc_nano.a
LOAD c:/st/stm32cubeide_1.10.1/stm32cubeide/plugins/com.st.stm32cube.ide.mcu.externaltools.gnu-tools-for-stm32.10.3-2021.10.win32_1.0.0.202111181127/tools/bin/../lib/gcc/arm-none-eabi/10.3.1/../../../../arm-none-eabi/lib/thumb/v7-m/nofp\libnosys.a
END GROUP
LOAD c:/st/stm32cubeide_1.10.1/stm32cubeide/plugins/com.st.stm32cube.ide.mcu.externaltools.gnu-tools-for-stm32.10.3-2021.10.win32_1.0.0.202111181127/tools/bin/../lib/gcc/arm-none-eabi/10.3.1/thumb/v7-m/nofp/crtend.o
LOAD c:/st/stm32cubeide_1.10.1/stm32cubeide/plugins/com.st.stm32cube.ide.mcu.externaltools.gnu-tools-for-stm32.10.3-2021.10.win32_1.0.0.202111181127/tools/bin/../lib/gcc/arm-none-eabi/10.3.1/thumb/v7-m/nofp/crtn.o
                0x0000000020005000                _estack = (ORIGIN (RAM) + LENGTH (RAM))
                0x0000000000000200                _Min_Heap_Size = 0x200
                0x0000000000000400                _Min_Stack_Size = 0x400

.isr_vector     0x0000000008000000      0x10c
                0x0000000008000000                . = ALIGN (0x4)
 *(.isr_vector)
 .isr_vector    0x0000000008000000      0x10c ./Core/Startup/startup_stm32f103c8tx.o
                0x0000000008000000                g_pfnVectors
                0x000000000800010c                . = ALIGN (0x4)

.text           0x000000000800010c     0x8658
                0x000000000800010c                . = ALIGN (0x4)
 *(.text)
 .text          0x000000000800010c       0x40 c:/st/stm32cubeide_1.10.1/stm32cubeide/plugins/com.st.stm32cube.ide.mcu.externaltools.gnu-tools-for-stm32.10.3-2021.10.win32_1.0.0.202111181127/tools/bin/../lib/gcc/arm-none-eabi/10.3.1/thumb/v7-m/nofp/crtbegin.o
 *(.text*)
 .text.main     0x000000000800014c       0xdc ./Core/Src/main.o
                0x000000000800014c                main
 .text.SystemClock_Config
                0x0000000008000228       0xb6 ./Core/Src/main.o
                0x0000000008000228                SystemClock_Config
 *fill*         0x00000000080002de        0x2 
 .text.MX_I2C1_Init
                0x00000000080002e0       0x5c ./Core/Src/main.o
 .text.MX_GPIO_Init
                0x000000000800033c       0xc8 ./Core/Src/main.o
 .text.HAL_GPIO_EXTI_Callback
                0x0000000008000404       0x60 ./Core/Src/main.o
                0x0000000008000404                HAL_GPIO_EXTI_Callback
 .text.Error_Handler
                0x0000000008000464        0xa ./Core/Src/main.o
                0x0000000008000464                Error_Handler
 *fill*         0x000000000800046e        0x2 
 .text.HAL_MspInit
                0x0000000008000470       0x64 ./Core/Src/stm32f1xx_hal_msp.o
                0x0000000008000470                HAL_MspInit
 .text.HAL_I2C_MspInit
                0x00000000080004d4       0xa0 ./Core/Src/stm32f1xx_hal_msp.o
                0x00000000080004d4                HAL_I2C_MspInit
 .text.NMI_Handler
                0x0000000008000574        0x6 ./Core/Src/stm32f1xx_it.o
                0x0000000008000574                NMI_Handler
 .text.HardFault_Handler
                0x000000000800057a        0x6 ./Core/Src/stm32f1xx_it.o
                0x000000000800057a                HardFault_Handler
 .text.MemManage_Handler
                0x0000000008000580        0x6 ./Core/Src/stm32f1xx_it.o
                0x0000000008000580                MemManage_Handler
 .text.BusFault_Handler
                0x0000000008000586        0x6 ./Core/Src/stm32f1xx_it.o
                0x0000000008000586                BusFault_Handler
 .text.UsageFault_Handler
                0x000000000800058c        0x6 ./Core/Src/stm32f1xx_it.o
                0x000000000800058c                UsageFault_Handler
 .text.SVC_Handler
                0x0000000008000592        0xc ./Core/Src/stm32f1xx_it.o
                0x0000000008000592                SVC_Handler
 .text.DebugMon_Handler
                0x000000000800059e        0xc ./Core/Src/stm32f1xx_it.o
                0x000000000800059e                DebugMon_Handler
 .text.PendSV_Handler
                0x00000000080005aa        0xc ./Core/Src/stm32f1xx_it.o
                0x00000000080005aa                PendSV_Handler
 .text.SysTick_Handler
                0x00000000080005b6        0xc ./Core/Src/stm32f1xx_it.o
                0x00000000080005b6                SysTick_Handler
 *fill*         0x00000000080005c2        0x2 
 .text.USB_LP_CAN1_RX0_IRQHandler
                0x00000000080005c4       0x14 ./Core/Src/stm32f1xx_it.o
                0x00000000080005c4                USB_LP_CAN1_RX0_IRQHandler
 .text.EXTI9_5_IRQHandler
                0x00000000080005d8       0x10 ./Core/Src/stm32f1xx_it.o
                0x00000000080005d8                EXTI9_5_IRQHandler
 .text.EXTI15_10_IRQHandler
                0x00000000080005e8       0x20 ./Core/Src/stm32f1xx_it.o
                0x00000000080005e8                EXTI15_10_IRQHandler
 .text.SystemInit
                0x0000000008000608        0xc ./Core/Src/system_stm32f1xx.o
                0x0000000008000608                SystemInit
 .text.Reset_Handler
                0x0000000008000614       0x48 ./Core/Startup/startup_stm32f103c8tx.o
                0x0000000008000614                Reset_Handler
 .text.Default_Handler
                0x000000000800065c        0x2 ./Core/Startup/startup_stm32f103c8tx.o
                0x000000000800065c                RTC_Alarm_IRQHandler
                0x000000000800065c                EXTI2_IRQHandler
                0x000000000800065c                TIM1_CC_IRQHandler
                0x000000000800065c                PVD_IRQHandler
                0x000000000800065c                EXTI3_IRQHandler
                0x000000000800065c                EXTI0_IRQHandler
                0x000000000800065c                I2C2_EV_IRQHandler
                0x000000000800065c                ADC1_2_IRQHandler
                0x000000000800065c                SPI1_IRQHandler
                0x000000000800065c                TAMPER_IRQHandler
                0x000000000800065c                DMA1_Channel4_IRQHandler
                0x000000000800065c                USART3_IRQHandler
                0x000000000800065c                RTC_IRQHandler
                0x000000000800065c                DMA1_Channel7_IRQHandler
                0x000000000800065c                CAN1_RX1_IRQHandler
                0x000000000800065c                TIM4_IRQHandler
                0x000000000800065c                I2C1_EV_IRQHandler
                0x000000000800065c                DMA1_Channel6_IRQHandler
                0x000000000800065c                TIM3_IRQHandler
                0x000000000800065c                RCC_IRQHandler
                0x000000000800065c                TIM1_TRG_COM_IRQHandler
                0x000000000800065c                DMA1_Channel1_IRQHandler
                0x000000000800065c                Default_Handler
                0x000000000800065c                SPI2_IRQHandler
                0x000000000800065c                DMA1_Channel5_IRQHandler
                0x000000000800065c                EXTI4_IRQHandler
                0x000000000800065c                USB_HP_CAN1_TX_IRQHandler
                0x000000000800065c                DMA1_Channel3_IRQHandler
                0x000000000800065c                TIM1_UP_IRQHandler
                0x000000000800065c                WWDG_IRQHandler
                0x000000000800065c                TIM2_IRQHandler
                0x000000000800065c                TIM1_BRK_IRQHandler
                0x000000000800065c                EXTI1_IRQHandler
                0x000000000800065c                USART2_IRQHandler
                0x000000000800065c                I2C2_ER_IRQHandler
                0x000000000800065c                DMA1_Channel2_IRQHandler
                0x000000000800065c                CAN1_SCE_IRQHandler
                0x000000000800065c                FLASH_IRQHandler
                0x000000000800065c                USART1_IRQHandler
                0x000000000800065c                I2C1_ER_IRQHandler
                0x000000000800065c                USBWakeUp_IRQHandler
 *fill*         0x000000000800065e        0x2 
 .text.rowread  0x0000000008000660       0x34 ./Core/drivers/keyboard.o
                0x0000000008000660                rowread
 .text.setcolumn
                0x0000000008000694       0x80 ./Core/drivers/keyboard.o
                0x0000000008000694                setcolumn
 .text.resetcolumn
                0x0000000008000714       0x34 ./Core/drivers/keyboard.o
                0x0000000008000714                resetcolumn
 .text.scan     0x0000000008000748       0x7e ./Core/drivers/keyboard.o
                0x0000000008000748                scan
 .text.ssd1306_WriteCommand
                0x00000000080007c6       0x2e ./Core/drivers/ssd1306.o
 .text.ssd1306_Init
                0x00000000080007f4      0x240 ./Core/drivers/ssd1306.o
                0x00000000080007f4                ssd1306_Init
 .text.ssd1306_Fill
                0x0000000008000a34       0x44 ./Core/drivers/ssd1306.o
                0x0000000008000a34                ssd1306_Fill
 .text.ssd1306_UpdateScreen
                0x0000000008000a78       0x6c ./Core/drivers/ssd1306.o
                0x0000000008000a78                ssd1306_UpdateScreen
 .text.ssd1306_DrawPixel
                0x0000000008000ae4       0xd4 ./Core/drivers/ssd1306.o
                0x0000000008000ae4                ssd1306_DrawPixel
 .text.ssd1306_WriteChar
                0x0000000008000bb8      0x100 ./Core/drivers/ssd1306.o
                0x0000000008000bb8                ssd1306_WriteChar
 .text.ssd1306_WriteString
                0x0000000008000cb8       0x4c ./Core/drivers/ssd1306.o
                0x0000000008000cb8                ssd1306_WriteString
 .text.ssd1306_SetCursor
                0x0000000008000d04       0x34 ./Core/drivers/ssd1306.o
                0x0000000008000d04                ssd1306_SetCursor
 .text.HAL_Init
                0x0000000008000d38       0x2c ./Drivers/STM32F1xx_HAL_Driver/Src/stm32f1xx_hal.o
                0x0000000008000d38                HAL_Init
 .text.HAL_InitTick
                0x0000000008000d64       0x60 ./Drivers/STM32F1xx_HAL_Driver/Src/stm32f1xx_hal.o
                0x0000000008000d64                HAL_InitTick
 .text.HAL_IncTick
                0x0000000008000dc4       0x24 ./Drivers/STM32F1xx_HAL_Driver/Src/stm32f1xx_hal.o
                0x0000000008000dc4                HAL_IncTick
 .text.HAL_GetTick
                0x0000000008000de8       0x14 ./Drivers/STM32F1xx_HAL_Driver/Src/stm32f1xx_hal.o
                0x0000000008000de8                HAL_GetTick
 .text.HAL_Delay
                0x0000000008000dfc       0x48 ./Drivers/STM32F1xx_HAL_Driver/Src/stm32f1xx_hal.o
                0x0000000008000dfc                HAL_Delay
 .text.__NVIC_SetPriorityGrouping
                0x0000000008000e44       0x48 ./Drivers/STM32F1xx_HAL_Driver/Src/stm32f1xx_hal_cortex.o
 .text.__NVIC_GetPriorityGrouping
                0x0000000008000e8c       0x1c ./Drivers/STM32F1xx_HAL_Driver/Src/stm32f1xx_hal_cortex.o
 .text.__NVIC_EnableIRQ
                0x0000000008000ea8       0x38 ./Drivers/STM32F1xx_HAL_Driver/Src/stm32f1xx_hal_cortex.o
 .text.__NVIC_SetPriority
                0x0000000008000ee0       0x54 ./Drivers/STM32F1xx_HAL_Driver/Src/stm32f1xx_hal_cortex.o
 .text.NVIC_EncodePriority
                0x0000000008000f34       0x64 ./Drivers/STM32F1xx_HAL_Driver/Src/stm32f1xx_hal_cortex.o
 .text.SysTick_Config
                0x0000000008000f98       0x44 ./Drivers/STM32F1xx_HAL_Driver/Src/stm32f1xx_hal_cortex.o
 .text.HAL_NVIC_SetPriorityGrouping
                0x0000000008000fdc       0x16 ./Drivers/STM32F1xx_HAL_Driver/Src/stm32f1xx_hal_cortex.o
                0x0000000008000fdc                HAL_NVIC_SetPriorityGrouping
 .text.HAL_NVIC_SetPriority
                0x0000000008000ff2       0x38 ./Drivers/STM32F1xx_HAL_Driver/Src/stm32f1xx_hal_cortex.o
                0x0000000008000ff2                HAL_NVIC_SetPriority
 .text.HAL_NVIC_EnableIRQ
                0x000000000800102a       0x1c ./Drivers/STM32F1xx_HAL_Driver/Src/stm32f1xx_hal_cortex.o
                0x000000000800102a                HAL_NVIC_EnableIRQ
 .text.HAL_SYSTICK_Config
                0x0000000008001046       0x18 ./Drivers/STM32F1xx_HAL_Driver/Src/stm32f1xx_hal_cortex.o
                0x0000000008001046                HAL_SYSTICK_Config
 *fill*         0x000000000800105e        0x2 
 .text.HAL_GPIO_Init
                0x0000000008001060      0x308 ./Drivers/STM32F1xx_HAL_Driver/Src/stm32f1xx_hal_gpio.o
                0x0000000008001060                HAL_GPIO_Init
 .text.HAL_GPIO_ReadPin
                0x0000000008001368       0x2e ./Drivers/STM32F1xx_HAL_Driver/Src/stm32f1xx_hal_gpio.o
                0x0000000008001368                HAL_GPIO_ReadPin
 .text.HAL_GPIO_WritePin
                0x0000000008001396       0x30 ./Drivers/STM32F1xx_HAL_Driver/Src/stm32f1xx_hal_gpio.o
                0x0000000008001396                HAL_GPIO_WritePin
 *fill*         0x00000000080013c6        0x2 
 .text.HAL_GPIO_EXTI_IRQHandler
                0x00000000080013c8       0x30 ./Drivers/STM32F1xx_HAL_Driver/Src/stm32f1xx_hal_gpio.o
                0x00000000080013c8                HAL_GPIO_EXTI_IRQHandler
 .text.HAL_I2C_Init
                0x00000000080013f8      0x288 ./Drivers/STM32F1xx_HAL_Driver/Src/stm32f1xx_hal_i2c.o
                0x00000000080013f8                HAL_I2C_Init
 .text.HAL_I2C_Mem_Write
                0x0000000008001680      0x1f4 ./Drivers/STM32F1xx_HAL_Driver/Src/stm32f1xx_hal_i2c.o
                0x0000000008001680                HAL_I2C_Mem_Write
 .text.I2C_RequestMemoryWrite
                0x0000000008001874      0x12c ./Drivers/STM32F1xx_HAL_Driver/Src/stm32f1xx_hal_i2c.o
 .text.I2C_WaitOnFlagUntilTimeout
                0x00000000080019a0       0xae ./Drivers/STM32F1xx_HAL_Driver/Src/stm32f1xx_hal_i2c.o
 .text.I2C_WaitOnMasterAddressFlagUntilTimeout
                0x0000000008001a4e       0xfe ./Drivers/STM32F1xx_HAL_Driver/Src/stm32f1xx_hal_i2c.o
 .text.I2C_WaitOnTXEFlagUntilTimeout
                0x0000000008001b4c       0x82 ./Drivers/STM32F1xx_HAL_Driver/Src/stm32f1xx_hal_i2c.o
 .text.I2C_WaitOnBTFFlagUntilTimeout
                0x0000000008001bce       0x82 ./Drivers/STM32F1xx_HAL_Driver/Src/stm32f1xx_hal_i2c.o
 .text.I2C_IsAcknowledgeFailed
                0x0000000008001c50       0x5c ./Drivers/STM32F1xx_HAL_Driver/Src/stm32f1xx_hal_i2c.o
 .text.HAL_PCD_Init
                0x0000000008001cac      0x216 ./Drivers/STM32F1xx_HAL_Driver/Src/stm32f1xx_hal_pcd.o
                0x0000000008001cac                HAL_PCD_Init
 .text.HAL_PCD_Start
                0x0000000008001ec2       0x4c ./Drivers/STM32F1xx_HAL_Driver/Src/stm32f1xx_hal_pcd.o
                0x0000000008001ec2                HAL_PCD_Start
 .text.HAL_PCD_IRQHandler
                0x0000000008001f0e      0x2a6 ./Drivers/STM32F1xx_HAL_Driver/Src/stm32f1xx_hal_pcd.o
                0x0000000008001f0e                HAL_PCD_IRQHandler
 .text.HAL_PCD_SetAddress
                0x00000000080021b4       0x4a ./Drivers/STM32F1xx_HAL_Driver/Src/stm32f1xx_hal_pcd.o
                0x00000000080021b4                HAL_PCD_SetAddress
 .text.HAL_PCD_EP_Open
                0x00000000080021fe       0xcc ./Drivers/STM32F1xx_HAL_Driver/Src/stm32f1xx_hal_pcd.o
                0x00000000080021fe                HAL_PCD_EP_Open
 .text.HAL_PCD_EP_Close
                0x00000000080022ca       0x90 ./Drivers/STM32F1xx_HAL_Driver/Src/stm32f1xx_hal_pcd.o
                0x00000000080022ca                HAL_PCD_EP_Close
 .text.HAL_PCD_EP_Receive
                0x000000000800235a       0x7a ./Drivers/STM32F1xx_HAL_Driver/Src/stm32f1xx_hal_pcd.o
                0x000000000800235a                HAL_PCD_EP_Receive
 .text.HAL_PCD_EP_Transmit
                0x00000000080023d4       0x86 ./Drivers/STM32F1xx_HAL_Driver/Src/stm32f1xx_hal_pcd.o
                0x00000000080023d4                HAL_PCD_EP_Transmit
 .text.HAL_PCD_EP_SetStall
                0x000000000800245a       0xc0 ./Drivers/STM32F1xx_HAL_Driver/Src/stm32f1xx_hal_pcd.o
                0x000000000800245a                HAL_PCD_EP_SetStall
 .text.HAL_PCD_EP_ClrStall
                0x000000000800251a       0xa8 ./Drivers/STM32F1xx_HAL_Driver/Src/stm32f1xx_hal_pcd.o
                0x000000000800251a                HAL_PCD_EP_ClrStall
 .text.PCD_EP_ISR_Handler
                0x00000000080025c2      0x600 ./Drivers/STM32F1xx_HAL_Driver/Src/stm32f1xx_hal_pcd.o
 .text.HAL_PCD_EP_DB_Receive
                0x0000000008002bc2      0x21a ./Drivers/STM32F1xx_HAL_Driver/Src/stm32f1xx_hal_pcd.o
 .text.HAL_PCD_EP_DB_Transmit
                0x0000000008002ddc      0x7a4 ./Drivers/STM32F1xx_HAL_Driver/Src/stm32f1xx_hal_pcd.o
 .text.HAL_PCDEx_PMAConfig
                0x0000000008003580       0x84 ./Drivers/STM32F1xx_HAL_Driver/Src/stm32f1xx_hal_pcd_ex.o
                0x0000000008003580                HAL_PCDEx_PMAConfig
 .text.HAL_RCC_OscConfig
                0x0000000008003604      0x504 ./Drivers/STM32F1xx_HAL_Driver/Src/stm32f1xx_hal_rcc.o
                0x0000000008003604                HAL_RCC_OscConfig
 .text.HAL_RCC_ClockConfig
                0x0000000008003b08      0x1d4 ./Drivers/STM32F1xx_HAL_Driver/Src/stm32f1xx_hal_rcc.o
                0x0000000008003b08                HAL_RCC_ClockConfig
 .text.HAL_RCC_GetSysClockFreq
                0x0000000008003cdc       0xbc ./Drivers/STM32F1xx_HAL_Driver/Src/stm32f1xx_hal_rcc.o
                0x0000000008003cdc                HAL_RCC_GetSysClockFreq
 .text.HAL_RCC_GetHCLKFreq
                0x0000000008003d98       0x14 ./Drivers/STM32F1xx_HAL_Driver/Src/stm32f1xx_hal_rcc.o
                0x0000000008003d98                HAL_RCC_GetHCLKFreq
 .text.HAL_RCC_GetPCLK1Freq
                0x0000000008003dac       0x28 ./Drivers/STM32F1xx_HAL_Driver/Src/stm32f1xx_hal_rcc.o
                0x0000000008003dac                HAL_RCC_GetPCLK1Freq
 .text.RCC_Delay
                0x0000000008003dd4       0x3c ./Drivers/STM32F1xx_HAL_Driver/Src/stm32f1xx_hal_rcc.o
 .text.HAL_RCCEx_PeriphCLKConfig
                0x0000000008003e10      0x16c ./Drivers/STM32F1xx_HAL_Driver/Src/stm32f1xx_hal_rcc_ex.o
                0x0000000008003e10                HAL_RCCEx_PeriphCLKConfig
 .text.USB_CoreInit
                0x0000000008003f7c       0x20 ./Drivers/STM32F1xx_HAL_Driver/Src/stm32f1xx_ll_usb.o
                0x0000000008003f7c                USB_CoreInit
 .text.USB_EnableGlobalInt
                0x0000000008003f9c       0x2c ./Drivers/STM32F1xx_HAL_Driver/Src/stm32f1xx_ll_usb.o
                0x0000000008003f9c                USB_EnableGlobalInt
 .text.USB_DisableGlobalInt
                0x0000000008003fc8       0x34 ./Drivers/STM32F1xx_HAL_Driver/Src/stm32f1xx_ll_usb.o
                0x0000000008003fc8                USB_DisableGlobalInt
 .text.USB_SetCurrentMode
                0x0000000008003ffc       0x18 ./Drivers/STM32F1xx_HAL_Driver/Src/stm32f1xx_ll_usb.o
                0x0000000008003ffc                USB_SetCurrentMode
 .text.USB_DevInit
                0x0000000008004014       0x40 ./Drivers/STM32F1xx_HAL_Driver/Src/stm32f1xx_ll_usb.o
                0x0000000008004014                USB_DevInit
 .text.USB_ActivateEndpoint
                0x0000000008004054      0x6d4 ./Drivers/STM32F1xx_HAL_Driver/Src/stm32f1xx_ll_usb.o
                0x0000000008004054                USB_ActivateEndpoint
 .text.USB_DeactivateEndpoint
                0x0000000008004728      0x3d8 ./Drivers/STM32F1xx_HAL_Driver/Src/stm32f1xx_ll_usb.o
                0x0000000008004728                USB_DeactivateEndpoint
 .text.USB_EPStartXfer
                0x0000000008004b00     0x1c70 ./Drivers/STM32F1xx_HAL_Driver/Src/stm32f1xx_ll_usb.o
                0x0000000008004b00                USB_EPStartXfer
 .text.USB_EPSetStall
                0x0000000008006770       0xa0 ./Drivers/STM32F1xx_HAL_Driver/Src/stm32f1xx_ll_usb.o
                0x0000000008006770                USB_EPSetStall
 .text.USB_EPClearStall
                0x0000000008006810      0x15a ./Drivers/STM32F1xx_HAL_Driver/Src/stm32f1xx_ll_usb.o
                0x0000000008006810                USB_EPClearStall
 .text.USB_SetDevAddress
                0x000000000800696a       0x26 ./Drivers/STM32F1xx_HAL_Driver/Src/stm32f1xx_ll_usb.o
                0x000000000800696a                USB_SetDevAddress
 .text.USB_DevConnect
                0x0000000008006990       0x14 ./Drivers/STM32F1xx_HAL_Driver/Src/stm32f1xx_ll_usb.o
                0x0000000008006990                USB_DevConnect
 .text.USB_DevDisconnect
                0x00000000080069a4       0x14 ./Drivers/STM32F1xx_HAL_Driver/Src/stm32f1xx_ll_usb.o
                0x00000000080069a4                USB_DevDisconnect
 .text.USB_ReadInterrupts
                0x00000000080069b8       0x1e ./Drivers/STM32F1xx_HAL_Driver/Src/stm32f1xx_ll_usb.o
                0x00000000080069b8                USB_ReadInterrupts
 .text.USB_EP0_OutStart
                0x00000000080069d6       0x16 ./Drivers/STM32F1xx_HAL_Driver/Src/stm32f1xx_ll_usb.o
                0x00000000080069d6                USB_EP0_OutStart
 .text.USB_WritePMA
                0x00000000080069ec       0x8a ./Drivers/STM32F1xx_HAL_Driver/Src/stm32f1xx_ll_usb.o
                0x00000000080069ec                USB_WritePMA
 .text.USB_ReadPMA
                0x0000000008006a76       0x9e ./Drivers/STM32F1xx_HAL_Driver/Src/stm32f1xx_ll_usb.o
                0x0000000008006a76                USB_ReadPMA
 .text.USBD_HID_Init
                0x0000000008006b14       0x4e ./Middlewares/ST/STM32_USB_Device_Library/Class/HID/Src/usbd_hid.o
 .text.USBD_HID_DeInit
                0x0000000008006b62       0x42 ./Middlewares/ST/STM32_USB_Device_Library/Class/HID/Src/usbd_hid.o
 .text.USBD_HID_Setup
                0x0000000008006ba4      0x1fc ./Middlewares/ST/STM32_USB_Device_Library/Class/HID/Src/usbd_hid.o
 .text.USBD_HID_SendReport
                0x0000000008006da0       0x44 ./Middlewares/ST/STM32_USB_Device_Library/Class/HID/Src/usbd_hid.o
                0x0000000008006da0                USBD_HID_SendReport
 .text.USBD_HID_GetFSCfgDesc
                0x0000000008006de4       0x20 ./Middlewares/ST/STM32_USB_Device_Library/Class/HID/Src/usbd_hid.o
 .text.USBD_HID_GetHSCfgDesc
                0x0000000008006e04       0x20 ./Middlewares/ST/STM32_USB_Device_Library/Class/HID/Src/usbd_hid.o
 .text.USBD_HID_GetOtherSpeedCfgDesc
                0x0000000008006e24       0x20 ./Middlewares/ST/STM32_USB_Device_Library/Class/HID/Src/usbd_hid.o
 .text.USBD_HID_DataIn
                0x0000000008006e44       0x22 ./Middlewares/ST/STM32_USB_Device_Library/Class/HID/Src/usbd_hid.o
 *fill*         0x0000000008006e66        0x2 
 .text.USBD_HID_GetDeviceQualifierDesc
                0x0000000008006e68       0x20 ./Middlewares/ST/STM32_USB_Device_Library/Class/HID/Src/usbd_hid.o
 .text.USBD_Init
                0x0000000008006e88       0x56 ./Middlewares/ST/STM32_USB_Device_Library/Core/Src/usbd_core.o
                0x0000000008006e88                USBD_Init
 .text.USBD_RegisterClass
                0x0000000008006ede       0x32 ./Middlewares/ST/STM32_USB_Device_Library/Core/Src/usbd_core.o
                0x0000000008006ede                USBD_RegisterClass
 .text.USBD_Start
                0x0000000008006f10       0x18 ./Middlewares/ST/STM32_USB_Device_Library/Core/Src/usbd_core.o
                0x0000000008006f10                USBD_Start
 .text.USBD_RunTestMode
                0x0000000008006f28       0x14 ./Middlewares/ST/STM32_USB_Device_Library/Core/Src/usbd_core.o
                0x0000000008006f28                USBD_RunTestMode
 .text.USBD_SetClassConfig
                0x0000000008006f3c       0x3e ./Middlewares/ST/STM32_USB_Device_Library/Core/Src/usbd_core.o
                0x0000000008006f3c                USBD_SetClassConfig
 .text.USBD_ClrClassConfig
                0x0000000008006f7a       0x26 ./Middlewares/ST/STM32_USB_Device_Library/Core/Src/usbd_core.o
                0x0000000008006f7a                USBD_ClrClassConfig
 .text.USBD_LL_SetupStage
                0x0000000008006fa0       0x9a ./Middlewares/ST/STM32_USB_Device_Library/Core/Src/usbd_core.o
                0x0000000008006fa0                USBD_LL_SetupStage
 .text.USBD_LL_DataOutStage
                0x000000000800703a       0xe2 ./Middlewares/ST/STM32_USB_Device_Library/Core/Src/usbd_core.o
                0x000000000800703a                USBD_LL_DataOutStage
 .text.USBD_LL_DataInStage
                0x000000000800711c      0x14a ./Middlewares/ST/STM32_USB_Device_Library/Core/Src/usbd_core.o
                0x000000000800711c                USBD_LL_DataInStage
 .text.USBD_LL_Reset
                0x0000000008007266       0x82 ./Middlewares/ST/STM32_USB_Device_Library/Core/Src/usbd_core.o
                0x0000000008007266                USBD_LL_Reset
 .text.USBD_LL_SetSpeed
                0x00000000080072e8       0x1e ./Middlewares/ST/STM32_USB_Device_Library/Core/Src/usbd_core.o
                0x00000000080072e8                USBD_LL_SetSpeed
 .text.USBD_LL_Suspend
                0x0000000008007306       0x28 ./Middlewares/ST/STM32_USB_Device_Library/Core/Src/usbd_core.o
                0x0000000008007306                USBD_LL_Suspend
 .text.USBD_LL_Resume
                0x000000000800732e       0x2a ./Middlewares/ST/STM32_USB_Device_Library/Core/Src/usbd_core.o
                0x000000000800732e                USBD_LL_Resume
 .text.USBD_LL_SOF
                0x0000000008007358       0x34 ./Middlewares/ST/STM32_USB_Device_Library/Core/Src/usbd_core.o
                0x0000000008007358                USBD_LL_SOF
 .text.USBD_StdDevReq
                0x000000000800738c       0xd4 ./Middlewares/ST/STM32_USB_Device_Library/Core/Src/usbd_ctlreq.o
                0x000000000800738c                USBD_StdDevReq
 .text.USBD_StdItfReq
                0x0000000008007460       0x90 ./Middlewares/ST/STM32_USB_Device_Library/Core/Src/usbd_ctlreq.o
                0x0000000008007460                USBD_StdItfReq
 .text.USBD_StdEPReq
                0x00000000080074f0      0x2c6 ./Middlewares/ST/STM32_USB_Device_Library/Core/Src/usbd_ctlreq.o
                0x00000000080074f0                USBD_StdEPReq
 *fill*         0x00000000080077b6        0x2 
 .text.USBD_GetDescriptor
                0x00000000080077b8      0x2d0 ./Middlewares/ST/STM32_USB_Device_Library/Core/Src/usbd_ctlreq.o
 .text.USBD_SetAddress
                0x0000000008007a88       0x86 ./Middlewares/ST/STM32_USB_Device_Library/Core/Src/usbd_ctlreq.o
 *fill*         0x0000000008007b0e        0x2 
 .text.USBD_SetConfig
                0x0000000008007b10      0x11c ./Middlewares/ST/STM32_USB_Device_Library/Core/Src/usbd_ctlreq.o
 .text.USBD_GetConfig
                0x0000000008007c2c       0x6a ./Middlewares/ST/STM32_USB_Device_Library/Core/Src/usbd_ctlreq.o
 .text.USBD_GetStatus
                0x0000000008007c96       0x66 ./Middlewares/ST/STM32_USB_Device_Library/Core/Src/usbd_ctlreq.o
 .text.USBD_SetFeature
                0x0000000008007cfc       0x28 ./Middlewares/ST/STM32_USB_Device_Library/Core/Src/usbd_ctlreq.o
 .text.USBD_ClrFeature
                0x0000000008007d24       0x42 ./Middlewares/ST/STM32_USB_Device_Library/Core/Src/usbd_ctlreq.o
 .text.USBD_ParseSetupRequest
                0x0000000008007d66       0x78 ./Middlewares/ST/STM32_USB_Device_Library/Core/Src/usbd_ctlreq.o
                0x0000000008007d66                USBD_ParseSetupRequest
 .text.USBD_CtlError
                0x0000000008007dde       0x22 ./Middlewares/ST/STM32_USB_Device_Library/Core/Src/usbd_ctlreq.o
                0x0000000008007dde                USBD_CtlError
 .text.USBD_GetString
                0x0000000008007e00       0x84 ./Middlewares/ST/STM32_USB_Device_Library/Core/Src/usbd_ctlreq.o
                0x0000000008007e00                USBD_GetString
 .text.USBD_GetLen
                0x0000000008007e84       0x2e ./Middlewares/ST/STM32_USB_Device_Library/Core/Src/usbd_ctlreq.o
 .text.USBD_CtlSendData
                0x0000000008007eb2       0x38 ./Middlewares/ST/STM32_USB_Device_Library/Core/Src/usbd_ioreq.o
                0x0000000008007eb2                USBD_CtlSendData
 .text.USBD_CtlContinueSendData
                0x0000000008007eea       0x24 ./Middlewares/ST/STM32_USB_Device_Library/Core/Src/usbd_ioreq.o
                0x0000000008007eea                USBD_CtlContinueSendData
 .text.USBD_CtlContinueRx
                0x0000000008007f0e       0x24 ./Middlewares/ST/STM32_USB_Device_Library/Core/Src/usbd_ioreq.o
                0x0000000008007f0e                USBD_CtlContinueRx
 .text.USBD_CtlSendStatus
                0x0000000008007f32       0x26 ./Middlewares/ST/STM32_USB_Device_Library/Core/Src/usbd_ioreq.o
                0x0000000008007f32                USBD_CtlSendStatus
 .text.USBD_CtlReceiveStatus
                0x0000000008007f58       0x26 ./Middlewares/ST/STM32_USB_Device_Library/Core/Src/usbd_ioreq.o
                0x0000000008007f58                USBD_CtlReceiveStatus
 *fill*         0x0000000008007f7e        0x2 
 .text.MX_USB_DEVICE_Init
                0x0000000008007f80       0x4c ./USB_DEVICE/App/usb_device.o
                0x0000000008007f80                MX_USB_DEVICE_Init
 .text.USBD_FS_DeviceDescriptor
                0x0000000008007fcc       0x24 ./USB_DEVICE/App/usbd_desc.o
                0x0000000008007fcc                USBD_FS_DeviceDescriptor
 .text.USBD_FS_LangIDStrDescriptor
                0x0000000008007ff0       0x24 ./USB_DEVICE/App/usbd_desc.o
                0x0000000008007ff0                USBD_FS_LangIDStrDescriptor
 .text.USBD_FS_ProductStrDescriptor
                0x0000000008008014       0x3c ./USB_DEVICE/App/usbd_desc.o
                0x0000000008008014                USBD_FS_ProductStrDescriptor
 .text.USBD_FS_ManufacturerStrDescriptor
                0x0000000008008050       0x28 ./USB_DEVICE/App/usbd_desc.o
                0x0000000008008050                USBD_FS_ManufacturerStrDescriptor
 .text.USBD_FS_SerialStrDescriptor
                0x0000000008008078       0x24 ./USB_DEVICE/App/usbd_desc.o
                0x0000000008008078                USBD_FS_SerialStrDescriptor
 .text.USBD_FS_ConfigStrDescriptor
                0x000000000800809c       0x3c ./USB_DEVICE/App/usbd_desc.o
                0x000000000800809c                USBD_FS_ConfigStrDescriptor
 .text.USBD_FS_InterfaceStrDescriptor
                0x00000000080080d8       0x3c ./USB_DEVICE/App/usbd_desc.o
                0x00000000080080d8                USBD_FS_InterfaceStrDescriptor
 .text.Get_SerialNum
                0x0000000008008114       0x58 ./USB_DEVICE/App/usbd_desc.o
 .text.IntToUnicode
                0x000000000800816c       0x7c ./USB_DEVICE/App/usbd_desc.o
 .text.HAL_PCD_MspInit
                0x00000000080081e8       0x4c ./USB_DEVICE/Target/usbd_conf.o
                0x00000000080081e8                HAL_PCD_MspInit
 .text.HAL_PCD_SetupStageCallback
                0x0000000008008234       0x24 ./USB_DEVICE/Target/usbd_conf.o
                0x0000000008008234                HAL_PCD_SetupStageCallback
 .text.HAL_PCD_DataOutStageCallback
                0x0000000008008258       0x36 ./USB_DEVICE/Target/usbd_conf.o
                0x0000000008008258                HAL_PCD_DataOutStageCallback
 .text.HAL_PCD_DataInStageCallback
                0x000000000800828e       0x34 ./USB_DEVICE/Target/usbd_conf.o
                0x000000000800828e                HAL_PCD_DataInStageCallback
 .text.HAL_PCD_SOFCallback
                0x00000000080082c2       0x1c ./USB_DEVICE/Target/usbd_conf.o
                0x00000000080082c2                HAL_PCD_SOFCallback
 .text.HAL_PCD_ResetCallback
                0x00000000080082de       0x3c ./USB_DEVICE/Target/usbd_conf.o
                0x00000000080082de                HAL_PCD_ResetCallback
 *fill*         0x000000000800831a        0x2 
 .text.HAL_PCD_SuspendCallback
                0x000000000800831c       0x34 ./USB_DEVICE/Target/usbd_conf.o
                0x000000000800831c                HAL_PCD_SuspendCallback
 .text.HAL_PCD_ResumeCallback
                0x0000000008008350       0x1c ./USB_DEVICE/Target/usbd_conf.o
                0x0000000008008350                HAL_PCD_ResumeCallback
 .text.USBD_LL_Init
                0x000000000800836c       0x90 ./USB_DEVICE/Target/usbd_conf.o
                0x000000000800836c                USBD_LL_Init
 .text.USBD_LL_Start
                0x00000000080083fc       0x36 ./USB_DEVICE/Target/usbd_conf.o
                0x00000000080083fc                USBD_LL_Start
 .text.USBD_LL_OpenEP
                0x0000000008008432       0x4c ./USB_DEVICE/Target/usbd_conf.o
                0x0000000008008432                USBD_LL_OpenEP
 .text.USBD_LL_CloseEP
                0x000000000800847e       0x3e ./USB_DEVICE/Target/usbd_conf.o
                0x000000000800847e                USBD_LL_CloseEP
 .text.USBD_LL_StallEP
                0x00000000080084bc       0x3e ./USB_DEVICE/Target/usbd_conf.o
                0x00000000080084bc                USBD_LL_StallEP
 .text.USBD_LL_ClearStallEP
                0x00000000080084fa       0x3e ./USB_DEVICE/Target/usbd_conf.o
                0x00000000080084fa                USBD_LL_ClearStallEP
 .text.USBD_LL_IsStallEP
                0x0000000008008538       0x58 ./USB_DEVICE/Target/usbd_conf.o
                0x0000000008008538                USBD_LL_IsStallEP
 .text.USBD_LL_SetUSBAddress
                0x0000000008008590       0x3e ./USB_DEVICE/Target/usbd_conf.o
                0x0000000008008590                USBD_LL_SetUSBAddress
 .text.USBD_LL_Transmit
                0x00000000080085ce       0x46 ./USB_DEVICE/Target/usbd_conf.o
                0x00000000080085ce                USBD_LL_Transmit
 .text.USBD_LL_PrepareReceive
                0x0000000008008614       0x46 ./USB_DEVICE/Target/usbd_conf.o
                0x0000000008008614                USBD_LL_PrepareReceive
 *fill*         0x000000000800865a        0x2 
 .text.USBD_static_malloc
                0x000000000800865c       0x18 ./USB_DEVICE/Target/usbd_conf.o
                0x000000000800865c                USBD_static_malloc
 .text.USBD_static_free
                0x0000000008008674       0x12 ./USB_DEVICE/Target/usbd_conf.o
                0x0000000008008674                USBD_static_free
 .text.HAL_PCDEx_SetConnectionState
                0x0000000008008686       0x16 ./USB_DEVICE/Target/usbd_conf.o
                0x0000000008008686                HAL_PCDEx_SetConnectionState
 .text.USBD_Get_USB_Status
                0x000000000800869c       0x58 ./USB_DEVICE/Target/usbd_conf.o
 .text.__libc_init_array
                0x00000000080086f4       0x48 c:/st/stm32cubeide_1.10.1/stm32cubeide/plugins/com.st.stm32cube.ide.mcu.externaltools.gnu-tools-for-stm32.10.3-2021.10.win32_1.0.0.202111181127/tools/bin/../lib/gcc/arm-none-eabi/10.3.1/../../../../arm-none-eabi/lib/thumb/v7-m/nofp\libc_nano.a(lib_a-init.o)
                0x00000000080086f4                __libc_init_array
 .text.memset   0x000000000800873c       0x10 c:/st/stm32cubeide_1.10.1/stm32cubeide/plugins/com.st.stm32cube.ide.mcu.externaltools.gnu-tools-for-stm32.10.3-2021.10.win32_1.0.0.202111181127/tools/bin/../lib/gcc/arm-none-eabi/10.3.1/../../../../arm-none-eabi/lib/thumb/v7-m/nofp\libc_nano.a(lib_a-memset.o)
                0x000000000800873c                memset
 *(.glue_7)
 .glue_7        0x000000000800874c        0x0 linker stubs
 *(.glue_7t)
 .glue_7t       0x000000000800874c        0x0 linker stubs
 *(.eh_frame)
 .eh_frame      0x000000000800874c        0x0 c:/st/stm32cubeide_1.10.1/stm32cubeide/plugins/com.st.stm32cube.ide.mcu.externaltools.gnu-tools-for-stm32.10.3-2021.10.win32_1.0.0.202111181127/tools/bin/../lib/gcc/arm-none-eabi/10.3.1/thumb/v7-m/nofp/crtbegin.o
 *(.init)
 .init          0x000000000800874c        0x4 c:/st/stm32cubeide_1.10.1/stm32cubeide/plugins/com.st.stm32cube.ide.mcu.externaltools.gnu-tools-for-stm32.10.3-2021.10.win32_1.0.0.202111181127/tools/bin/../lib/gcc/arm-none-eabi/10.3.1/thumb/v7-m/nofp/crti.o
                0x000000000800874c                _init
 .init          0x0000000008008750        0x8 c:/st/stm32cubeide_1.10.1/stm32cubeide/plugins/com.st.stm32cube.ide.mcu.externaltools.gnu-tools-for-stm32.10.3-2021.10.win32_1.0.0.202111181127/tools/bin/../lib/gcc/arm-none-eabi/10.3.1/thumb/v7-m/nofp/crtn.o
 *(.fini)
 .fini          0x0000000008008758        0x4 c:/st/stm32cubeide_1.10.1/stm32cubeide/plugins/com.st.stm32cube.ide.mcu.externaltools.gnu-tools-for-stm32.10.3-2021.10.win32_1.0.0.202111181127/tools/bin/../lib/gcc/arm-none-eabi/10.3.1/thumb/v7-m/nofp/crti.o
                0x0000000008008758                _fini
 .fini          0x000000000800875c        0x8 c:/st/stm32cubeide_1.10.1/stm32cubeide/plugins/com.st.stm32cube.ide.mcu.externaltools.gnu-tools-for-stm32.10.3-2021.10.win32_1.0.0.202111181127/tools/bin/../lib/gcc/arm-none-eabi/10.3.1/thumb/v7-m/nofp/crtn.o
                0x0000000008008764                . = ALIGN (0x4)
                0x0000000008008764                _etext = .

.vfp11_veneer   0x0000000008008764        0x0
 .vfp11_veneer  0x0000000008008764        0x0 linker stubs

.v4_bx          0x0000000008008764        0x0
 .v4_bx         0x0000000008008764        0x0 linker stubs

.iplt           0x0000000008008764        0x0
 .iplt          0x0000000008008764        0x0 c:/st/stm32cubeide_1.10.1/stm32cubeide/plugins/com.st.stm32cube.ide.mcu.externaltools.gnu-tools-for-stm32.10.3-2021.10.win32_1.0.0.202111181127/tools/bin/../lib/gcc/arm-none-eabi/10.3.1/thumb/v7-m/nofp/crtbegin.o

.rodata         0x0000000008008764      0xdd8
                0x0000000008008764                . = ALIGN (0x4)
 *(.rodata)
 .rodata        0x0000000008008764       0x15 ./Core/Src/main.o
 *fill*         0x0000000008008779        0x3 
 .rodata        0x000000000800877c       0x10 ./Drivers/STM32F1xx_HAL_Driver/Src/stm32f1xx_hal_rcc.o
 .rodata        0x000000000800878c       0x3a ./USB_DEVICE/App/usbd_desc.o
 *(.rodata*)
 *fill*         0x00000000080087c6        0x2 
 .rodata.AHBPrescTable
                0x00000000080087c8       0x10 ./Core/Src/system_stm32f1xx.o
                0x00000000080087c8                AHBPrescTable
 .rodata.APBPrescTable
                0x00000000080087d8        0x8 ./Core/Src/system_stm32f1xx.o
                0x00000000080087d8                APBPrescTable
 .rodata.Font11x18
                0x00000000080087e0      0xd5c ./Core/drivers/fonts.o
                0x000000000800953c                . = ALIGN (0x4)

.rel.dyn        0x000000000800953c        0x0
 .rel.iplt      0x000000000800953c        0x0 c:/st/stm32cubeide_1.10.1/stm32cubeide/plugins/com.st.stm32cube.ide.mcu.externaltools.gnu-tools-for-stm32.10.3-2021.10.win32_1.0.0.202111181127/tools/bin/../lib/gcc/arm-none-eabi/10.3.1/thumb/v7-m/nofp/crtbegin.o

.ARM.extab      0x000000000800953c        0x0
                0x000000000800953c                . = ALIGN (0x4)
 *(.ARM.extab* .gnu.linkonce.armextab.*)
                0x000000000800953c                . = ALIGN (0x4)

.ARM            0x000000000800953c        0x0
                0x000000000800953c                . = ALIGN (0x4)
                0x000000000800953c                __exidx_start = .
 *(.ARM.exidx*)
                0x000000000800953c                __exidx_end = .
                0x000000000800953c                . = ALIGN (0x4)

.preinit_array  0x000000000800953c        0x0
                0x000000000800953c                . = ALIGN (0x4)
                0x000000000800953c                PROVIDE (__preinit_array_start = .)
 *(.preinit_array*)
                0x000000000800953c                PROVIDE (__preinit_array_end = .)
                0x000000000800953c                . = ALIGN (0x4)

.init_array     0x000000000800953c        0x4
                0x000000000800953c                . = ALIGN (0x4)
                0x000000000800953c                PROVIDE (__init_array_start = .)
 *(SORT_BY_NAME(.init_array.*))
 *(.init_array*)
 .init_array    0x000000000800953c        0x4 c:/st/stm32cubeide_1.10.1/stm32cubeide/plugins/com.st.stm32cube.ide.mcu.externaltools.gnu-tools-for-stm32.10.3-2021.10.win32_1.0.0.202111181127/tools/bin/../lib/gcc/arm-none-eabi/10.3.1/thumb/v7-m/nofp/crtbegin.o
                0x0000000008009540                PROVIDE (__init_array_end = .)
                0x0000000008009540                . = ALIGN (0x4)

.fini_array     0x0000000008009540        0x4
                0x0000000008009540                . = ALIGN (0x4)
                [!provide]                        PROVIDE (__fini_array_start = .)
 *(SORT_BY_NAME(.fini_array.*))
 *(.fini_array*)
 .fini_array    0x0000000008009540        0x4 c:/st/stm32cubeide_1.10.1/stm32cubeide/plugins/com.st.stm32cube.ide.mcu.externaltools.gnu-tools-for-stm32.10.3-2021.10.win32_1.0.0.202111181127/tools/bin/../lib/gcc/arm-none-eabi/10.3.1/thumb/v7-m/nofp/crtbegin.o
                [!provide]                        PROVIDE (__fini_array_end = .)
                0x0000000008009544                . = ALIGN (0x4)
                0x0000000008009544                _sidata = LOADADDR (.data)

.data           0x0000000020000000      0x18c load address 0x0000000008009544
                0x0000000020000000                . = ALIGN (0x4)
                0x0000000020000000                _sdata = .
 *(.data)
 *(.data*)
 .data.SystemCoreClock
                0x0000000020000000        0x4 ./Core/Src/system_stm32f1xx.o
                0x0000000020000000                SystemCoreClock
 .data.Font_11x18
                0x0000000020000004        0x8 ./Core/drivers/fonts.o
                0x0000000020000004                Font_11x18
 .data.rowPin   0x000000002000000c        0x6 ./Core/drivers/keyboard.o
 *fill*         0x0000000020000012        0x2 
 .data.columnPin
                0x0000000020000014        0x8 ./Core/drivers/keyboard.o
 .data.rowPort  0x000000002000001c        0xc ./Core/drivers/keyboard.o
 .data.columnPort
                0x0000000020000028       0x10 ./Core/drivers/keyboard.o
 .data.uwTickPrio
                0x0000000020000038        0x4 ./Drivers/STM32F1xx_HAL_Driver/Src/stm32f1xx_hal.o
                0x0000000020000038                uwTickPrio
 .data.uwTickFreq
                0x000000002000003c        0x1 ./Drivers/STM32F1xx_HAL_Driver/Src/stm32f1xx_hal.o
                0x000000002000003c                uwTickFreq
 *fill*         0x000000002000003d        0x3 
 .data.USBD_HID
                0x0000000020000040       0x38 ./Middlewares/ST/STM32_USB_Device_Library/Class/HID/Src/usbd_hid.o
                0x0000000020000040                USBD_HID
 .data.USBD_HID_CfgFSDesc
                0x0000000020000078       0x22 ./Middlewares/ST/STM32_USB_Device_Library/Class/HID/Src/usbd_hid.o
 *fill*         0x000000002000009a        0x2 
 .data.USBD_HID_CfgHSDesc
                0x000000002000009c       0x22 ./Middlewares/ST/STM32_USB_Device_Library/Class/HID/Src/usbd_hid.o
 *fill*         0x00000000200000be        0x2 
 .data.USBD_HID_OtherSpeedCfgDesc
                0x00000000200000c0       0x22 ./Middlewares/ST/STM32_USB_Device_Library/Class/HID/Src/usbd_hid.o
 *fill*         0x00000000200000e2        0x2 
 .data.USBD_HID_Desc
                0x00000000200000e4        0x9 ./Middlewares/ST/STM32_USB_Device_Library/Class/HID/Src/usbd_hid.o
 *fill*         0x00000000200000ed        0x3 
 .data.USBD_HID_DeviceQualifierDesc
                0x00000000200000f0        0xa ./Middlewares/ST/STM32_USB_Device_Library/Class/HID/Src/usbd_hid.o
 *fill*         0x00000000200000fa        0x2 
 .data.HID_MOUSE_ReportDesc
                0x00000000200000fc       0x3f ./Middlewares/ST/STM32_USB_Device_Library/Class/HID/Src/usbd_hid.o
 *fill*         0x000000002000013b        0x1 
 .data.FS_Desc  0x000000002000013c       0x1c ./USB_DEVICE/App/usbd_desc.o
                0x000000002000013c                FS_Desc
 .data.USBD_FS_DeviceDesc
                0x0000000020000158       0x12 ./USB_DEVICE/App/usbd_desc.o
                0x0000000020000158                USBD_FS_DeviceDesc
 *fill*         0x000000002000016a        0x2 
 .data.USBD_LangIDDesc
                0x000000002000016c        0x4 ./USB_DEVICE/App/usbd_desc.o
                0x000000002000016c                USBD_LangIDDesc
 .data.USBD_StringSerial
                0x0000000020000170       0x1a ./USB_DEVICE/App/usbd_desc.o
                0x0000000020000170                USBD_StringSerial
 *(.RamFunc)
 *(.RamFunc*)
                0x000000002000018c                . = ALIGN (0x4)
 *fill*         0x000000002000018a        0x2 
                0x000000002000018c                _edata = .

.igot.plt       0x000000002000018c        0x0 load address 0x00000000080096d0
 .igot.plt      0x000000002000018c        0x0 c:/st/stm32cubeide_1.10.1/stm32cubeide/plugins/com.st.stm32cube.ide.mcu.externaltools.gnu-tools-for-stm32.10.3-2021.10.win32_1.0.0.202111181127/tools/bin/../lib/gcc/arm-none-eabi/10.3.1/thumb/v7-m/nofp/crtbegin.o
                0x000000002000018c                . = ALIGN (0x4)

.bss            0x000000002000018c      0xc74 load address 0x00000000080096d0
                0x000000002000018c                _sbss = .
                0x000000002000018c                __bss_start__ = _sbss
 *(.bss)
 .bss           0x000000002000018c       0x1c c:/st/stm32cubeide_1.10.1/stm32cubeide/plugins/com.st.stm32cube.ide.mcu.externaltools.gnu-tools-for-stm32.10.3-2021.10.win32_1.0.0.202111181127/tools/bin/../lib/gcc/arm-none-eabi/10.3.1/thumb/v7-m/nofp/crtbegin.o
 *(.bss*)
 .bss.test      0x00000000200001a8        0x4 ./Core/Src/main.o
                0x00000000200001a8                test
 .bss.scanNumberTest
                0x00000000200001ac        0x1 ./Core/Src/main.o
                0x00000000200001ac                scanNumberTest
 *fill*         0x00000000200001ad        0x3 
 .bss.hi2c1     0x00000000200001b0       0x54 ./Core/Src/main.o
                0x00000000200001b0                hi2c1
 .bss.keyboardhid
                0x0000000020000204        0x8 ./Core/drivers/keyboard.o
                0x0000000020000204                keyboardhid
 .bss.SSD1306_Buffer
                0x000000002000020c      0x420 ./Core/drivers/ssd1306.o
 .bss.SSD1306   0x000000002000062c        0x6 ./Core/drivers/ssd1306.o
 *fill*         0x0000000020000632        0x2 
 .bss.uwTick    0x0000000020000634        0x4 ./Drivers/STM32F1xx_HAL_Driver/Src/stm32f1xx_hal.o
                0x0000000020000634                uwTick
 .bss.cfgidx.0  0x0000000020000638        0x1 ./Middlewares/ST/STM32_USB_Device_Library/Core/Src/usbd_ctlreq.o
 *fill*         0x0000000020000639        0x3 
 .bss.hUsbDeviceFS
                0x000000002000063c      0x2c4 ./USB_DEVICE/App/usb_device.o
                0x000000002000063c                hUsbDeviceFS
 .bss.USBD_StrDesc
                0x0000000020000900      0x200 ./USB_DEVICE/App/usbd_desc.o
                0x0000000020000900                USBD_StrDesc
 .bss.hpcd_USB_FS
                0x0000000020000b00      0x2ec ./USB_DEVICE/Target/usbd_conf.o
                0x0000000020000b00                hpcd_USB_FS
 .bss.mem.0     0x0000000020000dec       0x14 ./USB_DEVICE/Target/usbd_conf.o
 *(COMMON)
                0x0000000020000e00                . = ALIGN (0x4)
                0x0000000020000e00                _ebss = .
                0x0000000020000e00                __bss_end__ = _ebss

._user_heap_stack
                0x0000000020000e00      0x600 load address 0x00000000080096d0
                0x0000000020000e00                . = ALIGN (0x8)
                [!provide]                        PROVIDE (end = .)
                0x0000000020000e00                PROVIDE (_end = .)
                0x0000000020001000                . = (. + _Min_Heap_Size)
 *fill*         0x0000000020000e00      0x200 
                0x0000000020001400                . = (. + _Min_Stack_Size)
 *fill*         0x0000000020001000      0x400 
                0x0000000020001400                . = ALIGN (0x8)

/DISCARD/
 libc.a(*)
 libm.a(*)
 libgcc.a(*)

.ARM.attributes
                0x0000000000000000       0x29
 *(.ARM.attributes)
 .ARM.attributes
                0x0000000000000000       0x1d c:/st/stm32cubeide_1.10.1/stm32cubeide/plugins/com.st.stm32cube.ide.mcu.externaltools.gnu-tools-for-stm32.10.3-2021.10.win32_1.0.0.202111181127/tools/bin/../lib/gcc/arm-none-eabi/10.3.1/thumb/v7-m/nofp/crti.o
 .ARM.attributes
                0x000000000000001d       0x2d c:/st/stm32cubeide_1.10.1/stm32cubeide/plugins/com.st.stm32cube.ide.mcu.externaltools.gnu-tools-for-stm32.10.3-2021.10.win32_1.0.0.202111181127/tools/bin/../lib/gcc/arm-none-eabi/10.3.1/thumb/v7-m/nofp/crtbegin.o
 .ARM.attributes
                0x000000000000004a       0x2d ./Core/Src/main.o
 .ARM.attributes
                0x0000000000000077       0x2d ./Core/Src/stm32f1xx_hal_msp.o
 .ARM.attributes
                0x00000000000000a4       0x2d ./Core/Src/stm32f1xx_it.o
 .ARM.attributes
                0x00000000000000d1       0x2d ./Core/Src/system_stm32f1xx.o
 .ARM.attributes
                0x00000000000000fe       0x21 ./Core/Startup/startup_stm32f103c8tx.o
 .ARM.attributes
                0x000000000000011f       0x2d ./Core/drivers/fonts.o
 .ARM.attributes
                0x000000000000014c       0x2d ./Core/drivers/keyboard.o
 .ARM.attributes
                0x0000000000000179       0x2d ./Core/drivers/ssd1306.o
 .ARM.attributes
                0x00000000000001a6       0x2d ./Drivers/STM32F1xx_HAL_Driver/Src/stm32f1xx_hal.o
 .ARM.attributes
                0x00000000000001d3       0x2d ./Drivers/STM32F1xx_HAL_Driver/Src/stm32f1xx_hal_cortex.o
 .ARM.attributes
                0x0000000000000200       0x2d ./Drivers/STM32F1xx_HAL_Driver/Src/stm32f1xx_hal_gpio.o
 .ARM.attributes
                0x000000000000022d       0x2d ./Drivers/STM32F1xx_HAL_Driver/Src/stm32f1xx_hal_i2c.o
 .ARM.attributes
                0x000000000000025a       0x2d ./Drivers/STM32F1xx_HAL_Driver/Src/stm32f1xx_hal_pcd.o
 .ARM.attributes
                0x0000000000000287       0x2d ./Drivers/STM32F1xx_HAL_Driver/Src/stm32f1xx_hal_pcd_ex.o
 .ARM.attributes
                0x00000000000002b4       0x2d ./Drivers/STM32F1xx_HAL_Driver/Src/stm32f1xx_hal_rcc.o
 .ARM.attributes
                0x00000000000002e1       0x2d ./Drivers/STM32F1xx_HAL_Driver/Src/stm32f1xx_hal_rcc_ex.o
 .ARM.attributes
                0x000000000000030e       0x2d ./Drivers/STM32F1xx_HAL_Driver/Src/stm32f1xx_ll_usb.o
 .ARM.attributes
                0x000000000000033b       0x2d ./Middlewares/ST/STM32_USB_Device_Library/Class/HID/Src/usbd_hid.o
 .ARM.attributes
                0x0000000000000368       0x2d ./Middlewares/ST/STM32_USB_Device_Library/Core/Src/usbd_core.o
 .ARM.attributes
                0x0000000000000395       0x2d ./Middlewares/ST/STM32_USB_Device_Library/Core/Src/usbd_ctlreq.o
 .ARM.attributes
                0x00000000000003c2       0x2d ./Middlewares/ST/STM32_USB_Device_Library/Core/Src/usbd_ioreq.o
 .ARM.attributes
                0x00000000000003ef       0x2d ./USB_DEVICE/App/usb_device.o
 .ARM.attributes
                0x000000000000041c       0x2d ./USB_DEVICE/App/usbd_desc.o
 .ARM.attributes
                0x0000000000000449       0x2d ./USB_DEVICE/Target/usbd_conf.o
 .ARM.attributes
                0x0000000000000476       0x2d c:/st/stm32cubeide_1.10.1/stm32cubeide/plugins/com.st.stm32cube.ide.mcu.externaltools.gnu-tools-for-stm32.10.3-2021.10.win32_1.0.0.202111181127/tools/bin/../lib/gcc/arm-none-eabi/10.3.1/../../../../arm-none-eabi/lib/thumb/v7-m/nofp\libc_nano.a(lib_a-init.o)
 .ARM.attributes
                0x00000000000004a3       0x2d c:/st/stm32cubeide_1.10.1/stm32cubeide/plugins/com.st.stm32cube.ide.mcu.externaltools.gnu-tools-for-stm32.10.3-2021.10.win32_1.0.0.202111181127/tools/bin/../lib/gcc/arm-none-eabi/10.3.1/../../../../arm-none-eabi/lib/thumb/v7-m/nofp\libc_nano.a(lib_a-memset.o)
 .ARM.attributes
                0x00000000000004d0       0x1d c:/st/stm32cubeide_1.10.1/stm32cubeide/plugins/com.st.stm32cube.ide.mcu.externaltools.gnu-tools-for-stm32.10.3-2021.10.win32_1.0.0.202111181127/tools/bin/../lib/gcc/arm-none-eabi/10.3.1/thumb/v7-m/nofp/crtn.o
OUTPUT(macropad.elf elf32-littlearm)
LOAD linker stubs
LOAD c:/st/stm32cubeide_1.10.1/stm32cubeide/plugins/com.st.stm32cube.ide.mcu.externaltools.gnu-tools-for-stm32.10.3-2021.10.win32_1.0.0.202111181127/tools/bin/../lib/gcc/arm-none-eabi/10.3.1/../../../../arm-none-eabi/lib/thumb/v7-m/nofp\libc.a
LOAD c:/st/stm32cubeide_1.10.1/stm32cubeide/plugins/com.st.stm32cube.ide.mcu.externaltools.gnu-tools-for-stm32.10.3-2021.10.win32_1.0.0.202111181127/tools/bin/../lib/gcc/arm-none-eabi/10.3.1/../../../../arm-none-eabi/lib/thumb/v7-m/nofp\libm.a
LOAD c:/st/stm32cubeide_1.10.1/stm32cubeide/plugins/com.st.stm32cube.ide.mcu.externaltools.gnu-tools-for-stm32.10.3-2021.10.win32_1.0.0.202111181127/tools/bin/../lib/gcc/arm-none-eabi/10.3.1/thumb/v7-m/nofp\libgcc.a

.debug_info     0x0000000000000000     0xfddd
 .debug_info    0x0000000000000000     0x122d ./Core/Src/main.o
 .debug_info    0x000000000000122d      0x8d3 ./Core/Src/stm32f1xx_hal_msp.o
 .debug_info    0x0000000000001b00      0x697 ./Core/Src/stm32f1xx_it.o
 .debug_info    0x0000000000002197      0x23d ./Core/Src/system_stm32f1xx.o
 .debug_info    0x00000000000023d4       0x22 ./Core/Startup/startup_stm32f103c8tx.o
 .debug_info    0x00000000000023f6      0x1ae ./Core/drivers/fonts.o
 .debug_info    0x00000000000025a4      0x3a2 ./Core/drivers/keyboard.o
 .debug_info    0x0000000000002946      0x933 ./Core/drivers/ssd1306.o
 .debug_info    0x0000000000003279      0x734 ./Drivers/STM32F1xx_HAL_Driver/Src/stm32f1xx_hal.o
 .debug_info    0x00000000000039ad      0xb20 ./Drivers/STM32F1xx_HAL_Driver/Src/stm32f1xx_hal_cortex.o
 .debug_info    0x00000000000044cd      0x615 ./Drivers/STM32F1xx_HAL_Driver/Src/stm32f1xx_hal_gpio.o
 .debug_info    0x0000000000004ae2     0x2734 ./Drivers/STM32F1xx_HAL_Driver/Src/stm32f1xx_hal_i2c.o
 .debug_info    0x0000000000007216     0x16ab ./Drivers/STM32F1xx_HAL_Driver/Src/stm32f1xx_hal_pcd.o
 .debug_info    0x00000000000088c1      0x728 ./Drivers/STM32F1xx_HAL_Driver/Src/stm32f1xx_hal_pcd_ex.o
 .debug_info    0x0000000000008fe9      0x860 ./Drivers/STM32F1xx_HAL_Driver/Src/stm32f1xx_hal_rcc.o
 .debug_info    0x0000000000009849      0x3e0 ./Drivers/STM32F1xx_HAL_Driver/Src/stm32f1xx_hal_rcc_ex.o
 .debug_info    0x0000000000009c29     0x190d ./Drivers/STM32F1xx_HAL_Driver/Src/stm32f1xx_ll_usb.o
 .debug_info    0x000000000000b536      0x995 ./Middlewares/ST/STM32_USB_Device_Library/Class/HID/Src/usbd_hid.o
 .debug_info    0x000000000000becb      0xb02 ./Middlewares/ST/STM32_USB_Device_Library/Core/Src/usbd_core.o
 .debug_info    0x000000000000c9cd      0x9b6 ./Middlewares/ST/STM32_USB_Device_Library/Core/Src/usbd_ctlreq.o
 .debug_info    0x000000000000d383      0x715 ./Middlewares/ST/STM32_USB_Device_Library/Core/Src/usbd_ioreq.o
 .debug_info    0x000000000000da98      0x59c ./USB_DEVICE/App/usb_device.o
 .debug_info    0x000000000000e034      0x484 ./USB_DEVICE/App/usbd_desc.o
 .debug_info    0x000000000000e4b8     0x1925 ./USB_DEVICE/Target/usbd_conf.o

.debug_abbrev   0x0000000000000000     0x2e15
 .debug_abbrev  0x0000000000000000      0x2fa ./Core/Src/main.o
 .debug_abbrev  0x00000000000002fa      0x194 ./Core/Src/stm32f1xx_hal_msp.o
 .debug_abbrev  0x000000000000048e      0x19d ./Core/Src/stm32f1xx_it.o
 .debug_abbrev  0x000000000000062b      0x13b ./Core/Src/system_stm32f1xx.o
 .debug_abbrev  0x0000000000000766       0x12 ./Core/Startup/startup_stm32f103c8tx.o
 .debug_abbrev  0x0000000000000778       0xad ./Core/drivers/fonts.o
 .debug_abbrev  0x0000000000000825      0x1b2 ./Core/drivers/keyboard.o
 .debug_abbrev  0x00000000000009d7      0x203 ./Core/drivers/ssd1306.o
 .debug_abbrev  0x0000000000000bda      0x1fb ./Drivers/STM32F1xx_HAL_Driver/Src/stm32f1xx_hal.o
 .debug_abbrev  0x0000000000000dd5      0x2ed ./Drivers/STM32F1xx_HAL_Driver/Src/stm32f1xx_hal_cortex.o
 .debug_abbrev  0x00000000000010c2      0x1bb ./Drivers/STM32F1xx_HAL_Driver/Src/stm32f1xx_hal_gpio.o
 .debug_abbrev  0x000000000000127d      0x288 ./Drivers/STM32F1xx_HAL_Driver/Src/stm32f1xx_hal_i2c.o
 .debug_abbrev  0x0000000000001505      0x2b9 ./Drivers/STM32F1xx_HAL_Driver/Src/stm32f1xx_hal_pcd.o
 .debug_abbrev  0x00000000000017be      0x17f ./Drivers/STM32F1xx_HAL_Driver/Src/stm32f1xx_hal_pcd_ex.o
 .debug_abbrev  0x000000000000193d      0x2a8 ./Drivers/STM32F1xx_HAL_Driver/Src/stm32f1xx_hal_rcc.o
 .debug_abbrev  0x0000000000001be5      0x182 ./Drivers/STM32F1xx_HAL_Driver/Src/stm32f1xx_hal_rcc_ex.o
 .debug_abbrev  0x0000000000001d67      0x1cd ./Drivers/STM32F1xx_HAL_Driver/Src/stm32f1xx_ll_usb.o
 .debug_abbrev  0x0000000000001f34      0x258 ./Middlewares/ST/STM32_USB_Device_Library/Class/HID/Src/usbd_hid.o
 .debug_abbrev  0x000000000000218c      0x236 ./Middlewares/ST/STM32_USB_Device_Library/Core/Src/usbd_core.o
 .debug_abbrev  0x00000000000023c2      0x257 ./Middlewares/ST/STM32_USB_Device_Library/Core/Src/usbd_ctlreq.o
 .debug_abbrev  0x0000000000002619      0x183 ./Middlewares/ST/STM32_USB_Device_Library/Core/Src/usbd_ioreq.o
 .debug_abbrev  0x000000000000279c      0x17a ./USB_DEVICE/App/usb_device.o
 .debug_abbrev  0x0000000000002916      0x1fa ./USB_DEVICE/App/usbd_desc.o
 .debug_abbrev  0x0000000000002b10      0x305 ./USB_DEVICE/Target/usbd_conf.o

.debug_aranges  0x0000000000000000      0xd78
 .debug_aranges
                0x0000000000000000       0x48 ./Core/Src/main.o
 .debug_aranges
                0x0000000000000048       0x30 ./Core/Src/stm32f1xx_hal_msp.o
 .debug_aranges
                0x0000000000000078       0x78 ./Core/Src/stm32f1xx_it.o
 .debug_aranges
                0x00000000000000f0       0x28 ./Core/Src/system_stm32f1xx.o
 .debug_aranges
                0x0000000000000118       0x28 ./Core/Startup/startup_stm32f103c8tx.o
 .debug_aranges
                0x0000000000000140       0x18 ./Core/drivers/fonts.o
 .debug_aranges
                0x0000000000000158       0x38 ./Core/drivers/keyboard.o
 .debug_aranges
                0x0000000000000190       0x60 ./Core/drivers/ssd1306.o
 .debug_aranges
                0x00000000000001f0       0xe0 ./Drivers/STM32F1xx_HAL_Driver/Src/stm32f1xx_hal.o
 .debug_aranges
                0x00000000000002d0      0x100 ./Drivers/STM32F1xx_HAL_Driver/Src/stm32f1xx_hal_cortex.o
 .debug_aranges
                0x00000000000003d0       0x58 ./Drivers/STM32F1xx_HAL_Driver/Src/stm32f1xx_hal_gpio.o
 .debug_aranges
                0x0000000000000428      0x2a0 ./Drivers/STM32F1xx_HAL_Driver/Src/stm32f1xx_hal_i2c.o
 .debug_aranges
                0x00000000000006c8      0x138 ./Drivers/STM32F1xx_HAL_Driver/Src/stm32f1xx_hal_pcd.o
 .debug_aranges
                0x0000000000000800       0x38 ./Drivers/STM32F1xx_HAL_Driver/Src/stm32f1xx_hal_pcd_ex.o
 .debug_aranges
                0x0000000000000838       0x90 ./Drivers/STM32F1xx_HAL_Driver/Src/stm32f1xx_hal_rcc.o
 .debug_aranges
                0x00000000000008c8       0x30 ./Drivers/STM32F1xx_HAL_Driver/Src/stm32f1xx_hal_rcc_ex.o
 .debug_aranges
                0x00000000000008f8       0xf0 ./Drivers/STM32F1xx_HAL_Driver/Src/stm32f1xx_ll_usb.o
 .debug_aranges
                0x00000000000009e8       0x68 ./Middlewares/ST/STM32_USB_Device_Library/Class/HID/Src/usbd_hid.o
 .debug_aranges
                0x0000000000000a50       0xb8 ./Middlewares/ST/STM32_USB_Device_Library/Core/Src/usbd_core.o
 .debug_aranges
                0x0000000000000b08       0x88 ./Middlewares/ST/STM32_USB_Device_Library/Core/Src/usbd_ctlreq.o
 .debug_aranges
                0x0000000000000b90       0x50 ./Middlewares/ST/STM32_USB_Device_Library/Core/Src/usbd_ioreq.o
 .debug_aranges
                0x0000000000000be0       0x20 ./USB_DEVICE/App/usb_device.o
 .debug_aranges
                0x0000000000000c00       0x60 ./USB_DEVICE/App/usbd_desc.o
 .debug_aranges
                0x0000000000000c60      0x118 ./USB_DEVICE/Target/usbd_conf.o

.debug_ranges   0x0000000000000000      0xc20
 .debug_ranges  0x0000000000000000       0x38 ./Core/Src/main.o
 .debug_ranges  0x0000000000000038       0x20 ./Core/Src/stm32f1xx_hal_msp.o
 .debug_ranges  0x0000000000000058       0x68 ./Core/Src/stm32f1xx_it.o
 .debug_ranges  0x00000000000000c0       0x18 ./Core/Src/system_stm32f1xx.o
 .debug_ranges  0x00000000000000d8       0x20 ./Core/Startup/startup_stm32f103c8tx.o
 .debug_ranges  0x00000000000000f8       0x28 ./Core/drivers/keyboard.o
 .debug_ranges  0x0000000000000120       0x50 ./Core/drivers/ssd1306.o
 .debug_ranges  0x0000000000000170       0xd0 ./Drivers/STM32F1xx_HAL_Driver/Src/stm32f1xx_hal.o
 .debug_ranges  0x0000000000000240       0xf0 ./Drivers/STM32F1xx_HAL_Driver/Src/stm32f1xx_hal_cortex.o
 .debug_ranges  0x0000000000000330       0x48 ./Drivers/STM32F1xx_HAL_Driver/Src/stm32f1xx_hal_gpio.o
 .debug_ranges  0x0000000000000378      0x2b8 ./Drivers/STM32F1xx_HAL_Driver/Src/stm32f1xx_hal_i2c.o
 .debug_ranges  0x0000000000000630      0x128 ./Drivers/STM32F1xx_HAL_Driver/Src/stm32f1xx_hal_pcd.o
 .debug_ranges  0x0000000000000758       0x28 ./Drivers/STM32F1xx_HAL_Driver/Src/stm32f1xx_hal_pcd_ex.o
 .debug_ranges  0x0000000000000780       0x80 ./Drivers/STM32F1xx_HAL_Driver/Src/stm32f1xx_hal_rcc.o
 .debug_ranges  0x0000000000000800       0x20 ./Drivers/STM32F1xx_HAL_Driver/Src/stm32f1xx_hal_rcc_ex.o
 .debug_ranges  0x0000000000000820       0xe0 ./Drivers/STM32F1xx_HAL_Driver/Src/stm32f1xx_ll_usb.o
 .debug_ranges  0x0000000000000900       0x58 ./Middlewares/ST/STM32_USB_Device_Library/Class/HID/Src/usbd_hid.o
 .debug_ranges  0x0000000000000958       0xa8 ./Middlewares/ST/STM32_USB_Device_Library/Core/Src/usbd_core.o
 .debug_ranges  0x0000000000000a00       0x78 ./Middlewares/ST/STM32_USB_Device_Library/Core/Src/usbd_ctlreq.o
 .debug_ranges  0x0000000000000a78       0x40 ./Middlewares/ST/STM32_USB_Device_Library/Core/Src/usbd_ioreq.o
 .debug_ranges  0x0000000000000ab8       0x10 ./USB_DEVICE/App/usb_device.o
 .debug_ranges  0x0000000000000ac8       0x50 ./USB_DEVICE/App/usbd_desc.o
 .debug_ranges  0x0000000000000b18      0x108 ./USB_DEVICE/Target/usbd_conf.o

.debug_macro    0x0000000000000000    0x19d8c
 .debug_macro   0x0000000000000000      0x41b ./Core/Src/main.o
 .debug_macro   0x000000000000041b      0xa6c ./Core/Src/main.o
 .debug_macro   0x0000000000000e87      0x21b ./Core/Src/main.o
 .debug_macro   0x00000000000010a2       0x2e ./Core/Src/main.o
 .debug_macro   0x00000000000010d0       0x22 ./Core/Src/main.o
 .debug_macro   0x00000000000010f2       0x22 ./Core/Src/main.o
 .debug_macro   0x0000000000001114       0x8e ./Core/Src/main.o
 .debug_macro   0x00000000000011a2       0x51 ./Core/Src/main.o
 .debug_macro   0x00000000000011f3      0x103 ./Core/Src/main.o
 .debug_macro   0x00000000000012f6       0x6a ./Core/Src/main.o
 .debug_macro   0x0000000000001360      0x1df ./Core/Src/main.o
 .debug_macro   0x000000000000153f       0x1c ./Core/Src/main.o
 .debug_macro   0x000000000000155b       0x22 ./Core/Src/main.o
 .debug_macro   0x000000000000157d       0xbd ./Core/Src/main.o
 .debug_macro   0x000000000000163a      0xd23 ./Core/Src/main.o
 .debug_macro   0x000000000000235d     0xe09e ./Core/Src/main.o
 .debug_macro   0x00000000000103fb       0x6d ./Core/Src/main.o
 .debug_macro   0x0000000000010468     0x3468 ./Core/Src/main.o
 .debug_macro   0x00000000000138d0      0x174 ./Core/Src/main.o
 .debug_macro   0x0000000000013a44       0x5c ./Core/Src/main.o
 .debug_macro   0x0000000000013aa0      0x5be ./Core/Src/main.o
 .debug_macro   0x000000000001405e      0x289 ./Core/Src/main.o
 .debug_macro   0x00000000000142e7      0x1cb ./Core/Src/main.o
 .debug_macro   0x00000000000144b2      0x114 ./Core/Src/main.o
 .debug_macro   0x00000000000145c6      0x1b2 ./Core/Src/main.o
 .debug_macro   0x0000000000014778       0x27 ./Core/Src/main.o
 .debug_macro   0x000000000001479f      0x136 ./Core/Src/main.o
 .debug_macro   0x00000000000148d5      0x1bc ./Core/Src/main.o
 .debug_macro   0x0000000000014a91       0x34 ./Core/Src/main.o
 .debug_macro   0x0000000000014ac5       0x3c ./Core/Src/main.o
 .debug_macro   0x0000000000014b01       0x57 ./Core/Src/main.o
 .debug_macro   0x0000000000014b58       0x88 ./Core/Src/main.o
 .debug_macro   0x0000000000014be0      0x241 ./Core/Src/main.o
 .debug_macro   0x0000000000014e21      0x287 ./Core/Src/main.o
 .debug_macro   0x00000000000150a8      0x141 ./Core/Src/main.o
 .debug_macro   0x00000000000151e9       0x65 ./Core/Src/main.o
 .debug_macro   0x000000000001524e      0x249 ./Core/Src/main.o
 .debug_macro   0x0000000000015497       0x83 ./Core/Src/main.o
 .debug_macro   0x000000000001551a       0x52 ./Core/Src/main.o
 .debug_macro   0x000000000001556c       0x18 ./Core/Src/main.o
 .debug_macro   0x0000000000015584       0x3c ./Core/Src/main.o
 .debug_macro   0x00000000000155c0       0x34 ./Core/Src/main.o
 .debug_macro   0x00000000000155f4       0x16 ./Core/Src/main.o
 .debug_macro   0x000000000001560a       0x35 ./Core/Src/main.o
 .debug_macro   0x000000000001563f      0x341 ./Core/Src/main.o
 .debug_macro   0x0000000000015980       0x10 ./Core/Src/main.o
 .debug_macro   0x0000000000015990       0x16 ./Core/Src/main.o
 .debug_macro   0x00000000000159a6       0x43 ./Core/Src/main.o
 .debug_macro   0x00000000000159e9       0x34 ./Core/Src/main.o
 .debug_macro   0x0000000000015a1d       0x10 ./Core/Src/main.o
 .debug_macro   0x0000000000015a2d       0x58 ./Core/Src/main.o
 .debug_macro   0x0000000000015a85       0x71 ./Core/Src/main.o
 .debug_macro   0x0000000000015af6       0x1c ./Core/Src/main.o
 .debug_macro   0x0000000000015b12      0x12a ./Core/Src/main.o
 .debug_macro   0x0000000000015c3c       0x10 ./Core/Src/main.o
 .debug_macro   0x0000000000015c4c       0x1c ./Core/Src/main.o
 .debug_macro   0x0000000000015c68       0x52 ./Core/Src/main.o
 .debug_macro   0x0000000000015cba       0x22 ./Core/Src/main.o
 .debug_macro   0x0000000000015cdc       0x10 ./Core/Src/main.o
 .debug_macro   0x0000000000015cec       0x52 ./Core/Src/main.o
 .debug_macro   0x0000000000015d3e       0xd5 ./Core/Src/main.o
 .debug_macro   0x0000000000015e13       0x1c ./Core/Src/main.o
 .debug_macro   0x0000000000015e2f       0x3d ./Core/Src/main.o
 .debug_macro   0x0000000000015e6c       0x16 ./Core/Src/main.o
 .debug_macro   0x0000000000015e82      0x145 ./Core/Src/main.o
 .debug_macro   0x0000000000015fc7       0x16 ./Core/Src/main.o
 .debug_macro   0x0000000000015fdd       0x16 ./Core/Src/main.o
 .debug_macro   0x0000000000015ff3       0x29 ./Core/Src/main.o
 .debug_macro   0x000000000001601c       0x16 ./Core/Src/main.o
 .debug_macro   0x0000000000016032       0x20 ./Core/Src/main.o
 .debug_macro   0x0000000000016052       0x5f ./Core/Src/main.o
 .debug_macro   0x00000000000160b1      0x1c8 ./Core/Src/main.o
 .debug_macro   0x0000000000016279       0x5e ./Core/Src/main.o
 .debug_macro   0x00000000000162d7       0x6a ./Core/Src/main.o
 .debug_macro   0x0000000000016341       0x10 ./Core/Src/main.o
 .debug_macro   0x0000000000016351       0x16 ./Core/Src/main.o
 .debug_macro   0x0000000000016367      0x1bc ./Core/Src/stm32f1xx_hal_msp.o
 .debug_macro   0x0000000000016523      0x1c6 ./Core/Src/stm32f1xx_it.o
 .debug_macro   0x00000000000166e9      0x1b2 ./Core/Src/system_stm32f1xx.o
 .debug_macro   0x000000000001689b       0x6d ./Core/drivers/fonts.o
 .debug_macro   0x0000000000016908      0x3bf ./Core/drivers/keyboard.o
 .debug_macro   0x0000000000016cc7      0x1cb ./Core/drivers/ssd1306.o
 .debug_macro   0x0000000000016e92      0x1d6 ./Drivers/STM32F1xx_HAL_Driver/Src/stm32f1xx_hal.o
 .debug_macro   0x0000000000017068      0x1b2 ./Drivers/STM32F1xx_HAL_Driver/Src/stm32f1xx_hal_cortex.o
 .debug_macro   0x000000000001721a      0x21d ./Drivers/STM32F1xx_HAL_Driver/Src/stm32f1xx_hal_gpio.o
 .debug_macro   0x0000000000017437      0x1f9 ./Drivers/STM32F1xx_HAL_Driver/Src/stm32f1xx_hal_i2c.o
 .debug_macro   0x0000000000017630      0x1be ./Drivers/STM32F1xx_HAL_Driver/Src/stm32f1xx_hal_pcd.o
 .debug_macro   0x00000000000177ee      0x1b2 ./Drivers/STM32F1xx_HAL_Driver/Src/stm32f1xx_hal_pcd_ex.o
 .debug_macro   0x00000000000179a0      0x1c4 ./Drivers/STM32F1xx_HAL_Driver/Src/stm32f1xx_hal_rcc.o
 .debug_macro   0x0000000000017b64      0x1b2 ./Drivers/STM32F1xx_HAL_Driver/Src/stm32f1xx_hal_rcc_ex.o
 .debug_macro   0x0000000000017d16      0x1b2 ./Drivers/STM32F1xx_HAL_Driver/Src/stm32f1xx_ll_usb.o
 .debug_macro   0x0000000000017ec8      0x3d2 ./Middlewares/ST/STM32_USB_Device_Library/Class/HID/Src/usbd_hid.o
 .debug_macro   0x000000000001829a       0x97 ./Middlewares/ST/STM32_USB_Device_Library/Class/HID/Src/usbd_hid.o
 .debug_macro   0x0000000000018331       0xfd ./Middlewares/ST/STM32_USB_Device_Library/Class/HID/Src/usbd_hid.o
 .debug_macro   0x000000000001842e       0x56 ./Middlewares/ST/STM32_USB_Device_Library/Class/HID/Src/usbd_hid.o
 .debug_macro   0x0000000000018484      0x3b9 ./Middlewares/ST/STM32_USB_Device_Library/Core/Src/usbd_core.o
 .debug_macro   0x000000000001883d      0x1ce ./Middlewares/ST/STM32_USB_Device_Library/Core/Src/usbd_core.o
 .debug_macro   0x0000000000018a0b      0x3c3 ./Middlewares/ST/STM32_USB_Device_Library/Core/Src/usbd_ctlreq.o
 .debug_macro   0x0000000000018dce      0x3bf ./Middlewares/ST/STM32_USB_Device_Library/Core/Src/usbd_ioreq.o
 .debug_macro   0x000000000001918d      0x3ef ./USB_DEVICE/App/usb_device.o
 .debug_macro   0x000000000001957c       0x22 ./USB_DEVICE/App/usb_device.o
 .debug_macro   0x000000000001959e      0x3f6 ./USB_DEVICE/App/usbd_desc.o
 .debug_macro   0x0000000000019994       0x1c ./USB_DEVICE/App/usbd_desc.o
 .debug_macro   0x00000000000199b0      0x3dc ./USB_DEVICE/Target/usbd_conf.o

.debug_line     0x0000000000000000    0x1266e
 .debug_line    0x0000000000000000      0xb9d ./Core/Src/main.o
 .debug_line    0x0000000000000b9d      0x6d2 ./Core/Src/stm32f1xx_hal_msp.o
 .debug_line    0x000000000000126f      0x793 ./Core/Src/stm32f1xx_it.o
 .debug_line    0x0000000000001a02      0x705 ./Core/Src/system_stm32f1xx.o
 .debug_line    0x0000000000002107       0x87 ./Core/Startup/startup_stm32f103c8tx.o
 .debug_line    0x000000000000218e      0x377 ./Core/drivers/fonts.o
 .debug_line    0x0000000000002505      0xa29 ./Core/drivers/keyboard.o
 .debug_line    0x0000000000002f2e      0x95b ./Core/drivers/ssd1306.o
 .debug_line    0x0000000000003889      0x932 ./Drivers/STM32F1xx_HAL_Driver/Src/stm32f1xx_hal.o
 .debug_line    0x00000000000041bb      0xb1a ./Drivers/STM32F1xx_HAL_Driver/Src/stm32f1xx_hal_cortex.o
 .debug_line    0x0000000000004cd5      0x9c9 ./Drivers/STM32F1xx_HAL_Driver/Src/stm32f1xx_hal_gpio.o
 .debug_line    0x000000000000569e     0x3a1c ./Drivers/STM32F1xx_HAL_Driver/Src/stm32f1xx_hal_i2c.o
 .debug_line    0x00000000000090ba     0x1320 ./Drivers/STM32F1xx_HAL_Driver/Src/stm32f1xx_hal_pcd.o
 .debug_line    0x000000000000a3da      0x700 ./Drivers/STM32F1xx_HAL_Driver/Src/stm32f1xx_hal_pcd_ex.o
 .debug_line    0x000000000000aada      0xd40 ./Drivers/STM32F1xx_HAL_Driver/Src/stm32f1xx_hal_rcc.o
 .debug_line    0x000000000000b81a      0x87e ./Drivers/STM32F1xx_HAL_Driver/Src/stm32f1xx_hal_rcc_ex.o
 .debug_line    0x000000000000c098     0x1065 ./Drivers/STM32F1xx_HAL_Driver/Src/stm32f1xx_ll_usb.o
 .debug_line    0x000000000000d0fd      0xbca ./Middlewares/ST/STM32_USB_Device_Library/Class/HID/Src/usbd_hid.o
 .debug_line    0x000000000000dcc7      0xd91 ./Middlewares/ST/STM32_USB_Device_Library/Core/Src/usbd_core.o
 .debug_line    0x000000000000ea58      0xfb3 ./Middlewares/ST/STM32_USB_Device_Library/Core/Src/usbd_ctlreq.o
 .debug_line    0x000000000000fa0b      0xa27 ./Middlewares/ST/STM32_USB_Device_Library/Core/Src/usbd_ioreq.o
 .debug_line    0x0000000000010432      0x9cc ./USB_DEVICE/App/usb_device.o
 .debug_line    0x0000000000010dfe      0xab0 ./USB_DEVICE/App/usbd_desc.o
 .debug_line    0x00000000000118ae      0xdc0 ./USB_DEVICE/Target/usbd_conf.o

.debug_str      0x0000000000000000    0x87223
 .debug_str     0x0000000000000000    0x84243 ./Core/Src/main.o
                                      0x8472b (size before relaxing)
 .debug_str     0x0000000000084243       0x91 ./Core/Src/stm32f1xx_hal_msp.o
                                      0x7f198 (size before relaxing)
 .debug_str     0x00000000000842d4      0x3fe ./Core/Src/stm32f1xx_it.o
                                      0x7f0a9 (size before relaxing)
 .debug_str     0x00000000000846d2       0x7e ./Core/Src/system_stm32f1xx.o
                                      0x7ecbf (size before relaxing)
 .debug_str     0x0000000000084750       0x36 ./Core/Startup/startup_stm32f103c8tx.o
                                         0x73 (size before relaxing)
 .debug_str     0x0000000000084786       0x4a ./Core/drivers/fonts.o
                                       0x3c41 (size before relaxing)
 .debug_str     0x00000000000847d0       0xa9 ./Core/drivers/keyboard.o
                                      0x83708 (size before relaxing)
 .debug_str     0x0000000000084879       0xd5 ./Core/drivers/ssd1306.o
                                      0x7f26a (size before relaxing)
 .debug_str     0x000000000008494e      0x384 ./Drivers/STM32F1xx_HAL_Driver/Src/stm32f1xx_hal.o
                                      0x7f3f2 (size before relaxing)
 .debug_str     0x0000000000084cd2      0x280 ./Drivers/STM32F1xx_HAL_Driver/Src/stm32f1xx_hal_cortex.o
                                      0x7f33e (size before relaxing)
 .debug_str     0x0000000000084f52      0x29c ./Drivers/STM32F1xx_HAL_Driver/Src/stm32f1xx_hal_gpio.o
                                      0x7f045 (size before relaxing)
 .debug_str     0x00000000000851ee      0xb58 ./Drivers/STM32F1xx_HAL_Driver/Src/stm32f1xx_hal_i2c.o
                                      0x7fd33 (size before relaxing)
 .debug_str     0x0000000000085d46      0x573 ./Drivers/STM32F1xx_HAL_Driver/Src/stm32f1xx_hal_pcd.o
                                      0x7f597 (size before relaxing)
 .debug_str     0x00000000000862b9      0x170 ./Drivers/STM32F1xx_HAL_Driver/Src/stm32f1xx_hal_pcd_ex.o
                                      0x7f133 (size before relaxing)
 .debug_str     0x0000000000086429      0x209 ./Drivers/STM32F1xx_HAL_Driver/Src/stm32f1xx_hal_rcc.o
                                      0x7f0ee (size before relaxing)
 .debug_str     0x0000000000086632       0x9f ./Drivers/STM32F1xx_HAL_Driver/Src/stm32f1xx_hal_rcc_ex.o
                                      0x7ee3e (size before relaxing)
 .debug_str     0x00000000000866d1      0x129 ./Drivers/STM32F1xx_HAL_Driver/Src/stm32f1xx_ll_usb.o
                                      0x7f166 (size before relaxing)
 .debug_str     0x00000000000867fa      0x298 ./Middlewares/ST/STM32_USB_Device_Library/Class/HID/Src/usbd_hid.o
                                      0x83c76 (size before relaxing)
 .debug_str     0x0000000000086a92      0x298 ./Middlewares/ST/STM32_USB_Device_Library/Core/Src/usbd_core.o
                                      0x83b11 (size before relaxing)
 .debug_str     0x0000000000086d2a      0x11b ./Middlewares/ST/STM32_USB_Device_Library/Core/Src/usbd_ctlreq.o
                                      0x83a2b (size before relaxing)
 .debug_str     0x0000000000086e45       0x79 ./Middlewares/ST/STM32_USB_Device_Library/Core/Src/usbd_ioreq.o
                                      0x83958 (size before relaxing)
 .debug_str     0x0000000000086ebe       0xa2 ./USB_DEVICE/App/usb_device.o
                                      0x83acd (size before relaxing)
 .debug_str     0x0000000000086f60      0x24b ./USB_DEVICE/App/usbd_desc.o
                                      0x83887 (size before relaxing)
 .debug_str     0x00000000000871ab       0x78 ./USB_DEVICE/Target/usbd_conf.o
                                      0x84600 (size before relaxing)

.comment        0x0000000000000000       0x50
 .comment       0x0000000000000000       0x50 ./Core/Src/main.o
                                         0x51 (size before relaxing)
 .comment       0x0000000000000050       0x51 ./Core/Src/stm32f1xx_hal_msp.o
 .comment       0x0000000000000050       0x51 ./Core/Src/stm32f1xx_it.o
 .comment       0x0000000000000050       0x51 ./Core/Src/system_stm32f1xx.o
 .comment       0x0000000000000050       0x51 ./Core/drivers/fonts.o
 .comment       0x0000000000000050       0x51 ./Core/drivers/keyboard.o
 .comment       0x0000000000000050       0x51 ./Core/drivers/ssd1306.o
 .comment       0x0000000000000050       0x51 ./Drivers/STM32F1xx_HAL_Driver/Src/stm32f1xx_hal.o
 .comment       0x0000000000000050       0x51 ./Drivers/STM32F1xx_HAL_Driver/Src/stm32f1xx_hal_cortex.o
 .comment       0x0000000000000050       0x51 ./Drivers/STM32F1xx_HAL_Driver/Src/stm32f1xx_hal_gpio.o
 .comment       0x0000000000000050       0x51 ./Drivers/STM32F1xx_HAL_Driver/Src/stm32f1xx_hal_i2c.o
 .comment       0x0000000000000050       0x51 ./Drivers/STM32F1xx_HAL_Driver/Src/stm32f1xx_hal_pcd.o
 .comment       0x0000000000000050       0x51 ./Drivers/STM32F1xx_HAL_Driver/Src/stm32f1xx_hal_pcd_ex.o
 .comment       0x0000000000000050       0x51 ./Drivers/STM32F1xx_HAL_Driver/Src/stm32f1xx_hal_rcc.o
 .comment       0x0000000000000050       0x51 ./Drivers/STM32F1xx_HAL_Driver/Src/stm32f1xx_hal_rcc_ex.o
 .comment       0x0000000000000050       0x51 ./Drivers/STM32F1xx_HAL_Driver/Src/stm32f1xx_ll_usb.o
 .comment       0x0000000000000050       0x51 ./Middlewares/ST/STM32_USB_Device_Library/Class/HID/Src/usbd_hid.o
 .comment       0x0000000000000050       0x51 ./Middlewares/ST/STM32_USB_Device_Library/Core/Src/usbd_core.o
 .comment       0x0000000000000050       0x51 ./Middlewares/ST/STM32_USB_Device_Library/Core/Src/usbd_ctlreq.o
 .comment       0x0000000000000050       0x51 ./Middlewares/ST/STM32_USB_Device_Library/Core/Src/usbd_ioreq.o
 .comment       0x0000000000000050       0x51 ./USB_DEVICE/App/usb_device.o
 .comment       0x0000000000000050       0x51 ./USB_DEVICE/App/usbd_desc.o
 .comment       0x0000000000000050       0x51 ./USB_DEVICE/Target/usbd_conf.o

.debug_frame    0x0000000000000000     0x3554
 .debug_frame   0x0000000000000000       0xd0 ./Core/Src/main.o
 .debug_frame   0x00000000000000d0       0x80 ./Core/Src/stm32f1xx_hal_msp.o
 .debug_frame   0x0000000000000150      0x158 ./Core/Src/stm32f1xx_it.o
 .debug_frame   0x00000000000002a8       0x58 ./Core/Src/system_stm32f1xx.o
 .debug_frame   0x0000000000000300       0xa0 ./Core/drivers/keyboard.o
 .debug_frame   0x00000000000003a0      0x168 ./Core/drivers/ssd1306.o
 .debug_frame   0x0000000000000508      0x334 ./Drivers/STM32F1xx_HAL_Driver/Src/stm32f1xx_hal.o
 .debug_frame   0x000000000000083c      0x428 ./Drivers/STM32F1xx_HAL_Driver/Src/stm32f1xx_hal_cortex.o
 .debug_frame   0x0000000000000c64      0x14c ./Drivers/STM32F1xx_HAL_Driver/Src/stm32f1xx_hal_gpio.o
 .debug_frame   0x0000000000000db0      0xc5c ./Drivers/STM32F1xx_HAL_Driver/Src/stm32f1xx_hal_i2c.o
 .debug_frame   0x0000000000001a0c      0x578 ./Drivers/STM32F1xx_HAL_Driver/Src/stm32f1xx_hal_pcd.o
 .debug_frame   0x0000000000001f84       0xb0 ./Drivers/STM32F1xx_HAL_Driver/Src/stm32f1xx_hal_pcd_ex.o
 .debug_frame   0x0000000000002034      0x21c ./Drivers/STM32F1xx_HAL_Driver/Src/stm32f1xx_hal_rcc.o
 .debug_frame   0x0000000000002250       0x84 ./Drivers/STM32F1xx_HAL_Driver/Src/stm32f1xx_hal_rcc_ex.o
 .debug_frame   0x00000000000022d4      0x450 ./Drivers/STM32F1xx_HAL_Driver/Src/stm32f1xx_ll_usb.o
 .debug_frame   0x0000000000002724      0x190 ./Middlewares/ST/STM32_USB_Device_Library/Class/HID/Src/usbd_hid.o
 .debug_frame   0x00000000000028b4      0x300 ./Middlewares/ST/STM32_USB_Device_Library/Core/Src/usbd_core.o
 .debug_frame   0x0000000000002bb4      0x218 ./Middlewares/ST/STM32_USB_Device_Library/Core/Src/usbd_ctlreq.o
 .debug_frame   0x0000000000002dcc      0x10c ./Middlewares/ST/STM32_USB_Device_Library/Core/Src/usbd_ioreq.o
 .debug_frame   0x0000000000002ed8       0x2c ./USB_DEVICE/App/usb_device.o
 .debug_frame   0x0000000000002f04      0x160 ./USB_DEVICE/App/usbd_desc.o
 .debug_frame   0x0000000000003064      0x4a4 ./USB_DEVICE/Target/usbd_conf.o
 .debug_frame   0x0000000000003508       0x2c c:/st/stm32cubeide_1.10.1/stm32cubeide/plugins/com.st.stm32cube.ide.mcu.externaltools.gnu-tools-for-stm32.10.3-2021.10.win32_1.0.0.202111181127/tools/bin/../lib/gcc/arm-none-eabi/10.3.1/../../../../arm-none-eabi/lib/thumb/v7-m/nofp\libc_nano.a(lib_a-init.o)
 .debug_frame   0x0000000000003534       0x20 c:/st/stm32cubeide_1.10.1/stm32cubeide/plugins/com.st.stm32cube.ide.mcu.externaltools.gnu-tools-for-stm32.10.3-2021.10.win32_1.0.0.202111181127/tools/bin/../lib/gcc/arm-none-eabi/10.3.1/../../../../arm-none-eabi/lib/thumb/v7-m/nofp\libc_nano.a(lib_a-memset.o)
