../Core/test/Unity/unity.c:78:13:UnityPrintChar	16	static
../Core/test/Unity/unity.c:128:6:UnityPrint	24	static
../Core/test/Unity/unity.c:150:6:UnityPrintLen	24	static
../Core/test/Unity/unity.c:188:6:UnityPrintNumberByStyle	16	static
../Core/test/Unity/unity.c:239:6:UnityPrintNumber	24	static
../Core/test/Unity/unity.c:254:6:UnityPrintNumberUnsigned	24	static
../Core/test/Unity/unity.c:273:6:UnityPrintNumberHex	24	static
../Core/test/Unity/unity.c:299:6:UnityPrintMask	24	static
../Core/test/Unity/unity.c:334:6:UnityPrintFloat	80	static
../Core/test/Unity/unity.c:495:13:UnityTestResultsBegin	16	static
../Core/test/Unity/unity.c:538:13:UnityTestResultsFailBegin	16	static
../Core/test/Unity/unity.c:546:6:UnityConcludeTest	8	static
../Core/test/Unity/unity.c:570:13:UnityAddMsgIfSpecified	16	static
../Core/test/Unity/unity.c:597:13:UnityPrintExpectedAndActualStrings	16	static
../Core/test/Unity/unity.c:624:13:UnityPrintExpectedAndActualStringsLen	24	static
../Core/test/Unity/unity.c:657:12:UnityIsOneArrayNull	24	static
../Core/test/Unity/unity.c:691:6:UnityAssertBits	24	static
../Core/test/Unity/unity.c:712:6:UnityAssertEqualNumber	24	static
../Core/test/Unity/unity.c:733:6:UnityAssertGreaterOrLessOrEqualNumber	32	static
../Core/test/Unity/unity.c:781:6:UnityAssertEqualIntArray	48	static
../Core/test/Unity/unity.c:926:12:UnityFloatsWithin	40	static
../Core/test/Unity/unity.c:933:6:UnityAssertEqualFloatArray	40	static
../Core/test/Unity/unity.c:985:6:UnityAssertFloatsWithin	24	static
../Core/test/Unity/unity.c:1004:6:UnityAssertFloatsNotWithin	24	static
../Core/test/Unity/unity.c:1025:6:UnityAssertGreaterOrLessFloat	40	static
../Core/test/Unity/unity.c:1058:6:UnityAssertFloatSpecial	64	static
../Core/test/Unity/unity.c:1322:6:UnityAssertNumbersWithin	24	static
../Core/test/Unity/unity.c:1369:6:UnityAssertNumbersArrayWithin	48	static
../Core/test/Unity/unity.c:1533:6:UnityAssertEqualString	32	static
../Core/test/Unity/unity.c:1572:6:UnityAssertEqualStringLen	32	static
../Core/test/Unity/unity.c:1612:6:UnityAssertEqualStringArray	40	static
../Core/test/Unity/unity.c:1695:6:UnityAssertEqualMemory	40	static
../Core/test/Unity/unity.c:1784:20:UnityNumToPtr	16	static
../Core/test/Unity/unity.c:1810:20:UnityFloatToPtr	16	static
../Core/test/Unity/unity.c:1958:6:UnityFail	16	static
../Core/test/Unity/unity.c:1995:6:UnityIgnore	16	static
../Core/test/Unity/unity.c:2011:6:UnityMessage	16	static
../Core/test/Unity/unity.c:2027:6:UnityDefaultTestRun	24	static
../Core/test/Unity/unity.c:2049:6:UnitySetTestFile	16	static
../Core/test/Unity/unity.c:2055:6:UnityBegin	16	static
../Core/test/Unity/unity.c:2071:5:UnityEnd	8	static
